<?xml version="1.0"?>
<link_info>
   <banner>TMS320C2000 Linker PC v6.2.9</banner>
   <copyright>Copyright (c) 1996-2014 Texas Instruments Incorporated</copyright>
   <link_time>0x58f869aa</link_time>
   <link_errors>0x0</link_errors>
   <output_file>lab01_ECanBack2Back.out</output_file>
   <entry_point>
      <name>_c_int00</name>
      <address>0x3f23c5</address>
   </entry_point>
   <input_file_list>
      <input_file id="fl-5">
         <path>.\</path>
         <kind>object</kind>
         <file>adc.obj</file>
         <name>adc.obj</name>
      </input_file>
      <input_file id="fl-6">
         <path>.\</path>
         <kind>object</kind>
         <file>clk.obj</file>
         <name>clk.obj</name>
      </input_file>
      <input_file id="fl-7">
         <path>.\</path>
         <kind>object</kind>
         <file>cpu.obj</file>
         <name>cpu.obj</name>
      </input_file>
      <input_file id="fl-8">
         <path>.\</path>
         <kind>object</kind>
         <file>drv8301.obj</file>
         <name>drv8301.obj</name>
      </input_file>
      <input_file id="fl-9">
         <path>.\</path>
         <kind>object</kind>
         <file>flash.obj</file>
         <name>flash.obj</name>
      </input_file>
      <input_file id="fl-a">
         <path>.\</path>
         <kind>object</kind>
         <file>gpio.obj</file>
         <name>gpio.obj</name>
      </input_file>
      <input_file id="fl-b">
         <path>.\</path>
         <kind>object</kind>
         <file>memCopy.obj</file>
         <name>memCopy.obj</name>
      </input_file>
      <input_file id="fl-c">
         <path>.\</path>
         <kind>object</kind>
         <file>osc.obj</file>
         <name>osc.obj</name>
      </input_file>
      <input_file id="fl-d">
         <path>.\</path>
         <kind>object</kind>
         <file>pie.obj</file>
         <name>pie.obj</name>
      </input_file>
      <input_file id="fl-e">
         <path>.\</path>
         <kind>object</kind>
         <file>pll.obj</file>
         <name>pll.obj</name>
      </input_file>
      <input_file id="fl-f">
         <path>.\</path>
         <kind>object</kind>
         <file>proj_lab01.obj</file>
         <name>proj_lab01.obj</name>
      </input_file>
      <input_file id="fl-10">
         <path>.\</path>
         <kind>object</kind>
         <file>pwm.obj</file>
         <name>pwm.obj</name>
      </input_file>
      <input_file id="fl-11">
         <path>.\</path>
         <kind>object</kind>
         <file>pwr.obj</file>
         <name>pwr.obj</name>
      </input_file>
      <input_file id="fl-12">
         <path>.\</path>
         <kind>object</kind>
         <file>spi.obj</file>
         <name>spi.obj</name>
      </input_file>
      <input_file id="fl-13">
         <path>.\</path>
         <kind>object</kind>
         <file>timer.obj</file>
         <name>timer.obj</name>
      </input_file>
      <input_file id="fl-14">
         <path>.\</path>
         <kind>object</kind>
         <file>usDelay.obj</file>
         <name>usDelay.obj</name>
      </input_file>
      <input_file id="fl-15">
         <path>.\</path>
         <kind>object</kind>
         <file>user.obj</file>
         <name>user.obj</name>
      </input_file>
      <input_file id="fl-16">
         <path>.\</path>
         <kind>object</kind>
         <file>wdog.obj</file>
         <name>wdog.obj</name>
      </input_file>
      <input_file id="fl-17">
         <path>.\Include\hal\</path>
         <kind>object</kind>
         <file>hal.obj</file>
         <name>hal.obj</name>
      </input_file>
      <input_file id="fl-1a">
         <path>C:\ti\ccsv6\tools\compiler\c2000_6.2.9\lib\</path>
         <kind>archive</kind>
         <file>rts2800_ml.lib</file>
         <name>fd_mpy.obj</name>
      </input_file>
      <input_file id="fl-1b">
         <path>C:\ti\ccsv6\tools\compiler\c2000_6.2.9\lib\</path>
         <kind>archive</kind>
         <file>rts2800_ml.lib</file>
         <name>fd_tol.obj</name>
      </input_file>
      <input_file id="fl-1c">
         <path>C:\ti\ccsv6\tools\compiler\c2000_6.2.9\lib\</path>
         <kind>archive</kind>
         <file>rts2800_ml.lib</file>
         <name>fs_add.obj</name>
      </input_file>
      <input_file id="fl-1d">
         <path>C:\ti\ccsv6\tools\compiler\c2000_6.2.9\lib\</path>
         <kind>archive</kind>
         <file>rts2800_ml.lib</file>
         <name>fs_cmp.obj</name>
      </input_file>
      <input_file id="fl-1e">
         <path>C:\ti\ccsv6\tools\compiler\c2000_6.2.9\lib\</path>
         <kind>archive</kind>
         <file>rts2800_ml.lib</file>
         <name>fs_div.obj</name>
      </input_file>
      <input_file id="fl-1f">
         <path>C:\ti\ccsv6\tools\compiler\c2000_6.2.9\lib\</path>
         <kind>archive</kind>
         <file>rts2800_ml.lib</file>
         <name>fs_mpy.obj</name>
      </input_file>
      <input_file id="fl-20">
         <path>C:\ti\ccsv6\tools\compiler\c2000_6.2.9\lib\</path>
         <kind>archive</kind>
         <file>rts2800_ml.lib</file>
         <name>fs_neg.obj</name>
      </input_file>
      <input_file id="fl-21">
         <path>C:\ti\ccsv6\tools\compiler\c2000_6.2.9\lib\</path>
         <kind>archive</kind>
         <file>rts2800_ml.lib</file>
         <name>fs_tofd.obj</name>
      </input_file>
      <input_file id="fl-22">
         <path>C:\ti\ccsv6\tools\compiler\c2000_6.2.9\lib\</path>
         <kind>archive</kind>
         <file>rts2800_ml.lib</file>
         <name>fs_toi.obj</name>
      </input_file>
      <input_file id="fl-23">
         <path>C:\ti\ccsv6\tools\compiler\c2000_6.2.9\lib\</path>
         <kind>archive</kind>
         <file>rts2800_ml.lib</file>
         <name>fs_tou.obj</name>
      </input_file>
      <input_file id="fl-24">
         <path>C:\ti\ccsv6\tools\compiler\c2000_6.2.9\lib\</path>
         <kind>archive</kind>
         <file>rts2800_ml.lib</file>
         <name>fs_toul.obj</name>
      </input_file>
      <input_file id="fl-25">
         <path>C:\ti\ccsv6\tools\compiler\c2000_6.2.9\lib\</path>
         <kind>archive</kind>
         <file>rts2800_ml.lib</file>
         <name>i_tofs.obj</name>
      </input_file>
      <input_file id="fl-26">
         <path>C:\ti\ccsv6\tools\compiler\c2000_6.2.9\lib\</path>
         <kind>archive</kind>
         <file>rts2800_ml.lib</file>
         <name>u_tofs.obj</name>
      </input_file>
      <input_file id="fl-27">
         <path>C:\ti\ccsv6\tools\compiler\c2000_6.2.9\lib\</path>
         <kind>archive</kind>
         <file>rts2800_ml.lib</file>
         <name>ul_tofs.obj</name>
      </input_file>
      <input_file id="fl-28">
         <path>C:\ti\motorware\motorware_1_01_00_18\sw\modules\fast\lib\32b\f28x\f2806x\</path>
         <kind>archive</kind>
         <file>2806xRevB_FastSpinROMSymbols.lib</file>
         <name>TMS320x2806x_REVB_boot_rom_out__CTRL_setGains_tmp.obj</name>
      </input_file>
      <input_file id="fl-29">
         <path>C:\ti\motorware\motorware_1_01_00_18\sw\modules\fast\lib\32b\f28x\f2806x\</path>
         <kind>archive</kind>
         <file>2806xRevB_FastSpinROMSymbols.lib</file>
         <name>TMS320x2806x_REVB_boot_rom_out__EST_getFlux_pu_tmp.obj</name>
      </input_file>
      <input_file id="fl-2a">
         <path>C:\ti\motorware\motorware_1_01_00_18\sw\modules\fast\lib\32b\f28x\f2806x\</path>
         <kind>archive</kind>
         <file>2806xRevB_FastSpinROMSymbols.lib</file>
         <name>TMS320x2806x_REVB_boot_rom_out__EST_getLs_coarse_max_pu_tmp.obj</name>
      </input_file>
      <input_file id="fl-2b">
         <path>C:\ti\motorware\motorware_1_01_00_18\sw\modules\fast\lib\32b\f28x\f2806x\</path>
         <kind>archive</kind>
         <file>2806xRevB_FastSpinROMSymbols.lib</file>
         <name>TMS320x2806x_REVB_boot_rom_out__EST_getLs_d_H_tmp.obj</name>
      </input_file>
      <input_file id="fl-2c">
         <path>C:\ti\motorware\motorware_1_01_00_18\sw\modules\fast\lib\32b\f28x\f2806x\</path>
         <kind>archive</kind>
         <file>2806xRevB_FastSpinROMSymbols.lib</file>
         <name>TMS320x2806x_REVB_boot_rom_out__EST_getLs_d_pu_tmp.obj</name>
      </input_file>
      <input_file id="fl-2d">
         <path>C:\ti\motorware\motorware_1_01_00_18\sw\modules\fast\lib\32b\f28x\f2806x\</path>
         <kind>archive</kind>
         <file>2806xRevB_FastSpinROMSymbols.lib</file>
         <name>TMS320x2806x_REVB_boot_rom_out__EST_getLs_q_H_tmp.obj</name>
      </input_file>
      <input_file id="fl-2e">
         <path>C:\ti\motorware\motorware_1_01_00_18\sw\modules\fast\lib\32b\f28x\f2806x\</path>
         <kind>archive</kind>
         <file>2806xRevB_FastSpinROMSymbols.lib</file>
         <name>TMS320x2806x_REVB_boot_rom_out__EST_getLs_q_pu_tmp.obj</name>
      </input_file>
      <input_file id="fl-2f">
         <path>C:\ti\motorware\motorware_1_01_00_18\sw\modules\fast\lib\32b\f28x\f2806x\</path>
         <kind>archive</kind>
         <file>2806xRevB_FastSpinROMSymbols.lib</file>
         <name>TMS320x2806x_REVB_boot_rom_out__EST_getRs_Ohm_tmp.obj</name>
      </input_file>
      <input_file id="fl-30">
         <path>C:\ti\motorware\motorware_1_01_00_18\sw\modules\fast\lib\32b\f28x\f2806x\</path>
         <kind>archive</kind>
         <file>2806xRevB_FastSpinROMSymbols.lib</file>
         <name>TMS320x2806x_REVB_boot_rom_out__EST_setLs_d_pu_tmp.obj</name>
      </input_file>
      <input_file id="fl-31">
         <path>C:\ti\motorware\motorware_1_01_00_18\sw\modules\fast\lib\32b\f28x\f2806x\</path>
         <kind>archive</kind>
         <file>2806xRevB_FastSpinROMSymbols.lib</file>
         <name>TMS320x2806x_REVB_boot_rom_out__EST_setLs_qFmt_tmp.obj</name>
      </input_file>
      <input_file id="fl-32">
         <path>C:\ti\motorware\motorware_1_01_00_18\sw\modules\fast\lib\32b\f28x\f2806x\</path>
         <kind>archive</kind>
         <file>2806xRevB_FastSpinROMSymbols.lib</file>
         <name>TMS320x2806x_REVB_boot_rom_out__EST_setLs_q_pu_tmp.obj</name>
      </input_file>
      <input_file id="fl-33">
         <path>C:\ti\motorware\motorware_1_01_00_18\sw\modules\fast\lib\32b\f28x\f2806x\</path>
         <kind>archive</kind>
         <file>2806xRevB_FastSpinROMSymbols.lib</file>
         <name>TMS320x2806x_REVB_boot_rom_out__OFFSET_init_tmp.obj</name>
      </input_file>
      <input_file id="fl-34">
         <path>C:\ti\motorware\motorware_1_01_00_18\sw\modules\fast\lib\32b\f28x\f2806x\</path>
         <kind>archive</kind>
         <file>2806xRevB_FastSpinROMSymbols.lib</file>
         <name>TMS320x2806x_REVB_boot_rom_out__OFFSET_setBeta_tmp.obj</name>
      </input_file>
      <input_file id="fl-35">
         <path>C:\ti\motorware\motorware_1_01_00_18\sw\modules\fast\lib\32b\f28x\f2806x\</path>
         <kind>archive</kind>
         <file>2806xRevB_FastSpinROMSymbols.lib</file>
         <name>TMS320x2806x_REVB_boot_rom_out__OFFSET_setInitCond_tmp.obj</name>
      </input_file>
      <input_file id="fl-36">
         <path>C:\ti\motorware\motorware_1_01_00_18\sw\modules\fast\lib\32b\f28x\f2806x\</path>
         <kind>archive</kind>
         <file>2806xRevB_FastSpinROMSymbols.lib</file>
         <name>TMS320x2806x_REVB_boot_rom_out__OFFSET_setOffset_tmp.obj</name>
      </input_file>
      <input_file id="fl-37">
         <path>C:\ti\motorware\motorware_1_01_00_18\sw\modules\iqmath\lib\f28x\32b\</path>
         <kind>archive</kind>
         <file>IQmath.lib</file>
         <name>IQ30toF.obj</name>
      </input_file>
      <input_file id="fl-38">
         <path>C:\ti\ccsv6\tools\compiler\c2000_6.2.9\lib\</path>
         <kind>archive</kind>
         <file>rts2800_ml.lib</file>
         <name>boot.obj</name>
      </input_file>
      <input_file id="fl-39">
         <path>C:\ti\ccsv6\tools\compiler\c2000_6.2.9\lib\</path>
         <kind>archive</kind>
         <file>rts2800_ml.lib</file>
         <name>args_main.obj</name>
      </input_file>
      <input_file id="fl-3a">
         <path>C:\ti\ccsv6\tools\compiler\c2000_6.2.9\lib\</path>
         <kind>archive</kind>
         <file>rts2800_ml.lib</file>
         <name>exit.obj</name>
      </input_file>
      <input_file id="fl-3b">
         <path>C:\ti\ccsv6\tools\compiler\c2000_6.2.9\lib\</path>
         <kind>archive</kind>
         <file>rts2800_ml.lib</file>
         <name>_lock.obj</name>
      </input_file>
      <input_file id="fl-3c">
         <path>C:\ti\ccsv6\tools\compiler\c2000_6.2.9\lib\</path>
         <kind>archive</kind>
         <file>rts2800_ml.lib</file>
         <name>log.obj</name>
      </input_file>
      <input_file id="fl-3d">
         <path>C:\ti\ccsv6\tools\compiler\c2000_6.2.9\lib\</path>
         <kind>archive</kind>
         <file>rts2800_ml.lib</file>
         <name>errno.obj</name>
      </input_file>
      <input_file id="fl-3e">
         <path>C:\ti\ccsv6\tools\compiler\c2000_6.2.9\lib\</path>
         <kind>archive</kind>
         <file>rts2800_ml.lib</file>
         <name>frexp.obj</name>
      </input_file>
      <input_file id="fl-3f">
         <path>C:\ti\ccsv6\tools\compiler\c2000_6.2.9\lib\</path>
         <kind>archive</kind>
         <file>rts2800_ml.lib</file>
         <name>modf.obj</name>
      </input_file>
      <input_file id="fl-40">
         <path>C:\ti\ccsv6\tools\compiler\c2000_6.2.9\lib\</path>
         <kind>archive</kind>
         <file>rts2800_ml.lib</file>
         <name>fs_tol.obj</name>
      </input_file>
      <input_file id="fl-41">
         <path>C:\ti\ccsv6\tools\compiler\c2000_6.2.9\lib\</path>
         <kind>archive</kind>
         <file>rts2800_ml.lib</file>
         <name>l_tofs.obj</name>
      </input_file>
      <input_file id="fl-42">
         <path>C:\ti\ccsv6\tools\compiler\c2000_6.2.9\lib\</path>
         <kind>archive</kind>
         <file>rts2800_ml.lib</file>
         <name>pow.obj</name>
      </input_file>
      <input_file id="fl-43">
         <path>C:\ti\ccsv6\tools\compiler\c2000_6.2.9\lib\</path>
         <kind>archive</kind>
         <file>rts2800_ml.lib</file>
         <name>i_div.obj</name>
      </input_file>
      <input_file id="fl-44">
         <path>C:\ti\ccsv6\tools\compiler\c2000_6.2.9\lib\</path>
         <kind>archive</kind>
         <file>rts2800_ml.lib</file>
         <name>_log.obj</name>
      </input_file>
      <input_file id="fl-45">
         <path>C:\ti\ccsv6\tools\compiler\c2000_6.2.9\lib\</path>
         <kind>archive</kind>
         <file>rts2800_ml.lib</file>
         <name>exp.obj</name>
      </input_file>
      <input_file id="fl-46">
         <path>C:\ti\ccsv6\tools\compiler\c2000_6.2.9\lib\</path>
         <kind>archive</kind>
         <file>rts2800_ml.lib</file>
         <name>ldexp.obj</name>
      </input_file>
   </input_file_list>
   <object_component_list>
      <object_component id="oc-4a">
         <name>.cinit</name>
         <load_address>0x3f26df</load_address>
         <run_address>0x3f26df</run_address>
         <size>0xb1</size>
         <input_file_ref idref="fl-f"/>
      </object_component>
      <object_component id="oc-be">
         <name>.cinit</name>
         <load_address>0x3f2790</load_address>
         <run_address>0x3f2790</run_address>
         <size>0xa</size>
         <input_file_ref idref="fl-3b"/>
      </object_component>
      <object_component id="oc-b8">
         <name>.cinit</name>
         <load_address>0x3f279a</load_address>
         <run_address>0x3f279a</run_address>
         <size>0xa</size>
         <input_file_ref idref="fl-3a"/>
      </object_component>
      <object_component id="oc-2b">
         <name>.cinit</name>
         <load_address>0x3f27a4</load_address>
         <run_address>0x3f27a4</run_address>
         <size>0x4</size>
         <input_file_ref idref="fl-8"/>
      </object_component>
      <object_component id="oc-c8">
         <name>.cinit</name>
         <load_address>0x3f27a8</load_address>
         <run_address>0x3f27a8</run_address>
         <size>0x4</size>
         <input_file_ref idref="fl-3d"/>
      </object_component>
      <object_component id="oc-f5">
         <name>.text</name>
         <load_address>0x3f0000</load_address>
         <run_address>0x3f0000</run_address>
         <size>0xa6f</size>
         <input_file_ref idref="fl-17"/>
      </object_component>
      <object_component id="oc-f6">
         <name>.text</name>
         <load_address>0x3f0a6f</load_address>
         <run_address>0x3f0a6f</run_address>
         <size>0x45c</size>
         <input_file_ref idref="fl-15"/>
      </object_component>
      <object_component id="oc-fb">
         <name>.text</name>
         <load_address>0x3f0ecb</load_address>
         <run_address>0x3f0ecb</run_address>
         <size>0x2f1</size>
         <input_file_ref idref="fl-10"/>
      </object_component>
      <object_component id="oc-f7">
         <name>.text</name>
         <load_address>0x3f11bc</load_address>
         <run_address>0x3f11bc</run_address>
         <size>0x2b8</size>
         <input_file_ref idref="fl-8"/>
      </object_component>
      <object_component id="oc-f3">
         <name>.text</name>
         <load_address>0x3f1474</load_address>
         <run_address>0x3f1474</run_address>
         <size>0x2b5</size>
         <input_file_ref idref="fl-f"/>
      </object_component>
      <object_component id="oc-fe">
         <name>.text</name>
         <load_address>0x3f1729</load_address>
         <run_address>0x3f1729</run_address>
         <size>0x1fb</size>
         <input_file_ref idref="fl-5"/>
      </object_component>
      <object_component id="oc-f1">
         <name>.text</name>
         <load_address>0x3f1924</load_address>
         <run_address>0x3f1924</run_address>
         <size>0x194</size>
         <input_file_ref idref="fl-a"/>
      </object_component>
      <object_component id="oc-fa">
         <name>.text</name>
         <load_address>0x3f1ab8</load_address>
         <run_address>0x3f1ab8</run_address>
         <size>0x18a</size>
         <input_file_ref idref="fl-6"/>
      </object_component>
      <object_component id="oc-fd">
         <name>.text</name>
         <load_address>0x3f1c42</load_address>
         <run_address>0x3f1c42</run_address>
         <size>0x10e</size>
         <input_file_ref idref="fl-d"/>
      </object_component>
      <object_component id="oc-4e">
         <name>.text:retain</name>
         <load_address>0x3f1d50</load_address>
         <run_address>0x3f1d50</run_address>
         <size>0xb1</size>
         <input_file_ref idref="fl-f"/>
      </object_component>
      <object_component id="oc-105">
         <name>.text</name>
         <load_address>0x3f1e01</load_address>
         <run_address>0x3f1e01</run_address>
         <size>0xaa</size>
         <input_file_ref idref="fl-3c"/>
      </object_component>
      <object_component id="oc-f9">
         <name>.text</name>
         <load_address>0x3f1eab</load_address>
         <run_address>0x3f1eab</run_address>
         <size>0xa9</size>
         <input_file_ref idref="fl-12"/>
      </object_component>
      <object_component id="oc-10b">
         <name>.text</name>
         <load_address>0x3f1f54</load_address>
         <run_address>0x3f1f54</run_address>
         <size>0x9d</size>
         <input_file_ref idref="fl-45"/>
      </object_component>
      <object_component id="oc-10a">
         <name>.text</name>
         <load_address>0x3f1ff1</load_address>
         <run_address>0x3f1ff1</run_address>
         <size>0x8d</size>
         <input_file_ref idref="fl-44"/>
      </object_component>
      <object_component id="oc-107">
         <name>.text</name>
         <load_address>0x3f207e</load_address>
         <run_address>0x3f207e</run_address>
         <size>0x87</size>
         <input_file_ref idref="fl-42"/>
      </object_component>
      <object_component id="oc-75">
         <name>.text</name>
         <load_address>0x3f2105</load_address>
         <run_address>0x3f2105</run_address>
         <size>0x83</size>
         <input_file_ref idref="fl-1a"/>
      </object_component>
      <object_component id="oc-85">
         <name>.text</name>
         <load_address>0x3f2188</load_address>
         <run_address>0x3f2188</run_address>
         <size>0x83</size>
         <input_file_ref idref="fl-1e"/>
      </object_component>
      <object_component id="oc-7d">
         <name>.text</name>
         <load_address>0x3f220b</load_address>
         <run_address>0x3f220b</run_address>
         <size>0x78</size>
         <input_file_ref idref="fl-1c"/>
      </object_component>
      <object_component id="oc-fc">
         <name>.text</name>
         <load_address>0x3f2283</load_address>
         <run_address>0x3f2283</run_address>
         <size>0x5b</size>
         <input_file_ref idref="fl-e"/>
      </object_component>
      <object_component id="oc-89">
         <name>.text</name>
         <load_address>0x3f22de</load_address>
         <run_address>0x3f22de</run_address>
         <size>0x5a</size>
         <input_file_ref idref="fl-1f"/>
      </object_component>
      <object_component id="oc-104">
         <name>.text</name>
         <load_address>0x3f2338</load_address>
         <run_address>0x3f2338</run_address>
         <size>0x47</size>
         <input_file_ref idref="fl-11"/>
      </object_component>
      <object_component id="oc-102">
         <name>.text</name>
         <load_address>0x3f237f</load_address>
         <run_address>0x3f237f</run_address>
         <size>0x46</size>
         <input_file_ref idref="fl-16"/>
      </object_component>
      <object_component id="oc-1c">
         <name>.text</name>
         <load_address>0x3f23c5</load_address>
         <run_address>0x3f23c5</run_address>
         <size>0x44</size>
         <input_file_ref idref="fl-38"/>
      </object_component>
      <object_component id="oc-10c">
         <name>.text</name>
         <load_address>0x3f2409</load_address>
         <run_address>0x3f2409</run_address>
         <size>0x3f</size>
         <input_file_ref idref="fl-46"/>
      </object_component>
      <object_component id="oc-f8">
         <name>.text</name>
         <load_address>0x3f2448</load_address>
         <run_address>0x3f2448</run_address>
         <size>0x32</size>
         <input_file_ref idref="fl-13"/>
      </object_component>
      <object_component id="oc-106">
         <name>.text</name>
         <load_address>0x3f247a</load_address>
         <run_address>0x3f247a</run_address>
         <size>0x31</size>
         <input_file_ref idref="fl-3f"/>
      </object_component>
      <object_component id="oc-ff">
         <name>.text</name>
         <load_address>0x3f24ab</load_address>
         <run_address>0x3f24ab</run_address>
         <size>0x2d</size>
         <input_file_ref idref="fl-c"/>
      </object_component>
      <object_component id="oc-d3">
         <name>.text</name>
         <load_address>0x3f24d8</load_address>
         <run_address>0x3f24d8</run_address>
         <size>0x29</size>
         <input_file_ref idref="fl-40"/>
      </object_component>
      <object_component id="oc-100">
         <name>.text</name>
         <load_address>0x3f2501</load_address>
         <run_address>0x3f2501</run_address>
         <size>0x27</size>
         <input_file_ref idref="fl-7"/>
      </object_component>
      <object_component id="oc-95">
         <name>.text</name>
         <load_address>0x3f2528</load_address>
         <run_address>0x3f2528</run_address>
         <size>0x25</size>
         <input_file_ref idref="fl-22"/>
      </object_component>
      <object_component id="oc-df">
         <name>.text</name>
         <load_address>0x3f254d</load_address>
         <run_address>0x3f254d</run_address>
         <size>0x22</size>
         <input_file_ref idref="fl-43"/>
      </object_component>
      <object_component id="oc-9d">
         <name>.text</name>
         <load_address>0x3f256f</load_address>
         <run_address>0x3f256f</run_address>
         <size>0x21</size>
         <input_file_ref idref="fl-24"/>
      </object_component>
      <object_component id="oc-103">
         <name>.text</name>
         <load_address>0x3f2590</load_address>
         <run_address>0x3f2590</run_address>
         <size>0x20</size>
         <input_file_ref idref="fl-9"/>
      </object_component>
      <object_component id="oc-79">
         <name>.text</name>
         <load_address>0x3f25b0</load_address>
         <run_address>0x3f25b0</run_address>
         <size>0x1f</size>
         <input_file_ref idref="fl-1b"/>
      </object_component>
      <object_component id="oc-99">
         <name>.text</name>
         <load_address>0x3f25cf</load_address>
         <run_address>0x3f25cf</run_address>
         <size>0x1d</size>
         <input_file_ref idref="fl-23"/>
      </object_component>
      <object_component id="oc-91">
         <name>.text</name>
         <load_address>0x3f25ec</load_address>
         <run_address>0x3f25ec</run_address>
         <size>0x1c</size>
         <input_file_ref idref="fl-21"/>
      </object_component>
      <object_component id="oc-a1">
         <name>.text</name>
         <load_address>0x3f2608</load_address>
         <run_address>0x3f2608</run_address>
         <size>0x1a</size>
         <input_file_ref idref="fl-25"/>
      </object_component>
      <object_component id="oc-d7">
         <name>.text</name>
         <load_address>0x3f2622</load_address>
         <run_address>0x3f2622</run_address>
         <size>0x1a</size>
         <input_file_ref idref="fl-41"/>
      </object_component>
      <object_component id="oc-ef">
         <name>.text</name>
         <load_address>0x3f263c</load_address>
         <run_address>0x3f263c</run_address>
         <size>0x19</size>
         <input_file_ref idref="fl-39"/>
      </object_component>
      <object_component id="oc-f0">
         <name>.text</name>
         <load_address>0x3f2655</load_address>
         <run_address>0x3f2655</run_address>
         <size>0x19</size>
         <input_file_ref idref="fl-3a"/>
      </object_component>
      <object_component id="oc-81">
         <name>.text</name>
         <load_address>0x3f266e</load_address>
         <run_address>0x3f266e</run_address>
         <size>0x17</size>
         <input_file_ref idref="fl-1d"/>
      </object_component>
      <object_component id="oc-109">
         <name>.text</name>
         <load_address>0x3f2685</load_address>
         <run_address>0x3f2685</run_address>
         <size>0x14</size>
         <input_file_ref idref="fl-3e"/>
      </object_component>
      <object_component id="oc-a9">
         <name>.text</name>
         <load_address>0x3f2699</load_address>
         <run_address>0x3f2699</run_address>
         <size>0x13</size>
         <input_file_ref idref="fl-27"/>
      </object_component>
      <object_component id="oc-f4">
         <name>.text</name>
         <load_address>0x3f26ac</load_address>
         <run_address>0x3f26ac</run_address>
         <size>0x10</size>
         <input_file_ref idref="fl-b"/>
      </object_component>
      <object_component id="oc-a5">
         <name>.text</name>
         <load_address>0x3f26bc</load_address>
         <run_address>0x3f26bc</run_address>
         <size>0x10</size>
         <input_file_ref idref="fl-26"/>
      </object_component>
      <object_component id="oc-f2">
         <name>.text</name>
         <load_address>0x3f26cc</load_address>
         <run_address>0x3f26cc</run_address>
         <size>0x9</size>
         <input_file_ref idref="fl-3b"/>
      </object_component>
      <object_component id="oc-41">
         <name>.text:retain</name>
         <load_address>0x3f26d5</load_address>
         <run_address>0x3f26d5</run_address>
         <size>0x5</size>
         <input_file_ref idref="fl-d"/>
      </object_component>
      <object_component id="oc-8d">
         <name>.text</name>
         <load_address>0x3f26da</load_address>
         <run_address>0x3f26da</run_address>
         <size>0x5</size>
         <input_file_ref idref="fl-20"/>
      </object_component>
      <object_component id="oc-108">
         <name>ramfuncs</name>
         <load_address>0x3e8000</load_address>
         <run_address>0x8000</run_address>
         <size>0x32</size>
         <input_file_ref idref="fl-9"/>
      </object_component>
      <object_component id="oc-101">
         <name>ramfuncs</name>
         <load_address>0x3e8032</load_address>
         <run_address>0x8032</run_address>
         <size>0x1e</size>
         <input_file_ref idref="fl-17"/>
      </object_component>
      <object_component id="oc-62">
         <name>ramfuncs</name>
         <load_address>0x3e8050</load_address>
         <run_address>0x8050</run_address>
         <size>0x4</size>
         <input_file_ref idref="fl-14"/>
      </object_component>
      <object_component id="oc-ae">
         <name>.stack</name>
         <uninitialized>true</uninitialized>
         <run_address>0x50</run_address>
         <size>0x0</size>
         <input_file_ref idref="fl-38"/>
      </object_component>
      <object_component id="oc-130">
         <name>.stack</name>
         <uninitialized>true</uninitialized>
         <run_address>0x50</run_address>
         <size>0x0</size>
      </object_component>
      <object_component id="oc-26">
         <name>.ebss</name>
         <uninitialized>true</uninitialized>
         <run_address>0x8d76</run_address>
         <size>0x1</size>
         <input_file_ref idref="fl-7"/>
      </object_component>
      <object_component id="oc-2c">
         <name>.ebss</name>
         <uninitialized>true</uninitialized>
         <run_address>0x8d74</run_address>
         <size>0x2</size>
         <input_file_ref idref="fl-8"/>
      </object_component>
      <object_component id="oc-4b">
         <name>.ebss</name>
         <uninitialized>true</uninitialized>
         <run_address>0x8c00</run_address>
         <size>0x16c</size>
         <input_file_ref idref="fl-f"/>
      </object_component>
      <object_component id="oc-70">
         <name>.ebss</name>
         <uninitialized>true</uninitialized>
         <run_address>0x8d80</run_address>
         <size>0xa8</size>
         <input_file_ref idref="fl-17"/>
      </object_component>
      <object_component id="oc-b9">
         <name>.ebss</name>
         <uninitialized>true</uninitialized>
         <run_address>0x8d70</run_address>
         <size>0x4</size>
         <input_file_ref idref="fl-3a"/>
      </object_component>
      <object_component id="oc-bf">
         <name>.ebss</name>
         <uninitialized>true</uninitialized>
         <run_address>0x8d6c</run_address>
         <size>0x4</size>
         <input_file_ref idref="fl-3b"/>
      </object_component>
      <object_component id="oc-c9">
         <name>.ebss</name>
         <uninitialized>true</uninitialized>
         <run_address>0x8d77</run_address>
         <size>0x1</size>
         <input_file_ref idref="fl-3d"/>
      </object_component>
      <object_component id="oc-67">
         <name>.econst</name>
         <load_address>0x3f27c2</load_address>
         <run_address>0x3f27c2</run_address>
         <size>0x8</size>
         <input_file_ref idref="fl-15"/>
      </object_component>
      <object_component id="oc-71">
         <name>.econst</name>
         <load_address>0x3f27ca</load_address>
         <run_address>0x3f27ca</run_address>
         <size>0x4</size>
         <input_file_ref idref="fl-17"/>
      </object_component>
      <object_component id="oc-ad">
         <name>IQmath</name>
         <load_address>0x3f27ae</load_address>
         <run_address>0x3f27ae</run_address>
         <size>0x14</size>
         <input_file_ref idref="fl-37"/>
      </object_component>
      <object_component id="oc-4c">
         <name>ECanaRegsFile</name>
         <uninitialized>true</uninitialized>
         <run_address>0x6000</run_address>
         <size>0x34</size>
         <input_file_ref idref="fl-f"/>
      </object_component>
      <object_component id="oc-4d">
         <name>ECanaMboxesFile</name>
         <uninitialized>true</uninitialized>
         <run_address>0x6100</run_address>
         <size>0x100</size>
         <input_file_ref idref="fl-f"/>
      </object_component>
      <object_component id="oc-af">
         <name>.reset</name>
         <load_address>0x3fffc0</load_address>
         <run_address>0x3fffc0</run_address>
         <size>0x2</size>
         <input_file_ref idref="fl-38"/>
      </object_component>
      <object_component id="oc-1d">
         <name>.debug_info</name>
         <load_address>0x0</load_address>
         <run_address>0x0</run_address>
         <size>0x4379</size>
         <input_file_ref idref="fl-5"/>
      </object_component>
      <object_component id="oc-21">
         <name>.debug_info</name>
         <load_address>0x4379</load_address>
         <run_address>0x4379</run_address>
         <size>0x4d2e</size>
         <input_file_ref idref="fl-6"/>
      </object_component>
      <object_component id="oc-25">
         <name>.debug_info</name>
         <load_address>0x90a7</load_address>
         <run_address>0x90a7</run_address>
         <size>0x101d</size>
         <input_file_ref idref="fl-7"/>
      </object_component>
      <object_component id="oc-2a">
         <name>.debug_info</name>
         <load_address>0xa0c4</load_address>
         <run_address>0xa0c4</run_address>
         <size>0x4d50</size>
         <input_file_ref idref="fl-8"/>
      </object_component>
      <object_component id="oc-30">
         <name>.debug_info</name>
         <load_address>0xee14</load_address>
         <run_address>0xee14</run_address>
         <size>0x1ff4</size>
         <input_file_ref idref="fl-9"/>
      </object_component>
      <object_component id="oc-34">
         <name>.debug_info</name>
         <load_address>0x10e08</load_address>
         <run_address>0x10e08</run_address>
         <size>0x36b1</size>
         <input_file_ref idref="fl-a"/>
      </object_component>
      <object_component id="oc-38">
         <name>.debug_info</name>
         <load_address>0x144b9</load_address>
         <run_address>0x144b9</run_address>
         <size>0x474</size>
         <input_file_ref idref="fl-b"/>
      </object_component>
      <object_component id="oc-3c">
         <name>.debug_info</name>
         <load_address>0x1492d</load_address>
         <run_address>0x1492d</run_address>
         <size>0x9cd</size>
         <input_file_ref idref="fl-c"/>
      </object_component>
      <object_component id="oc-40">
         <name>.debug_info</name>
         <load_address>0x152fa</load_address>
         <run_address>0x152fa</run_address>
         <size>0x467e</size>
         <input_file_ref idref="fl-d"/>
      </object_component>
      <object_component id="oc-45">
         <name>.debug_info</name>
         <load_address>0x19978</load_address>
         <run_address>0x19978</run_address>
         <size>0x19c8</size>
         <input_file_ref idref="fl-e"/>
      </object_component>
      <object_component id="oc-49">
         <name>.debug_info</name>
         <load_address>0x1b340</load_address>
         <run_address>0x1b340</run_address>
         <size>0xb113</size>
         <input_file_ref idref="fl-f"/>
      </object_component>
      <object_component id="oc-52">
         <name>.debug_info</name>
         <load_address>0x26453</load_address>
         <run_address>0x26453</run_address>
         <size>0xaf88</size>
         <input_file_ref idref="fl-10"/>
      </object_component>
      <object_component id="oc-56">
         <name>.debug_info</name>
         <load_address>0x313db</load_address>
         <run_address>0x313db</run_address>
         <size>0x1326</size>
         <input_file_ref idref="fl-11"/>
      </object_component>
      <object_component id="oc-5a">
         <name>.debug_info</name>
         <load_address>0x32701</load_address>
         <run_address>0x32701</run_address>
         <size>0x3ae7</size>
         <input_file_ref idref="fl-12"/>
      </object_component>
      <object_component id="oc-5e">
         <name>.debug_info</name>
         <load_address>0x361e8</load_address>
         <run_address>0x361e8</run_address>
         <size>0xeb4</size>
         <input_file_ref idref="fl-13"/>
      </object_component>
      <object_component id="oc-63">
         <name>.debug_info</name>
         <load_address>0x3709c</load_address>
         <run_address>0x3709c</run_address>
         <size>0x16f</size>
         <input_file_ref idref="fl-14"/>
      </object_component>
      <object_component id="oc-66">
         <name>.debug_info</name>
         <load_address>0x3720b</load_address>
         <run_address>0x3720b</run_address>
         <size>0x4927</size>
         <input_file_ref idref="fl-15"/>
      </object_component>
      <object_component id="oc-6b">
         <name>.debug_info</name>
         <load_address>0x3bb32</load_address>
         <run_address>0x3bb32</run_address>
         <size>0x1256</size>
         <input_file_ref idref="fl-16"/>
      </object_component>
      <object_component id="oc-6f">
         <name>.debug_info</name>
         <load_address>0x3cd88</load_address>
         <run_address>0x3cd88</run_address>
         <size>0x103f9</size>
         <input_file_ref idref="fl-17"/>
      </object_component>
      <object_component id="oc-76">
         <name>.debug_info</name>
         <load_address>0x4d181</load_address>
         <run_address>0x4d181</run_address>
         <size>0xc0</size>
         <input_file_ref idref="fl-1a"/>
      </object_component>
      <object_component id="oc-7a">
         <name>.debug_info</name>
         <load_address>0x4d241</load_address>
         <run_address>0x4d241</run_address>
         <size>0xc0</size>
         <input_file_ref idref="fl-1b"/>
      </object_component>
      <object_component id="oc-7e">
         <name>.debug_info</name>
         <load_address>0x4d301</load_address>
         <run_address>0x4d301</run_address>
         <size>0xc0</size>
         <input_file_ref idref="fl-1c"/>
      </object_component>
      <object_component id="oc-82">
         <name>.debug_info</name>
         <load_address>0x4d3c1</load_address>
         <run_address>0x4d3c1</run_address>
         <size>0xc0</size>
         <input_file_ref idref="fl-1d"/>
      </object_component>
      <object_component id="oc-86">
         <name>.debug_info</name>
         <load_address>0x4d481</load_address>
         <run_address>0x4d481</run_address>
         <size>0xc0</size>
         <input_file_ref idref="fl-1e"/>
      </object_component>
      <object_component id="oc-8a">
         <name>.debug_info</name>
         <load_address>0x4d541</load_address>
         <run_address>0x4d541</run_address>
         <size>0xc0</size>
         <input_file_ref idref="fl-1f"/>
      </object_component>
      <object_component id="oc-8e">
         <name>.debug_info</name>
         <load_address>0x4d601</load_address>
         <run_address>0x4d601</run_address>
         <size>0xc0</size>
         <input_file_ref idref="fl-20"/>
      </object_component>
      <object_component id="oc-92">
         <name>.debug_info</name>
         <load_address>0x4d6c1</load_address>
         <run_address>0x4d6c1</run_address>
         <size>0xc3</size>
         <input_file_ref idref="fl-21"/>
      </object_component>
      <object_component id="oc-96">
         <name>.debug_info</name>
         <load_address>0x4d784</load_address>
         <run_address>0x4d784</run_address>
         <size>0xcc</size>
         <input_file_ref idref="fl-22"/>
      </object_component>
      <object_component id="oc-9a">
         <name>.debug_info</name>
         <load_address>0x4d850</load_address>
         <run_address>0x4d850</run_address>
         <size>0xcc</size>
         <input_file_ref idref="fl-23"/>
      </object_component>
      <object_component id="oc-9e">
         <name>.debug_info</name>
         <load_address>0x4d91c</load_address>
         <run_address>0x4d91c</run_address>
         <size>0xcf</size>
         <input_file_ref idref="fl-24"/>
      </object_component>
      <object_component id="oc-a2">
         <name>.debug_info</name>
         <load_address>0x4d9eb</load_address>
         <run_address>0x4d9eb</run_address>
         <size>0xc6</size>
         <input_file_ref idref="fl-25"/>
      </object_component>
      <object_component id="oc-a6">
         <name>.debug_info</name>
         <load_address>0x4dab1</load_address>
         <run_address>0x4dab1</run_address>
         <size>0xc0</size>
         <input_file_ref idref="fl-26"/>
      </object_component>
      <object_component id="oc-aa">
         <name>.debug_info</name>
         <load_address>0x4db71</load_address>
         <run_address>0x4db71</run_address>
         <size>0xc3</size>
         <input_file_ref idref="fl-27"/>
      </object_component>
      <object_component id="oc-b0">
         <name>.debug_info</name>
         <load_address>0x4dc34</load_address>
         <run_address>0x4dc34</run_address>
         <size>0xde</size>
         <input_file_ref idref="fl-38"/>
      </object_component>
      <object_component id="oc-b3">
         <name>.debug_info</name>
         <load_address>0x4dd12</load_address>
         <run_address>0x4dd12</run_address>
         <size>0x3bd</size>
         <input_file_ref idref="fl-39"/>
      </object_component>
      <object_component id="oc-b7">
         <name>.debug_info</name>
         <load_address>0x4e0cf</load_address>
         <run_address>0x4e0cf</run_address>
         <size>0x3d6</size>
         <input_file_ref idref="fl-3a"/>
      </object_component>
      <object_component id="oc-bd">
         <name>.debug_info</name>
         <load_address>0x4e4a5</load_address>
         <run_address>0x4e4a5</run_address>
         <size>0x3fc</size>
         <input_file_ref idref="fl-3b"/>
      </object_component>
      <object_component id="oc-c3">
         <name>.debug_info</name>
         <load_address>0x4e8a1</load_address>
         <run_address>0x4e8a1</run_address>
         <size>0x47d</size>
         <input_file_ref idref="fl-3c"/>
      </object_component>
      <object_component id="oc-c7">
         <name>.debug_info</name>
         <load_address>0x4ed1e</load_address>
         <run_address>0x4ed1e</run_address>
         <size>0x2a3</size>
         <input_file_ref idref="fl-3d"/>
      </object_component>
      <object_component id="oc-cb">
         <name>.debug_info</name>
         <load_address>0x4efc1</load_address>
         <run_address>0x4efc1</run_address>
         <size>0x31f</size>
         <input_file_ref idref="fl-3e"/>
      </object_component>
      <object_component id="oc-cf">
         <name>.debug_info</name>
         <load_address>0x4f2e0</load_address>
         <run_address>0x4f2e0</run_address>
         <size>0x37b</size>
         <input_file_ref idref="fl-3f"/>
      </object_component>
      <object_component id="oc-d4">
         <name>.debug_info</name>
         <load_address>0x4f65b</load_address>
         <run_address>0x4f65b</run_address>
         <size>0xcc</size>
         <input_file_ref idref="fl-40"/>
      </object_component>
      <object_component id="oc-d8">
         <name>.debug_info</name>
         <load_address>0x4f727</load_address>
         <run_address>0x4f727</run_address>
         <size>0xc6</size>
         <input_file_ref idref="fl-41"/>
      </object_component>
      <object_component id="oc-db">
         <name>.debug_info</name>
         <load_address>0x4f7ed</load_address>
         <run_address>0x4f7ed</run_address>
         <size>0x44d</size>
         <input_file_ref idref="fl-42"/>
      </object_component>
      <object_component id="oc-e0">
         <name>.debug_info</name>
         <load_address>0x4fc3a</load_address>
         <run_address>0x4fc3a</run_address>
         <size>0xeb</size>
         <input_file_ref idref="fl-43"/>
      </object_component>
      <object_component id="oc-e3">
         <name>.debug_info</name>
         <load_address>0x4fd25</load_address>
         <run_address>0x4fd25</run_address>
         <size>0x452</size>
         <input_file_ref idref="fl-44"/>
      </object_component>
      <object_component id="oc-e7">
         <name>.debug_info</name>
         <load_address>0x50177</load_address>
         <run_address>0x50177</run_address>
         <size>0x450</size>
         <input_file_ref idref="fl-45"/>
      </object_component>
      <object_component id="oc-eb">
         <name>.debug_info</name>
         <load_address>0x505c7</load_address>
         <run_address>0x505c7</run_address>
         <size>0x34b</size>
         <input_file_ref idref="fl-46"/>
      </object_component>
      <object_component id="oc-131">
         <name>.debug_info</name>
         <load_address>0x50912</load_address>
         <run_address>0x50912</run_address>
         <size>0x6f</size>
      </object_component>
      <object_component id="oc-1e">
         <name>.debug_frame</name>
         <load_address>0x0</load_address>
         <run_address>0x0</run_address>
         <size>0x364</size>
         <input_file_ref idref="fl-5"/>
      </object_component>
      <object_component id="oc-22">
         <name>.debug_frame</name>
         <load_address>0x364</load_address>
         <run_address>0x364</run_address>
         <size>0x5ec</size>
         <input_file_ref idref="fl-6"/>
      </object_component>
      <object_component id="oc-27">
         <name>.debug_frame</name>
         <load_address>0x950</load_address>
         <run_address>0x950</run_address>
         <size>0x16c</size>
         <input_file_ref idref="fl-7"/>
      </object_component>
      <object_component id="oc-2d">
         <name>.debug_frame</name>
         <load_address>0xabc</load_address>
         <run_address>0xabc</run_address>
         <size>0x486</size>
         <input_file_ref idref="fl-8"/>
      </object_component>
      <object_component id="oc-31">
         <name>.debug_frame</name>
         <load_address>0xf42</load_address>
         <run_address>0xf42</run_address>
         <size>0x1e4</size>
         <input_file_ref idref="fl-9"/>
      </object_component>
      <object_component id="oc-35">
         <name>.debug_frame</name>
         <load_address>0x1126</load_address>
         <run_address>0x1126</run_address>
         <size>0x1d4</size>
         <input_file_ref idref="fl-a"/>
      </object_component>
      <object_component id="oc-39">
         <name>.debug_frame</name>
         <load_address>0x12fa</load_address>
         <run_address>0x12fa</run_address>
         <size>0x7c</size>
         <input_file_ref idref="fl-b"/>
      </object_component>
      <object_component id="oc-3d">
         <name>.debug_frame</name>
         <load_address>0x1376</load_address>
         <run_address>0x1376</run_address>
         <size>0xc4</size>
         <input_file_ref idref="fl-c"/>
      </object_component>
      <object_component id="oc-42">
         <name>.debug_frame</name>
         <load_address>0x143a</load_address>
         <run_address>0x143a</run_address>
         <size>0x2ec</size>
         <input_file_ref idref="fl-d"/>
      </object_component>
      <object_component id="oc-46">
         <name>.debug_frame</name>
         <load_address>0x1726</load_address>
         <run_address>0x1726</run_address>
         <size>0x1fc</size>
         <input_file_ref idref="fl-e"/>
      </object_component>
      <object_component id="oc-4f">
         <name>.debug_frame</name>
         <load_address>0x1922</load_address>
         <run_address>0x1922</run_address>
         <size>0x13d</size>
         <input_file_ref idref="fl-f"/>
      </object_component>
      <object_component id="oc-53">
         <name>.debug_frame</name>
         <load_address>0x1a5f</load_address>
         <run_address>0x1a5f</run_address>
         <size>0xa6c</size>
         <input_file_ref idref="fl-10"/>
      </object_component>
      <object_component id="oc-57">
         <name>.debug_frame</name>
         <load_address>0x24cb</load_address>
         <run_address>0x24cb</run_address>
         <size>0x10c</size>
         <input_file_ref idref="fl-11"/>
      </object_component>
      <object_component id="oc-5b">
         <name>.debug_frame</name>
         <load_address>0x25d7</load_address>
         <run_address>0x25d7</run_address>
         <size>0x454</size>
         <input_file_ref idref="fl-12"/>
      </object_component>
      <object_component id="oc-5f">
         <name>.debug_frame</name>
         <load_address>0x2a2b</load_address>
         <run_address>0x2a2b</run_address>
         <size>0x124</size>
         <input_file_ref idref="fl-13"/>
      </object_component>
      <object_component id="oc-68">
         <name>.debug_frame</name>
         <load_address>0x2b4f</load_address>
         <run_address>0x2b4f</run_address>
         <size>0x26e</size>
         <input_file_ref idref="fl-15"/>
      </object_component>
      <object_component id="oc-6c">
         <name>.debug_frame</name>
         <load_address>0x2dbd</load_address>
         <run_address>0x2dbd</run_address>
         <size>0x16c</size>
         <input_file_ref idref="fl-16"/>
      </object_component>
      <object_component id="oc-72">
         <name>.debug_frame</name>
         <load_address>0x2f29</load_address>
         <run_address>0x2f29</run_address>
         <size>0x578</size>
         <input_file_ref idref="fl-17"/>
      </object_component>
      <object_component id="oc-b4">
         <name>.debug_frame</name>
         <load_address>0x34a1</load_address>
         <run_address>0x34a1</run_address>
         <size>0x7c</size>
         <input_file_ref idref="fl-39"/>
      </object_component>
      <object_component id="oc-ba">
         <name>.debug_frame</name>
         <load_address>0x351d</load_address>
         <run_address>0x351d</run_address>
         <size>0x9d</size>
         <input_file_ref idref="fl-3a"/>
      </object_component>
      <object_component id="oc-c0">
         <name>.debug_frame</name>
         <load_address>0x35ba</load_address>
         <run_address>0x35ba</run_address>
         <size>0xac</size>
         <input_file_ref idref="fl-3b"/>
      </object_component>
      <object_component id="oc-c4">
         <name>.debug_frame</name>
         <load_address>0x3666</load_address>
         <run_address>0x3666</run_address>
         <size>0x9e</size>
         <input_file_ref idref="fl-3c"/>
      </object_component>
      <object_component id="oc-cc">
         <name>.debug_frame</name>
         <load_address>0x3704</load_address>
         <run_address>0x3704</run_address>
         <size>0x82</size>
         <input_file_ref idref="fl-3e"/>
      </object_component>
      <object_component id="oc-d0">
         <name>.debug_frame</name>
         <load_address>0x3786</load_address>
         <run_address>0x3786</run_address>
         <size>0x94</size>
         <input_file_ref idref="fl-3f"/>
      </object_component>
      <object_component id="oc-dc">
         <name>.debug_frame</name>
         <load_address>0x381a</load_address>
         <run_address>0x381a</run_address>
         <size>0x9e</size>
         <input_file_ref idref="fl-42"/>
      </object_component>
      <object_component id="oc-e4">
         <name>.debug_frame</name>
         <load_address>0x38b8</load_address>
         <run_address>0x38b8</run_address>
         <size>0x9e</size>
         <input_file_ref idref="fl-44"/>
      </object_component>
      <object_component id="oc-e8">
         <name>.debug_frame</name>
         <load_address>0x3956</load_address>
         <run_address>0x3956</run_address>
         <size>0x9e</size>
         <input_file_ref idref="fl-45"/>
      </object_component>
      <object_component id="oc-ec">
         <name>.debug_frame</name>
         <load_address>0x39f4</load_address>
         <run_address>0x39f4</run_address>
         <size>0x8b</size>
         <input_file_ref idref="fl-46"/>
      </object_component>
      <object_component id="oc-1f">
         <name>.debug_line</name>
         <load_address>0x0</load_address>
         <run_address>0x0</run_address>
         <size>0x35c</size>
         <input_file_ref idref="fl-5"/>
      </object_component>
      <object_component id="oc-23">
         <name>.debug_line</name>
         <load_address>0x35c</load_address>
         <run_address>0x35c</run_address>
         <size>0x583</size>
         <input_file_ref idref="fl-6"/>
      </object_component>
      <object_component id="oc-28">
         <name>.debug_line</name>
         <load_address>0x8df</load_address>
         <run_address>0x8df</run_address>
         <size>0x14a</size>
         <input_file_ref idref="fl-7"/>
      </object_component>
      <object_component id="oc-2e">
         <name>.debug_line</name>
         <load_address>0xa29</load_address>
         <run_address>0xa29</run_address>
         <size>0x587</size>
         <input_file_ref idref="fl-8"/>
      </object_component>
      <object_component id="oc-32">
         <name>.debug_line</name>
         <load_address>0xfb0</load_address>
         <run_address>0xfb0</run_address>
         <size>0x1d2</size>
         <input_file_ref idref="fl-9"/>
      </object_component>
      <object_component id="oc-36">
         <name>.debug_line</name>
         <load_address>0x1182</load_address>
         <run_address>0x1182</run_address>
         <size>0x2a5</size>
         <input_file_ref idref="fl-a"/>
      </object_component>
      <object_component id="oc-3a">
         <name>.debug_line</name>
         <load_address>0x1427</load_address>
         <run_address>0x1427</run_address>
         <size>0x8a</size>
         <input_file_ref idref="fl-b"/>
      </object_component>
      <object_component id="oc-3e">
         <name>.debug_line</name>
         <load_address>0x14b1</load_address>
         <run_address>0x14b1</run_address>
         <size>0xd2</size>
         <input_file_ref idref="fl-c"/>
      </object_component>
      <object_component id="oc-43">
         <name>.debug_line</name>
         <load_address>0x1583</load_address>
         <run_address>0x1583</run_address>
         <size>0x32d</size>
         <input_file_ref idref="fl-d"/>
      </object_component>
      <object_component id="oc-47">
         <name>.debug_line</name>
         <load_address>0x18b0</load_address>
         <run_address>0x18b0</run_address>
         <size>0x1e1</size>
         <input_file_ref idref="fl-e"/>
      </object_component>
      <object_component id="oc-50">
         <name>.debug_line</name>
         <load_address>0x1a91</load_address>
         <run_address>0x1a91</run_address>
         <size>0x591</size>
         <input_file_ref idref="fl-f"/>
      </object_component>
      <object_component id="oc-54">
         <name>.debug_line</name>
         <load_address>0x2022</load_address>
         <run_address>0x2022</run_address>
         <size>0xa33</size>
         <input_file_ref idref="fl-10"/>
      </object_component>
      <object_component id="oc-58">
         <name>.debug_line</name>
         <load_address>0x2a55</load_address>
         <run_address>0x2a55</run_address>
         <size>0x106</size>
         <input_file_ref idref="fl-11"/>
      </object_component>
      <object_component id="oc-5c">
         <name>.debug_line</name>
         <load_address>0x2b5b</load_address>
         <run_address>0x2b5b</run_address>
         <size>0x40e</size>
         <input_file_ref idref="fl-12"/>
      </object_component>
      <object_component id="oc-60">
         <name>.debug_line</name>
         <load_address>0x2f69</load_address>
         <run_address>0x2f69</run_address>
         <size>0x11f</size>
         <input_file_ref idref="fl-13"/>
      </object_component>
      <object_component id="oc-64">
         <name>.debug_line</name>
         <load_address>0x3088</load_address>
         <run_address>0x3088</run_address>
         <size>0x7e</size>
         <input_file_ref idref="fl-14"/>
      </object_component>
      <object_component id="oc-69">
         <name>.debug_line</name>
         <load_address>0x3106</load_address>
         <run_address>0x3106</run_address>
         <size>0x4bf</size>
         <input_file_ref idref="fl-15"/>
      </object_component>
      <object_component id="oc-6d">
         <name>.debug_line</name>
         <load_address>0x35c5</load_address>
         <run_address>0x35c5</run_address>
         <size>0x169</size>
         <input_file_ref idref="fl-16"/>
      </object_component>
      <object_component id="oc-73">
         <name>.debug_line</name>
         <load_address>0x372e</load_address>
         <run_address>0x372e</run_address>
         <size>0xd01</size>
         <input_file_ref idref="fl-17"/>
      </object_component>
      <object_component id="oc-77">
         <name>.debug_line</name>
         <load_address>0x442f</load_address>
         <run_address>0x442f</run_address>
         <size>0x9f</size>
         <input_file_ref idref="fl-1a"/>
      </object_component>
      <object_component id="oc-7b">
         <name>.debug_line</name>
         <load_address>0x44ce</load_address>
         <run_address>0x44ce</run_address>
         <size>0x55</size>
         <input_file_ref idref="fl-1b"/>
      </object_component>
      <object_component id="oc-7f">
         <name>.debug_line</name>
         <load_address>0x4523</load_address>
         <run_address>0x4523</run_address>
         <size>0xa6</size>
         <input_file_ref idref="fl-1c"/>
      </object_component>
      <object_component id="oc-83">
         <name>.debug_line</name>
         <load_address>0x45c9</load_address>
         <run_address>0x45c9</run_address>
         <size>0x4f</size>
         <input_file_ref idref="fl-1d"/>
      </object_component>
      <object_component id="oc-87">
         <name>.debug_line</name>
         <load_address>0x4618</load_address>
         <run_address>0x4618</run_address>
         <size>0xa8</size>
         <input_file_ref idref="fl-1e"/>
      </object_component>
      <object_component id="oc-8b">
         <name>.debug_line</name>
         <load_address>0x46c0</load_address>
         <run_address>0x46c0</run_address>
         <size>0x8a</size>
         <input_file_ref idref="fl-1f"/>
      </object_component>
      <object_component id="oc-8f">
         <name>.debug_line</name>
         <load_address>0x474a</load_address>
         <run_address>0x474a</run_address>
         <size>0x3e</size>
         <input_file_ref idref="fl-20"/>
      </object_component>
      <object_component id="oc-93">
         <name>.debug_line</name>
         <load_address>0x4788</load_address>
         <run_address>0x4788</run_address>
         <size>0x53</size>
         <input_file_ref idref="fl-21"/>
      </object_component>
      <object_component id="oc-97">
         <name>.debug_line</name>
         <load_address>0x47db</load_address>
         <run_address>0x47db</run_address>
         <size>0x5b</size>
         <input_file_ref idref="fl-22"/>
      </object_component>
      <object_component id="oc-9b">
         <name>.debug_line</name>
         <load_address>0x4836</load_address>
         <run_address>0x4836</run_address>
         <size>0x53</size>
         <input_file_ref idref="fl-23"/>
      </object_component>
      <object_component id="oc-9f">
         <name>.debug_line</name>
         <load_address>0x4889</load_address>
         <run_address>0x4889</run_address>
         <size>0x56</size>
         <input_file_ref idref="fl-24"/>
      </object_component>
      <object_component id="oc-a3">
         <name>.debug_line</name>
         <load_address>0x48df</load_address>
         <run_address>0x48df</run_address>
         <size>0x4f</size>
         <input_file_ref idref="fl-25"/>
      </object_component>
      <object_component id="oc-a7">
         <name>.debug_line</name>
         <load_address>0x492e</load_address>
         <run_address>0x492e</run_address>
         <size>0x46</size>
         <input_file_ref idref="fl-26"/>
      </object_component>
      <object_component id="oc-ab">
         <name>.debug_line</name>
         <load_address>0x4974</load_address>
         <run_address>0x4974</run_address>
         <size>0x4c</size>
         <input_file_ref idref="fl-27"/>
      </object_component>
      <object_component id="oc-b1">
         <name>.debug_line</name>
         <load_address>0x49c0</load_address>
         <run_address>0x49c0</run_address>
         <size>0x70</size>
         <input_file_ref idref="fl-38"/>
      </object_component>
      <object_component id="oc-b5">
         <name>.debug_line</name>
         <load_address>0x4a30</load_address>
         <run_address>0x4a30</run_address>
         <size>0x56</size>
         <input_file_ref idref="fl-39"/>
      </object_component>
      <object_component id="oc-bb">
         <name>.debug_line</name>
         <load_address>0x4a86</load_address>
         <run_address>0x4a86</run_address>
         <size>0x5a</size>
         <input_file_ref idref="fl-3a"/>
      </object_component>
      <object_component id="oc-c1">
         <name>.debug_line</name>
         <load_address>0x4ae0</load_address>
         <run_address>0x4ae0</run_address>
         <size>0x5b</size>
         <input_file_ref idref="fl-3b"/>
      </object_component>
      <object_component id="oc-c5">
         <name>.debug_line</name>
         <load_address>0x4b3b</load_address>
         <run_address>0x4b3b</run_address>
         <size>0x56</size>
         <input_file_ref idref="fl-3c"/>
      </object_component>
      <object_component id="oc-cd">
         <name>.debug_line</name>
         <load_address>0x4b91</load_address>
         <run_address>0x4b91</run_address>
         <size>0x41</size>
         <input_file_ref idref="fl-3e"/>
      </object_component>
      <object_component id="oc-d1">
         <name>.debug_line</name>
         <load_address>0x4bd2</load_address>
         <run_address>0x4bd2</run_address>
         <size>0x43</size>
         <input_file_ref idref="fl-3f"/>
      </object_component>
      <object_component id="oc-d5">
         <name>.debug_line</name>
         <load_address>0x4c15</load_address>
         <run_address>0x4c15</run_address>
         <size>0x5d</size>
         <input_file_ref idref="fl-40"/>
      </object_component>
      <object_component id="oc-d9">
         <name>.debug_line</name>
         <load_address>0x4c72</load_address>
         <run_address>0x4c72</run_address>
         <size>0x50</size>
         <input_file_ref idref="fl-41"/>
      </object_component>
      <object_component id="oc-dd">
         <name>.debug_line</name>
         <load_address>0x4cc2</load_address>
         <run_address>0x4cc2</run_address>
         <size>0x70</size>
         <input_file_ref idref="fl-42"/>
      </object_component>
      <object_component id="oc-e1">
         <name>.debug_line</name>
         <load_address>0x4d32</load_address>
         <run_address>0x4d32</run_address>
         <size>0x66</size>
         <input_file_ref idref="fl-43"/>
      </object_component>
      <object_component id="oc-e5">
         <name>.debug_line</name>
         <load_address>0x4d98</load_address>
         <run_address>0x4d98</run_address>
         <size>0x50</size>
         <input_file_ref idref="fl-44"/>
      </object_component>
      <object_component id="oc-e9">
         <name>.debug_line</name>
         <load_address>0x4de8</load_address>
         <run_address>0x4de8</run_address>
         <size>0x4b</size>
         <input_file_ref idref="fl-45"/>
      </object_component>
      <object_component id="oc-ed">
         <name>.debug_line</name>
         <load_address>0x4e33</load_address>
         <run_address>0x4e33</run_address>
         <size>0x48</size>
         <input_file_ref idref="fl-46"/>
      </object_component>
      <object_component id="oc-20">
         <name>.debug_abbrev</name>
         <load_address>0x0</load_address>
         <run_address>0x0</run_address>
         <size>0x17a</size>
         <input_file_ref idref="fl-5"/>
      </object_component>
      <object_component id="oc-24">
         <name>.debug_abbrev</name>
         <load_address>0x17a</load_address>
         <run_address>0x17a</run_address>
         <size>0x15d</size>
         <input_file_ref idref="fl-6"/>
      </object_component>
      <object_component id="oc-29">
         <name>.debug_abbrev</name>
         <load_address>0x2d7</load_address>
         <run_address>0x2d7</run_address>
         <size>0x10a</size>
         <input_file_ref idref="fl-7"/>
      </object_component>
      <object_component id="oc-2f">
         <name>.debug_abbrev</name>
         <load_address>0x3e1</load_address>
         <run_address>0x3e1</run_address>
         <size>0x1c2</size>
         <input_file_ref idref="fl-8"/>
      </object_component>
      <object_component id="oc-33">
         <name>.debug_abbrev</name>
         <load_address>0x5a3</load_address>
         <run_address>0x5a3</run_address>
         <size>0x14b</size>
         <input_file_ref idref="fl-9"/>
      </object_component>
      <object_component id="oc-37">
         <name>.debug_abbrev</name>
         <load_address>0x6ee</load_address>
         <run_address>0x6ee</run_address>
         <size>0x154</size>
         <input_file_ref idref="fl-a"/>
      </object_component>
      <object_component id="oc-3b">
         <name>.debug_abbrev</name>
         <load_address>0x842</load_address>
         <run_address>0x842</run_address>
         <size>0x9a</size>
         <input_file_ref idref="fl-b"/>
      </object_component>
      <object_component id="oc-3f">
         <name>.debug_abbrev</name>
         <load_address>0x8dc</load_address>
         <run_address>0x8dc</run_address>
         <size>0xf8</size>
         <input_file_ref idref="fl-c"/>
      </object_component>
      <object_component id="oc-44">
         <name>.debug_abbrev</name>
         <load_address>0x9d4</load_address>
         <run_address>0x9d4</run_address>
         <size>0x179</size>
         <input_file_ref idref="fl-d"/>
      </object_component>
      <object_component id="oc-48">
         <name>.debug_abbrev</name>
         <load_address>0xb4d</load_address>
         <run_address>0xb4d</run_address>
         <size>0x15d</size>
         <input_file_ref idref="fl-e"/>
      </object_component>
      <object_component id="oc-51">
         <name>.debug_abbrev</name>
         <load_address>0xcaa</load_address>
         <run_address>0xcaa</run_address>
         <size>0x1d4</size>
         <input_file_ref idref="fl-f"/>
      </object_component>
      <object_component id="oc-55">
         <name>.debug_abbrev</name>
         <load_address>0xe7e</load_address>
         <run_address>0xe7e</run_address>
         <size>0x166</size>
         <input_file_ref idref="fl-10"/>
      </object_component>
      <object_component id="oc-59">
         <name>.debug_abbrev</name>
         <load_address>0xfe4</load_address>
         <run_address>0xfe4</run_address>
         <size>0x10a</size>
         <input_file_ref idref="fl-11"/>
      </object_component>
      <object_component id="oc-5d">
         <name>.debug_abbrev</name>
         <load_address>0x10ee</load_address>
         <run_address>0x10ee</run_address>
         <size>0x15d</size>
         <input_file_ref idref="fl-12"/>
      </object_component>
      <object_component id="oc-61">
         <name>.debug_abbrev</name>
         <load_address>0x124b</load_address>
         <run_address>0x124b</run_address>
         <size>0x10a</size>
         <input_file_ref idref="fl-13"/>
      </object_component>
      <object_component id="oc-65">
         <name>.debug_abbrev</name>
         <load_address>0x1355</load_address>
         <run_address>0x1355</run_address>
         <size>0x2c</size>
         <input_file_ref idref="fl-14"/>
      </object_component>
      <object_component id="oc-6a">
         <name>.debug_abbrev</name>
         <load_address>0x1381</load_address>
         <run_address>0x1381</run_address>
         <size>0x18b</size>
         <input_file_ref idref="fl-15"/>
      </object_component>
      <object_component id="oc-6e">
         <name>.debug_abbrev</name>
         <load_address>0x150c</load_address>
         <run_address>0x150c</run_address>
         <size>0x10a</size>
         <input_file_ref idref="fl-16"/>
      </object_component>
      <object_component id="oc-74">
         <name>.debug_abbrev</name>
         <load_address>0x1616</load_address>
         <run_address>0x1616</run_address>
         <size>0x21a</size>
         <input_file_ref idref="fl-17"/>
      </object_component>
      <object_component id="oc-78">
         <name>.debug_abbrev</name>
         <load_address>0x1830</load_address>
         <run_address>0x1830</run_address>
         <size>0x35</size>
         <input_file_ref idref="fl-1a"/>
      </object_component>
      <object_component id="oc-7c">
         <name>.debug_abbrev</name>
         <load_address>0x1865</load_address>
         <run_address>0x1865</run_address>
         <size>0x35</size>
         <input_file_ref idref="fl-1b"/>
      </object_component>
      <object_component id="oc-80">
         <name>.debug_abbrev</name>
         <load_address>0x189a</load_address>
         <run_address>0x189a</run_address>
         <size>0x35</size>
         <input_file_ref idref="fl-1c"/>
      </object_component>
      <object_component id="oc-84">
         <name>.debug_abbrev</name>
         <load_address>0x18cf</load_address>
         <run_address>0x18cf</run_address>
         <size>0x35</size>
         <input_file_ref idref="fl-1d"/>
      </object_component>
      <object_component id="oc-88">
         <name>.debug_abbrev</name>
         <load_address>0x1904</load_address>
         <run_address>0x1904</run_address>
         <size>0x35</size>
         <input_file_ref idref="fl-1e"/>
      </object_component>
      <object_component id="oc-8c">
         <name>.debug_abbrev</name>
         <load_address>0x1939</load_address>
         <run_address>0x1939</run_address>
         <size>0x35</size>
         <input_file_ref idref="fl-1f"/>
      </object_component>
      <object_component id="oc-90">
         <name>.debug_abbrev</name>
         <load_address>0x196e</load_address>
         <run_address>0x196e</run_address>
         <size>0x35</size>
         <input_file_ref idref="fl-20"/>
      </object_component>
      <object_component id="oc-94">
         <name>.debug_abbrev</name>
         <load_address>0x19a3</load_address>
         <run_address>0x19a3</run_address>
         <size>0x35</size>
         <input_file_ref idref="fl-21"/>
      </object_component>
      <object_component id="oc-98">
         <name>.debug_abbrev</name>
         <load_address>0x19d8</load_address>
         <run_address>0x19d8</run_address>
         <size>0x35</size>
         <input_file_ref idref="fl-22"/>
      </object_component>
      <object_component id="oc-9c">
         <name>.debug_abbrev</name>
         <load_address>0x1a0d</load_address>
         <run_address>0x1a0d</run_address>
         <size>0x35</size>
         <input_file_ref idref="fl-23"/>
      </object_component>
      <object_component id="oc-a0">
         <name>.debug_abbrev</name>
         <load_address>0x1a42</load_address>
         <run_address>0x1a42</run_address>
         <size>0x35</size>
         <input_file_ref idref="fl-24"/>
      </object_component>
      <object_component id="oc-a4">
         <name>.debug_abbrev</name>
         <load_address>0x1a77</load_address>
         <run_address>0x1a77</run_address>
         <size>0x35</size>
         <input_file_ref idref="fl-25"/>
      </object_component>
      <object_component id="oc-a8">
         <name>.debug_abbrev</name>
         <load_address>0x1aac</load_address>
         <run_address>0x1aac</run_address>
         <size>0x35</size>
         <input_file_ref idref="fl-26"/>
      </object_component>
      <object_component id="oc-ac">
         <name>.debug_abbrev</name>
         <load_address>0x1ae1</load_address>
         <run_address>0x1ae1</run_address>
         <size>0x35</size>
         <input_file_ref idref="fl-27"/>
      </object_component>
      <object_component id="oc-b2">
         <name>.debug_abbrev</name>
         <load_address>0x1b16</load_address>
         <run_address>0x1b16</run_address>
         <size>0x43</size>
         <input_file_ref idref="fl-38"/>
      </object_component>
      <object_component id="oc-b6">
         <name>.debug_abbrev</name>
         <load_address>0x1b59</load_address>
         <run_address>0x1b59</run_address>
         <size>0xed</size>
         <input_file_ref idref="fl-39"/>
      </object_component>
      <object_component id="oc-bc">
         <name>.debug_abbrev</name>
         <load_address>0x1c46</load_address>
         <run_address>0x1c46</run_address>
         <size>0x10c</size>
         <input_file_ref idref="fl-3a"/>
      </object_component>
      <object_component id="oc-c2">
         <name>.debug_abbrev</name>
         <load_address>0x1d52</load_address>
         <run_address>0x1d52</run_address>
         <size>0xa9</size>
         <input_file_ref idref="fl-3b"/>
      </object_component>
      <object_component id="oc-c6">
         <name>.debug_abbrev</name>
         <load_address>0x1dfb</load_address>
         <run_address>0x1dfb</run_address>
         <size>0xc9</size>
         <input_file_ref idref="fl-3c"/>
      </object_component>
      <object_component id="oc-ca">
         <name>.debug_abbrev</name>
         <load_address>0x1ec4</load_address>
         <run_address>0x1ec4</run_address>
         <size>0x35</size>
         <input_file_ref idref="fl-3d"/>
      </object_component>
      <object_component id="oc-ce">
         <name>.debug_abbrev</name>
         <load_address>0x1ef9</load_address>
         <run_address>0x1ef9</run_address>
         <size>0x94</size>
         <input_file_ref idref="fl-3e"/>
      </object_component>
      <object_component id="oc-d2">
         <name>.debug_abbrev</name>
         <load_address>0x1f8d</load_address>
         <run_address>0x1f8d</run_address>
         <size>0xa2</size>
         <input_file_ref idref="fl-3f"/>
      </object_component>
      <object_component id="oc-d6">
         <name>.debug_abbrev</name>
         <load_address>0x202f</load_address>
         <run_address>0x202f</run_address>
         <size>0x35</size>
         <input_file_ref idref="fl-40"/>
      </object_component>
      <object_component id="oc-da">
         <name>.debug_abbrev</name>
         <load_address>0x2064</load_address>
         <run_address>0x2064</run_address>
         <size>0x35</size>
         <input_file_ref idref="fl-41"/>
      </object_component>
      <object_component id="oc-de">
         <name>.debug_abbrev</name>
         <load_address>0x2099</load_address>
         <run_address>0x2099</run_address>
         <size>0xc0</size>
         <input_file_ref idref="fl-42"/>
      </object_component>
      <object_component id="oc-e2">
         <name>.debug_abbrev</name>
         <load_address>0x2159</load_address>
         <run_address>0x2159</run_address>
         <size>0x35</size>
         <input_file_ref idref="fl-43"/>
      </object_component>
      <object_component id="oc-e6">
         <name>.debug_abbrev</name>
         <load_address>0x218e</load_address>
         <run_address>0x218e</run_address>
         <size>0xb9</size>
         <input_file_ref idref="fl-44"/>
      </object_component>
      <object_component id="oc-ea">
         <name>.debug_abbrev</name>
         <load_address>0x2247</load_address>
         <run_address>0x2247</run_address>
         <size>0xc0</size>
         <input_file_ref idref="fl-45"/>
      </object_component>
      <object_component id="oc-ee">
         <name>.debug_abbrev</name>
         <load_address>0x2307</load_address>
         <run_address>0x2307</run_address>
         <size>0xa9</size>
         <input_file_ref idref="fl-46"/>
      </object_component>
      <object_component id="oc-132">
         <name>.debug_abbrev</name>
         <load_address>0x23b0</load_address>
         <run_address>0x23b0</run_address>
         <size>0xd</size>
      </object_component>
   </object_component_list>
   <logical_group_list>
      <logical_group id="lg-2" display="no" color="cyan">
         <name>.cinit</name>
         <load_address>0x3f26df</load_address>
         <run_address>0x3f26df</run_address>
         <size>0xcf</size>
         <contents>
            <object_component_ref idref="oc-4a"/>
            <object_component_ref idref="oc-be"/>
            <object_component_ref idref="oc-b8"/>
            <object_component_ref idref="oc-2b"/>
            <object_component_ref idref="oc-c8"/>
         </contents>
      </logical_group>
      <logical_group id="lg-3" display="no" color="cyan">
         <name>.pinit</name>
         <run_address>0x0</run_address>
         <size>0x0</size>
         <contents>
         </contents>
      </logical_group>
      <logical_group id="lg-4" display="no" color="cyan">
         <name>.text</name>
         <load_address>0x3f0000</load_address>
         <run_address>0x3f0000</run_address>
         <size>0x26df</size>
         <contents>
            <object_component_ref idref="oc-f5"/>
            <object_component_ref idref="oc-f6"/>
            <object_component_ref idref="oc-fb"/>
            <object_component_ref idref="oc-f7"/>
            <object_component_ref idref="oc-f3"/>
            <object_component_ref idref="oc-fe"/>
            <object_component_ref idref="oc-f1"/>
            <object_component_ref idref="oc-fa"/>
            <object_component_ref idref="oc-fd"/>
            <object_component_ref idref="oc-4e"/>
            <object_component_ref idref="oc-105"/>
            <object_component_ref idref="oc-f9"/>
            <object_component_ref idref="oc-10b"/>
[...]
         <object_component_ref idref="oc-f8"/>
      </symbol>
      <symbol id="sm-2d5">
         <name>_TIMER_setPreScaler</name>
         <value>0x3f2448</value>
         <object_component_ref idref="oc-f8"/>
      </symbol>
      <symbol id="sm-2d6">
         <name>_TIMER_setDecimationFactor</name>
         <value>0x3f245a</value>
         <object_component_ref idref="oc-f8"/>
      </symbol>
      <symbol id="sm-2d7">
         <name>_TIMER_getStatus</name>
         <value>0x3f246e</value>
         <object_component_ref idref="oc-f8"/>
      </symbol>
      <symbol id="sm-2d8">
         <name>_TIMER_init</name>
         <value>0x3f2468</value>
         <object_component_ref idref="oc-f8"/>
      </symbol>
      <symbol id="sm-2d9">
         <name>_TIMER_clearFlag</name>
         <value>0x3f2477</value>
         <object_component_ref idref="oc-f8"/>
      </symbol>
      <symbol id="sm-2da">
         <name>_TIMER_enableInt</name>
         <value>0x3f2471</value>
         <object_component_ref idref="oc-f8"/>
      </symbol>
      <symbol id="sm-2e2">
         <name>_usDelay</name>
         <value>0x8050</value>
         <object_component_ref idref="oc-62"/>
      </symbol>
      <symbol id="sm-2fa">
         <name>_USER_computeFlux_pu_to_VpHz_sf</name>
         <value>0x3f0dbd</value>
         <object_component_ref idref="oc-f6"/>
      </symbol>
      <symbol id="sm-2fb">
         <name>_USER_calcPIgains</name>
         <value>0x3f0e1a</value>
         <object_component_ref idref="oc-f6"/>
      </symbol>
      <symbol id="sm-2fc">
         <name>_USER_computeTorque_Ls_Id_Iq_pu_to_Nm_sf</name>
         <value>0x3f0cde</value>
         <object_component_ref idref="oc-f6"/>
      </symbol>
      <symbol id="sm-2fd">
         <name>_USER_computeTorque_lbin</name>
         <value>0x3f0c3b</value>
         <object_component_ref idref="oc-f6"/>
      </symbol>
      <symbol id="sm-2fe">
         <name>_USER_getErrorCode</name>
         <value>0x3f0c38</value>
         <object_component_ref idref="oc-f6"/>
      </symbol>
      <symbol id="sm-2ff">
         <name>_USER_computeFlux</name>
         <value>0x3f0e08</value>
         <object_component_ref idref="oc-f6"/>
      </symbol>
      <symbol id="sm-300">
         <name>_USER_checkForErrors</name>
         <value>0x3f0e16</value>
         <object_component_ref idref="oc-f6"/>
      </symbol>
      <symbol id="sm-301">
         <name>_USER_computeFlux_pu_to_Wb_sf</name>
         <value>0x3f0d72</value>
         <object_component_ref idref="oc-f6"/>
      </symbol>
      <symbol id="sm-302">
         <name>_USER_computeTorque_Flux_Iq_pu_to_Nm_sf</name>
         <value>0x3f0d27</value>
         <object_component_ref idref="oc-f6"/>
      </symbol>
      <symbol id="sm-303">
         <name>_USER_softwareUpdate1p6</name>
         <value>0x3f0a6f</value>
         <object_component_ref idref="oc-f6"/>
      </symbol>
      <symbol id="sm-304">
         <name>_USER_setErrorCode</name>
         <value>0x3f0c35</value>
         <object_component_ref idref="oc-f6"/>
      </symbol>
      <symbol id="sm-305">
         <name>_USER_setParams</name>
         <value>0x3f0afd</value>
         <object_component_ref idref="oc-f6"/>
      </symbol>
      <symbol id="sm-306">
         <name>_USER_computeTorque_Nm</name>
         <value>0x3f0c92</value>
         <object_component_ref idref="oc-f6"/>
      </symbol>
      <symbol id="sm-311">
         <name>_WDOG_disableInt</name>
         <value>0x3f23af</value>
         <object_component_ref idref="oc-102"/>
      </symbol>
      <symbol id="sm-312">
         <name>_WDOG_setPreScaler</name>
         <value>0x3f237f</value>
         <object_component_ref idref="oc-102"/>
      </symbol>
      <symbol id="sm-313">
         <name>_WDOG_enableInt</name>
         <value>0x3f239a</value>
         <object_component_ref idref="oc-102"/>
      </symbol>
      <symbol id="sm-314">
         <name>_WDOG_enable</name>
         <value>0x3f23a0</value>
         <object_component_ref idref="oc-102"/>
      </symbol>
      <symbol id="sm-315">
         <name>_WDOG_setCount</name>
         <value>0x3f2389</value>
         <object_component_ref idref="oc-102"/>
      </symbol>
      <symbol id="sm-316">
         <name>_WDOG_init</name>
         <value>0x3f238b</value>
         <object_component_ref idref="oc-102"/>
      </symbol>
      <symbol id="sm-317">
         <name>_WDOG_getIntStatus</name>
         <value>0x3f2391</value>
         <object_component_ref idref="oc-102"/>
      </symbol>
      <symbol id="sm-318">
         <name>_WDOG_disable</name>
         <value>0x3f23b5</value>
         <object_component_ref idref="oc-102"/>
      </symbol>
      <symbol id="sm-319">
         <name>_WDOG_enableOverRide</name>
         <value>0x3f2394</value>
         <object_component_ref idref="oc-102"/>
      </symbol>
      <symbol id="sm-31a">
         <name>_WDOG_disableOverRide</name>
         <value>0x3f23a9</value>
         <object_component_ref idref="oc-102"/>
      </symbol>
      <symbol id="sm-31b">
         <name>_WDOG_clearCounter</name>
         <value>0x3f23bd</value>
         <object_component_ref idref="oc-102"/>
      </symbol>
      <symbol id="sm-34b">
         <name>_HAL_cal</name>
         <value>0x3f0829</value>
         <object_component_ref idref="oc-f5"/>
      </symbol>
      <symbol id="sm-34c">
         <name>_HAL_AdcCalChanSelect</name>
         <value>0x3f0562</value>
         <object_component_ref idref="oc-f5"/>
      </symbol>
      <symbol id="sm-34d">
         <name>_HAL_setupSpiA</name>
         <value>0x3f008b</value>
         <object_component_ref idref="oc-f5"/>
      </symbol>
      <symbol id="sm-34e">
         <name>_HAL_setupSpiB</name>
         <value>0x3f0055</value>
         <object_component_ref idref="oc-f5"/>
      </symbol>
      <symbol id="sm-34f">
         <name>_HAL_setupGpios</name>
         <value>0x3f02bc</value>
         <object_component_ref idref="oc-f5"/>
      </symbol>
      <symbol id="sm-350">
         <name>_HAL_setupFlash</name>
         <value>0x8032</value>
         <object_component_ref idref="oc-101"/>
      </symbol>
      <symbol id="sm-351">
         <name>_HAL_setupFaults</name>
         <value>0x3f046d</value>
         <object_component_ref idref="oc-f5"/>
      </symbol>
      <symbol id="sm-352">
         <name>_hal</name>
         <value>0x8d80</value>
         <object_component_ref idref="oc-70"/>
      </symbol>
      <symbol id="sm-353">
         <name>_HAL_AdcOffsetSelfCal</name>
         <value>0x3f0711</value>
         <object_component_ref idref="oc-f5"/>
      </symbol>
      <symbol id="sm-354">
         <name>_HAL_enablePwmInt</name>
         <value>0x3f0a3b</value>
         <object_component_ref idref="oc-f5"/>
      </symbol>
      <symbol id="sm-355">
         <name>_HAL_setupPeripheralClks</name>
         <value>0x3f0265</value>
         <object_component_ref idref="oc-f5"/>
      </symbol>
      <symbol id="sm-356">
         <name>_HAL_AdcCalConversion</name>
         <value>0x3f05b9</value>
         <object_component_ref idref="oc-f5"/>
      </symbol>
      <symbol id="sm-357">
         <name>_HAL_disableWdog</name>
         <value>0x3f0960</value>
         <object_component_ref idref="oc-f5"/>
      </symbol>
      <symbol id="sm-358">
         <name>_HAL_setupPie</name>
         <value>0x3f0249</value>
         <object_component_ref idref="oc-f5"/>
      </symbol>
      <symbol id="sm-359">
         <name>_HAL_init</name>
         <value>0x3f0965</value>
         <object_component_ref idref="oc-f5"/>
      </symbol>
      <symbol id="sm-35a">
         <name>_HAL_setupAdcs</name>
         <value>0x3f04ad</value>
         <object_component_ref idref="oc-f5"/>
      </symbol>
      <symbol id="sm-35b">
         <name>_HAL_setupPwmDacs</name>
         <value>0x3f0189</value>
         <object_component_ref idref="oc-f5"/>
      </symbol>
      <symbol id="sm-35c">
         <name>_HAL_getOscTrimValue</name>
         <value>0x3f0744</value>
         <object_component_ref idref="oc-f5"/>
      </symbol>
      <symbol id="sm-35d">
         <name>_HAL_disableGlobalInts</name>
         <value>0x3f0a6b</value>
         <object_component_ref idref="oc-f5"/>
      </symbol>
      <symbol id="sm-35e">
         <name>_HAL_osc1Comp</name>
         <value>0x3f0758</value>
         <object_component_ref idref="oc-f5"/>
      </symbol>
      <symbol id="sm-35f">
         <name>_HAL_readDrvData</name>
         <value>0x3f095b</value>
         <object_component_ref idref="oc-f5"/>
      </symbol>
      <symbol id="sm-360">
         <name>_HAL_setupPll</name>
         <value>0x3f020b</value>
         <object_component_ref idref="oc-f5"/>
      </symbol>
      <symbol id="sm-361">
         <name>_HAL_enableTimer0Int</name>
         <value>0x3f0a2b</value>
         <object_component_ref idref="oc-f5"/>
      </symbol>
      <symbol id="sm-362">
         <name>_HAL_setParams</name>
         <value>0x3f0840</value>
         <object_component_ref idref="oc-f5"/>
      </symbol>
      <symbol id="sm-363">
         <name>_HAL_setupDrvSpi</name>
         <value>0x3f048c</value>
         <object_component_ref idref="oc-f5"/>
      </symbol>
      <symbol id="sm-364">
         <name>_HAL_enableAdcInts</name>
         <value>0x3f0a59</value>
         <object_component_ref idref="oc-f5"/>
      </symbol>
      <symbol id="sm-365">
         <name>_HAL_enableGlobalInts</name>
         <value>0x3f0a4c</value>
         <object_component_ref idref="oc-f5"/>
      </symbol>
      <symbol id="sm-366">
         <name>_HAL_enableDrv</name>
         <value>0x3f0a50</value>
         <object_component_ref idref="oc-f5"/>
      </symbol>
      <symbol id="sm-367">
         <name>_HAL_setDacParameters</name>
         <value>0x3f0946</value>
         <object_component_ref idref="oc-f5"/>
      </symbol>
      <symbol id="sm-368">
         <name>_HAL_setupPwms</name>
         <value>0x3f00c1</value>
         <object_component_ref idref="oc-f5"/>
      </symbol>
      <symbol id="sm-369">
         <name>_HAL_writeDrvData</name>
         <value>0x3f0000</value>
         <object_component_ref idref="oc-f5"/>
      </symbol>
      <symbol id="sm-36a">
         <name>_HAL_setupGate</name>
         <value>0x3f0458</value>
         <object_component_ref idref="oc-f5"/>
      </symbol>
      <symbol id="sm-36b">
         <name>_HAL_osc2Comp</name>
         <value>0x3f0797</value>
         <object_component_ref idref="oc-f5"/>
      </symbol>
      <symbol id="sm-36c">
         <name>_HAL_setupClks</name>
         <value>0x3f0491</value>
         <object_component_ref idref="oc-f5"/>
      </symbol>
      <symbol id="sm-36d">
         <name>_HAL_setupTimers</name>
         <value>0x3f0005</value>
         <object_component_ref idref="oc-f5"/>
      </symbol>
      <symbol id="sm-36e">
         <name>_HAL_OscTempComp</name>
         <value>0x3f07d6</value>
         <object_component_ref idref="oc-f5"/>
      </symbol>
      <symbol id="sm-36f">
         <name>_HAL_enableDebugInt</name>
         <value>0x3f0a55</value>
         <object_component_ref idref="oc-f5"/>
      </symbol>
      <symbol id="sm-37d">
         <name>FD$$MPY</name>
         <value>0x3f2105</value>
         <object_component_ref idref="oc-75"/>
      </symbol>
      <symbol id="sm-388">
         <name>FD$$TOL</name>
         <value>0x3f25b0</value>
         <object_component_ref idref="oc-79"/>
      </symbol>
      <symbol id="sm-39e">
         <name>FS$$ADD</name>
         <value>0x3f2210</value>
         <object_component_ref idref="oc-7d"/>
      </symbol>
      <symbol id="sm-39f">
         <name>FS$$SUB</name>
         <value>0x3f220b</value>
         <object_component_ref idref="oc-7d"/>
      </symbol>
      <symbol id="sm-3ad">
         <name>FS$$CMP</name>
         <value>0x3f266e</value>
         <object_component_ref idref="oc-81"/>
      </symbol>
      <symbol id="sm-3ba">
         <name>FS$$DIV</name>
         <value>0x3f2188</value>
         <object_component_ref idref="oc-85"/>
      </symbol>
      <symbol id="sm-3c7">
         <name>FS$$MPY</name>
         <value>0x3f22de</value>
         <object_component_ref idref="oc-89"/>
      </symbol>
      <symbol id="sm-3d0">
         <name>FS$$NEG</name>
         <value>0x3f26da</value>
         <object_component_ref idref="oc-8d"/>
      </symbol>
      <symbol id="sm-3dc">
         <name>FS$$TOFD</name>
         <value>0x3f25ec</value>
         <object_component_ref idref="oc-91"/>
      </symbol>
      <symbol id="sm-3e9">
         <name>FS$$TOI</name>
         <value>0x3f2528</value>
         <object_component_ref idref="oc-95"/>
      </symbol>
      <symbol id="sm-3f6">
         <name>FS$$TOU</name>
         <value>0x3f25cf</value>
         <object_component_ref idref="oc-99"/>
      </symbol>
      <symbol id="sm-403">
         <name>FS$$TOUL</name>
         <value>0x3f256f</value>
         <object_component_ref idref="oc-9d"/>
      </symbol>
      <symbol id="sm-40e">
         <name>I$$TOFS</name>
         <value>0x3f2608</value>
         <object_component_ref idref="oc-a1"/>
      </symbol>
      <symbol id="sm-418">
         <name>U$$TOFS</name>
         <value>0x3f26bc</value>
         <object_component_ref idref="oc-a5"/>
      </symbol>
      <symbol id="sm-424">
         <name>UL$$TOFS</name>
         <value>0x3f2699</value>
         <object_component_ref idref="oc-a9"/>
      </symbol>
      <symbol id="sm-426">
         <name>_CTRL_setGains</name>
         <value>0x3fa83e</value>
      </symbol>
      <symbol id="sm-428">
         <name>_EST_getFlux_pu</name>
         <value>0x3f96ab</value>
      </symbol>
      <symbol id="sm-42a">
         <name>_EST_getLs_coarse_max_pu</name>
         <value>0x3f95ff</value>
      </symbol>
      <symbol id="sm-42c">
         <name>_EST_getLs_d_H</name>
         <value>0x3f95f5</value>
      </symbol>
      <symbol id="sm-42e">
         <name>_EST_getLs_d_pu</name>
         <value>0x3f95f0</value>
      </symbol>
      <symbol id="sm-430">
         <name>_EST_getLs_q_H</name>
         <value>0x3f95ce</value>
      </symbol>
      <symbol id="sm-432">
         <name>_EST_getLs_q_pu</name>
         <value>0x3f95c9</value>
      </symbol>
      <symbol id="sm-434">
         <name>_EST_getRs_Ohm</name>
         <value>0x3f9513</value>
      </symbol>
      <symbol id="sm-436">
         <name>_EST_setLs_d_pu</name>
         <value>0x3f8b45</value>
      </symbol>
      <symbol id="sm-438">
         <name>_EST_setLs_qFmt</name>
         <value>0x3f8af1</value>
      </symbol>
      <symbol id="sm-43a">
         <name>_EST_setLs_q_pu</name>
         <value>0x3f8ae7</value>
      </symbol>
      <symbol id="sm-43c">
         <name>_OFFSET_init</name>
         <value>0x3fb4dc</value>
      </symbol>
      <symbol id="sm-43e">
         <name>_OFFSET_setBeta</name>
         <value>0x3fb4c6</value>
      </symbol>
      <symbol id="sm-440">
         <name>_OFFSET_setInitCond</name>
         <value>0x3fb4bd</value>
      </symbol>
      <symbol id="sm-442">
         <name>_OFFSET_setOffset</name>
         <value>0x3fb4bb</value>
      </symbol>
      <symbol id="sm-44c">
         <name>__IQ30toF</name>
         <value>0x3f27ae</value>
         <object_component_ref idref="oc-ad"/>
      </symbol>
      <symbol id="sm-460">
         <name>_c_int00</name>
         <value>0x3f23c5</value>
         <object_component_ref idref="oc-1c"/>
      </symbol>
      <symbol id="sm-461">
         <name>__stack</name>
         <value>0x50</value>
         <object_component_ref idref="oc-ae"/>
      </symbol>
      <symbol id="sm-46d">
         <name>__args_main</name>
         <value>0x3f263c</value>
         <object_component_ref idref="oc-ef"/>
      </symbol>
      <symbol id="sm-46e">
         <name>__TI_args_main</name>
         <value>0x1</value>
      </symbol>
      <symbol id="sm-47f">
         <name>C$$EXIT</name>
         <value>0x3f2655</value>
         <object_component_ref idref="oc-f0"/>
      </symbol>
      <symbol id="sm-480">
         <name>_exit</name>
         <value>0x3f2657</value>
         <object_component_ref idref="oc-f0"/>
      </symbol>
      <symbol id="sm-481">
         <name>___TI_cleanup_ptr</name>
         <value>0x8d70</value>
         <object_component_ref idref="oc-b9"/>
      </symbol>
      <symbol id="sm-482">
         <name>_abort</name>
         <value>0x3f2655</value>
         <object_component_ref idref="oc-f0"/>
      </symbol>
      <symbol id="sm-483">
         <name>___TI_dtors_ptr</name>
         <value>0x8d72</value>
         <object_component_ref idref="oc-b9"/>
      </symbol>
      <symbol id="sm-491">
         <name>__unlock</name>
         <value>0x8d6c</value>
         <object_component_ref idref="oc-bf"/>
      </symbol>
      <symbol id="sm-492">
         <name>__lock</name>
         <value>0x8d6e</value>
         <object_component_ref idref="oc-bf"/>
      </symbol>
      <symbol id="sm-493">
         <name>__register_lock</name>
         <value>0x3f26d0</value>
         <object_component_ref idref="oc-f2"/>
      </symbol>
      <symbol id="sm-494">
         <name>__nop</name>
         <value>0x3f26d4</value>
         <object_component_ref idref="oc-f2"/>
      </symbol>
      <symbol id="sm-495">
         <name>__register_unlock</name>
         <value>0x3f26cc</value>
         <object_component_ref idref="oc-f2"/>
      </symbol>
      <symbol id="sm-4a5">
         <name>_log</name>
         <value>0x3f1e01</value>
         <object_component_ref idref="oc-105"/>
      </symbol>
      <symbol id="sm-4af">
         <name>_errno</name>
         <value>0x8d77</value>
         <object_component_ref idref="oc-c9"/>
      </symbol>
      <symbol id="sm-4bc">
         <name>_frexp</name>
         <value>0x3f2685</value>
         <object_component_ref idref="oc-109"/>
      </symbol>
      <symbol id="sm-4c9">
         <name>_modf</name>
         <value>0x3f247a</value>
         <object_component_ref idref="oc-106"/>
      </symbol>
      <symbol id="sm-4d8">
         <name>FS$$TOL</name>
         <value>0x3f24d8</value>
         <object_component_ref idref="oc-d3"/>
      </symbol>
      <symbol id="sm-4e3">
         <name>L$$TOFS</name>
         <value>0x3f2622</value>
         <object_component_ref idref="oc-d7"/>
      </symbol>
      <symbol id="sm-4f6">
         <name>_pow</name>
         <value>0x3f207e</value>
         <object_component_ref idref="oc-107"/>
      </symbol>
      <symbol id="sm-500">
         <name>I$$MOD</name>
         <value>0x3f255e</value>
         <object_component_ref idref="oc-df"/>
      </symbol>
      <symbol id="sm-501">
         <name>I$$DIV</name>
         <value>0x3f254d</value>
         <object_component_ref idref="oc-df"/>
      </symbol>
      <symbol id="sm-50d">
         <name>__log</name>
         <value>0x3f1ff1</value>
         <object_component_ref idref="oc-10a"/>
      </symbol>
      <symbol id="sm-51b">
         <name>_exp</name>
         <value>0x3f1f54</value>
         <object_component_ref idref="oc-10b"/>
      </symbol>
      <symbol id="sm-52a">
         <name>_ldexp</name>
         <value>0x3f2409</value>
         <object_component_ref idref="oc-10c"/>
      </symbol>
   </symbol_table>
   <title>Link successful</title>
</link_info>
