******************************************************************************
             TMS320C2000 Linker PC v6.2.9                      
******************************************************************************
>> Linked Thu Apr 20 09:56:26 2017

OUTPUT FILE NAME:   <lab01_ECanBack2Back.out>
ENTRY POINT SYMBOL: "_c_int00"  address: 003f23c5


MEMORY CONFIGURATION

         name            origin    length      used     unused   attr    fill
----------------------  --------  ---------  --------  --------  ----  --------
PAGE 0:
  RAML0_1               00008000   00000c00  00000054  00000bac  RWIX
  OTP                   003d7800   00000400  00000000  00000400  RWIX
  FLASHH                003d8000   00004000  00000000  00004000  RWIX
  FLASHG                003dc000   00004000  00000000  00004000  RWIX
  FLASHF                003e0000   00004000  00000000  00004000  RWIX
  FLASHE                003e4000   00004000  00000000  00004000  RWIX
  FLASHD                003e8000   00004000  00000054  00003fac  RWIX
  FLASHC                003ec000   00004000  00000000  00004000  RWIX
  FLASHA_B              003f0000   00007f80  000027ce  000057b2  RWIX
  CSM_RSVD              003f7f80   00000076  00000000  00000076  RWIX
  BEGIN                 003f7ff6   00000002  00000000  00000002  RWIX
  CSM_PWL_P0            003f7ff8   00000008  00000000  00000008  RWIX
  FPUTABLES             003fd590   000006a0  00000000  000006a0  RWIX
  IQTABLES              003fdc30   00000b50  00000000  00000b50  RWIX
  IQTABLES2             003fe780   0000008c  00000000  0000008c  RWIX
  IQTABLES3             003fe80c   000000aa  00000000  000000aa  RWIX
  ROM                   003ff3b0   00000c10  00000000  00000c10  RWIX
  RESET                 003fffc0   00000002  00000000  00000002  RWIX
  VECTORS               003fffc2   0000003e  00000000  0000003e  RWIX

PAGE 1:
  BOOT_RSVD             00000000   00000050  00000000  00000050  RWIX
  RAMM0                 00000050   000003b0  000003b0  00000000  RWIX
  RAMM1                 00000400   00000400  00000000  00000400  RWIX
  ECANA                 00006000   00000040  00000034  0000000c  RWIX
  ECANA_LAM             00006040   00000040  00000000  00000040  RWIX
  ECANA_MOTS            00006080   00000040  00000000  00000040  RWIX
  ECANA_MOTO            000060c0   00000040  00000000  00000040  RWIX
  ECANA_MBOX            00006100   00000100  00000100  00000000  RWIX
  RAML2_3               00008c00   00001400  00000228  000011d8  RWIX
  RAML4                 0000a000   00002000  00000000  00002000  RWIX
  RAML5                 0000c000   00002000  00000000  00002000  RWIX
  RAML6                 0000e000   00002000  00000000  00002000  RWIX
  RAML7                 00010000   00002000  00000000  00002000  RWIX
  RAML8                 00012000   00001800  00000000  00001800  RWIX
  USB_RAM               00040000   00000800  00000000  00000800  RWIX


SECTION ALLOCATION MAP

 output                                  attributes/
section   page    origin      length       input sections
--------  ----  ----------  ----------   ----------------
.pinit     0    003f0000    00000000     UNINITIALIZED

ramfuncs   0    003e8000    00000054     RUN ADDR = 00008000
                  003e8000    00000032     flash.obj (ramfuncs)
                  003e8032    0000001e     hal.obj (ramfuncs)
                  003e8050    00000004     usDelay.obj (ramfuncs)

.text      0    003f0000    000026df     
                  003f0000    00000a6f     hal.obj (.text)
                  003f0a6f    0000045c     user.obj (.text)
                  003f0ecb    000002f1     pwm.obj (.text)
                  003f11bc    000002b8     drv8301.obj (.text)
                  003f1474    000002b5     proj_lab01.obj (.text)
                  003f1729    000001fb     adc.obj (.text)
                  003f1924    00000194     gpio.obj (.text)
                  003f1ab8    0000018a     clk.obj (.text)
                  003f1c42    0000010e     pie.obj (.text)
                  003f1d50    000000b1     proj_lab01.obj (.text:retain)
                  003f1e01    000000aa     rts2800_ml.lib : log.obj (.text)
                  003f1eab    000000a9     spi.obj (.text)
                  003f1f54    0000009d     rts2800_ml.lib : exp.obj (.text)
                  003f1ff1    0000008d                    : _log.obj (.text)
                  003f207e    00000087                    : pow.obj (.text)
                  003f2105    00000083                    : fd_mpy.obj (.text)
                  003f2188    00000083                    : fs_div.obj (.text)
                  003f220b    00000078                    : fs_add.obj (.text)
                  003f2283    0000005b     pll.obj (.text)
                  003f22de    0000005a     rts2800_ml.lib : fs_mpy.obj (.text)
                  003f2338    00000047     pwr.obj (.text)
                  003f237f    00000046     wdog.obj (.text)
                  003f23c5    00000044     rts2800_ml.lib : boot.obj (.text)
                  003f2409    0000003f                    : ldexp.obj (.text)
                  003f2448    00000032     timer.obj (.text)
                  003f247a    00000031     rts2800_ml.lib : modf.obj (.text)
                  003f24ab    0000002d     osc.obj (.text)
                  003f24d8    00000029     rts2800_ml.lib : fs_tol.obj (.text)
                  003f2501    00000027     cpu.obj (.text)
                  003f2528    00000025     rts2800_ml.lib : fs_toi.obj (.text)
                  003f254d    00000022                    : i_div.obj (.text)
                  003f256f    00000021                    : fs_toul.obj (.text)
                  003f2590    00000020     flash.obj (.text)
                  003f25b0    0000001f     rts2800_ml.lib : fd_tol.obj (.text)
                  003f25cf    0000001d                    : fs_tou.obj (.text)
                  003f25ec    0000001c                    : fs_tofd.obj (.text)
                  003f2608    0000001a                    : i_tofs.obj (.text)
                  003f2622    0000001a                    : l_tofs.obj (.text)
                  003f263c    00000019                    : args_main.obj (.text)
                  003f2655    00000019                    : exit.obj (.text)
                  003f266e    00000017                    : fs_cmp.obj (.text)
                  003f2685    00000014                    : frexp.obj (.text)
                  003f2699    00000013                    : ul_tofs.obj (.text)
                  003f26ac    00000010     memCopy.obj (.text)
                  003f26bc    00000010     rts2800_ml.lib : u_tofs.obj (.text)
                  003f26cc    00000009                    : _lock.obj (.text)
                  003f26d5    00000005     pie.obj (.text:retain)
                  003f26da    00000005     rts2800_ml.lib : fs_neg.obj (.text)

.cinit     0    003f26df    000000cf     
                  003f26df    000000b1     proj_lab01.obj (.cinit)
                  003f2790    0000000a     rts2800_ml.lib : _lock.obj (.cinit)
                  003f279a    0000000a                    : exit.obj (.cinit)
                  003f27a4    00000004     drv8301.obj (.cinit)
                  003f27a8    00000004     rts2800_ml.lib : errno.obj (.cinit)
                  003f27ac    00000002     --HOLE-- [fill = 0]

IQmath     0    003f27ae    00000014     
                  003f27ae    00000014     IQmath.lib : IQ30toF.obj (IQmath)

.econst    0    003f27c2    0000000c     
                  003f27c2    00000008     user.obj (.econst)
                  003f27ca    00000004     hal.obj (.econst)

.reset     0    003fffc0    00000002     DSECT
                  003fffc0    00000002     rts2800_ml.lib : boot.obj (.reset)

vectors    0    003fffc2    00000000     DSECT

.stack     1    00000050    000003b0     UNINITIALIZED
                  00000050    000003b0     --HOLE--

ECanaRegsFile 
*          1    00006000    00000034     UNINITIALIZED
                  00006000    00000034     proj_lab01.obj (ECanaRegsFile)

ECanaMboxesFile 
*          1    00006100    00000100     UNINITIALIZED
                  00006100    00000100     proj_lab01.obj (ECanaMboxesFile)

.ebss      1    00008c00    00000228     UNINITIALIZED
                  00008c00    0000016c     proj_lab01.obj (.ebss)
                  00008d6c    00000004     rts2800_ml.lib : _lock.obj (.ebss)
                  00008d70    00000004                    : exit.obj (.ebss)
                  00008d74    00000002     drv8301.obj (.ebss)
                  00008d76    00000001     cpu.obj (.ebss)
                  00008d77    00000001     rts2800_ml.lib : errno.obj (.ebss)
                  00008d78    00000008     --HOLE--
                  00008d80    000000a8     hal.obj (.ebss)


GLOBAL DATA SYMBOLS: SORTED BY DATA PAGE

address     data page           name
--------    ----------------    ----
00000050       1 (00000040)     __stack

00006000     180 (00006000)     _ECanaRegs

00006100     184 (00006100)     _ECanaMboxes

00008c00     230 (00008c00)     _MessageReceivedCount
00008c02     230 (00008c00)     _PassCount
00008c04     230 (00008c00)     _gLEDcnt
00008c06     230 (00008c00)     _halHandle
00008c08     230 (00008c00)     _ErrorCount
00008c0a     230 (00008c00)     _TestMbox2
00008c0c     230 (00008c00)     _TestMbox1
00008c0e     230 (00008c00)     _TestMbox3
00008c10     230 (00008c00)     _gPwmData
00008c16     230 (00008c00)     _gAdcData
00008c24     230 (00008c00)     _gDrvSpi8301Vars

00008c40     231 (00008c40)     _gMotorVars

00008cc0     233 (00008cc0)     _gUserParams

00008d6c     235 (00008d40)     __unlock
00008d6e     235 (00008d40)     __lock
00008d70     235 (00008d40)     ___TI_cleanup_ptr
00008d72     235 (00008d40)     ___TI_dtors_ptr
00008d76     235 (00008d40)     _cpu
00008d77     235 (00008d40)     _errno

00008d80     236 (00008d80)     _hal

003f27ae    fc9e (003f2780)     __IQ30toF


GLOBAL SYMBOLS: SORTED ALPHABETICALLY BY Name 

address    name
--------   ----
003f0000   .text
003f2655   C$$EXIT
003f2105   FD$$MPY
003f25b0   FD$$TOL
003f2210   FS$$ADD
003f266e   FS$$CMP
003f2188   FS$$DIV
003f22de   FS$$MPY
003f26da   FS$$NEG
003f220b   FS$$SUB
003f25ec   FS$$TOFD
003f2528   FS$$TOI
003f24d8   FS$$TOL
003f25cf   FS$$TOU
003f256f   FS$$TOUL
003f254d   I$$DIV
003f255e   I$$MOD
003f2608   I$$TOFS
003f2622   L$$TOFS
003f26bc   U$$TOFS
003f2699   UL$$TOFS
003f1919   _ADC_disable
003f190e   _ADC_disableBandGap
003f18f3   _ADC_disableInt
003f18e8   _ADC_disableNoOverlapMode
003f18dd   _ADC_disableRefBuffers
003f18d2   _ADC_disableVoltRefLoConv
003f18c7   _ADC_enable
003f18bc   _ADC_enableBandGap
003f18a5   _ADC_enableInt
003f189a   _ADC_enableNoOverlapMode
003f188f   _ADC_enableRefBuffers
003f1884   _ADC_enableVoltRefLoConv
003f187c   _ADC_getDivideSelect
003f1875   _ADC_init
003f186a   _ADC_powerDown
003f185f   _ADC_powerUp
003f1854   _ADC_reset
003f1842   _ADC_setDivideSelect
003f1825   _ADC_setIntMode
003f1813   _ADC_setIntPulseGenMode
003f17f6   _ADC_setIntSrc
003f17ef   _ADC_setOffTrim
003f17d7   _ADC_setSampleMode
003f17c2   _ADC_setSampleOverlapMode
003f17af   _ADC_setSocChanNumber
003f17a5   _ADC_setSocFrc
003f179e   _ADC_setSocFrcWord
003f178b   _ADC_setSocSampleDelay
003f1778   _ADC_setSocTrigSrc
003f1766   _ADC_setTempSensorSrc
003f1754   _ADC_setVoltRefSrc
003f1729   _ADC_setupSocTrigSrc
003f1c3b   _CLK_disableAdcClock
003f1c34   _CLK_disableClaClock
003f1c2e   _CLK_disableClkIn
003f1c2a   _CLK_disableCompClock
003f1c23   _CLK_disableCpuTimerClock
003f1c1d   _CLK_disableCrystalOsc
003f1c16   _CLK_disableEcanaClock
003f1c0f   _CLK_disableEcap1Clock
003f1c08   _CLK_disableEqep1Clock
003f1c01   _CLK_disableEqep2Clock
003f1bfa   _CLK_disableGpioInputClock
003f1bf3   _CLK_disableHrPwmClock
003f1bec   _CLK_disableI2cClock
003f1be5   _CLK_disableLinAClock
003f1bdf   _CLK_disableOsc1
003f1bd9   _CLK_disableOsc1HaltMode
003f1bd3   _CLK_disableOsc2
003f1bcd   _CLK_disableOsc2HaltMode
003f1bc3   _CLK_disablePwmClock
003f1bbc   _CLK_disableSciaClock
003f1bb5   _CLK_disableScibClock
003f1bae   _CLK_disableSpiaClock
003f1baa   _CLK_disableSpibClock
003f1ba3   _CLK_disableTbClockSync
003f1b9d   _CLK_disableWatchDogHaltMode
003f1b96   _CLK_enableAdcClock
003f1b8f   _CLK_enableClaClock
003f1b89   _CLK_enableClkIn
003f1b83   _CLK_enableCompClock
003f1b7d   _CLK_enableCpuTimerClock
003f1b77   _CLK_enableCrystalOsc
003f1b70   _CLK_enableEcanaClock
003f1b69   _CLK_enableEcap1Clock
003f1b62   _CLK_enableEqep1Clock
003f1b5b   _CLK_enableEqep2Clock
003f1b54   _CLK_enableGpioInputClock
003f1b4d   _CLK_enableHrPwmClock
003f1b46   _CLK_enableI2cClock
003f1b3f   _CLK_enableLinAClock
003f1b39   _CLK_enableOsc1
003f1b33   _CLK_enableOsc1HaltMode
003f1b2d   _CLK_enableOsc2
003f1b27   _CLK_enableOsc2HaltMode
003f1b1e   _CLK_enablePwmClock
003f1b17   _CLK_enableSciaClock
003f1b10   _CLK_enableScibClock
003f1b09   _CLK_enableSpiaClock
003f1b02   _CLK_enableSpibClock
003f1afb   _CLK_enableTbClockSync
003f1af5   _CLK_enableWatchDogHaltMode
003f1aef   _CLK_init
003f1ae8   _CLK_setClkOutPreScaler
003f1ae2   _CLK_setLowSpdPreScaler
003f1adb   _CLK_setOsc2Src
003f1ad4   _CLK_setOscSrc
003f1acd   _CLK_setTimer2PreScale
003f1ac6   _CLK_setTimer2Src
003f1abf   _CLK_setWatchDogSrc
003f1ab8   _CLK_setXClkInSrc
003f2525   _CPU_clearIntFlags
003f2522   _CPU_disableDebugInt
003f251f   _CPU_disableGlobalInts
003f251a   _CPU_disableInt
003f2517   _CPU_disableInts
003f2514   _CPU_disableProtectedRegisterWrite
003f2511   _CPU_enableDebugInt
003f250e   _CPU_enableGlobalInts
003f250a   _CPU_enableInt
003f2507   _CPU_enableProtectedRegisterWrite
003f2501   _CPU_init
003fa83e   _CTRL_setGains
003f1452   _DRV8301_enable
003f1440   _DRV8301_getDcCalMode
003f1425   _DRV8301_getFaultType
003f141f   _DRV8301_getId
003f1418   _DRV8301_getOcLevel
003f1411   _DRV8301_getOcMode
003f140a   _DRV8301_getOcOffTimeMode
003f1403   _DRV8301_getOcTwMode
003f13fc   _DRV8301_getPeakCurrent
003f13f5   _DRV8301_getPwmMode
003f13ee   _DRV8301_getShuntAmpGain
003f13e5   _DRV8301_init
003f13df   _DRV8301_isFault
003f13d8   _DRV8301_isReset
003f136d   _DRV8301_readData
003f11fb   _DRV8301_readSpi
003f135e   _DRV8301_reset
003f133f   _DRV8301_setDcCalMode
003f133d   _DRV8301_setGpioHandle
003f133b   _DRV8301_setGpioNumber
003f1327   _DRV8301_setOcLevel
003f1313   _DRV8301_setOcMode
003f12ff   _DRV8301_setOcOffTimeMode
003f12eb   _DRV8301_setOcTwMode
003f12d7   _DRV8301_setPeakCurrent
003f12c3   _DRV8301_setPwmMode
003f12af   _DRV8301_setShuntAmpGain
003f12ad   _DRV8301_setSpiHandle
003f1231   _DRV8301_setupSpi
003f11d2   _DRV8301_writeData
003f11bc   _DRV8301_writeSpi
00006100   _ECanaMboxes
00006000   _ECanaRegs
003f96ab   _EST_getFlux_pu
003f95ff   _EST_getLs_coarse_max_pu
003f95f5   _EST_getLs_d_H
003f95f0   _EST_getLs_d_pu
003f95ce   _EST_getLs_q_H
003f95c9   _EST_getLs_q_pu
003f9513   _EST_getRs_Ohm
003f8b45   _EST_setLs_d_pu
003f8af1   _EST_setLs_qFmt
003f8ae7   _EST_setLs_q_pu
00008c08   _ErrorCount
003f25aa   _FLASH_clear3VStatus
0000802c   _FLASH_disablePipelineMode
00008026   _FLASH_enablePipelineMode
003f25a7   _FLASH_get3VStatus
003f25a4   _FLASH_getActiveWaitCount
003f25a0   _FLASH_getActiveWaitStatus
003f259d   _FLASH_getPowerMode
003f259a   _FLASH_getStandbyWaitCount
003f2596   _FLASH_getStandbyWaitStatus
003f2590   _FLASH_init
00008021   _FLASH_setActiveWaitCount
0000801a   _FLASH_setNumPagedReadWaitStates
00008013   _FLASH_setNumRandomReadWaitStates
0000800c   _FLASH_setOtpWaitStates
00008005   _FLASH_setPowerMode
00008000   _FLASH_setStandbyWaitCount
003f1aa8   _GPIO_getData
003f1aa1   _GPIO_getPortData
003f1a9b   _GPIO_init
003f1a91   _GPIO_lpmSelect
003f1a6b   _GPIO_read
003f1a50   _GPIO_setDirection
003f1a45   _GPIO_setExtInt
003f1a32   _GPIO_setHigh
003f1a1f   _GPIO_setLow
003f19e5   _GPIO_setMode
003f19d9   _GPIO_setPortData
003f19be   _GPIO_setPullup
003f197e   _GPIO_setQualification
003f1937   _GPIO_setQualificationPeriod
003f1924   _GPIO_toggle
003f0562   _HAL_AdcCalChanSelect
003f05b9   _HAL_AdcCalConversion
003f0711   _HAL_AdcOffsetSelfCal
003f07d6   _HAL_OscTempComp
003f0829   _HAL_cal
003f0a6b   _HAL_disableGlobalInts
003f0960   _HAL_disableWdog
003f0a59   _HAL_enableAdcInts
003f0a55   _HAL_enableDebugInt
003f0a50   _HAL_enableDrv
003f0a4c   _HAL_enableGlobalInts
003f0a3b   _HAL_enablePwmInt
003f0a2b   _HAL_enableTimer0Int
003f0744   _HAL_getOscTrimValue
003f0965   _HAL_init
003f0758   _HAL_osc1Comp
003f0797   _HAL_osc2Comp
003f095b   _HAL_readDrvData
003f0946   _HAL_setDacParameters
003f0840   _HAL_setParams
003f04ad   _HAL_setupAdcs
003f0491   _HAL_setupClks
003f048c   _HAL_setupDrvSpi
003f046d   _HAL_setupFaults
00008032   _HAL_setupFlash
003f0458   _HAL_setupGate
003f02bc   _HAL_setupGpios
003f0265   _HAL_setupPeripheralClks
003f0249   _HAL_setupPie
003f020b   _HAL_setupPll
003f0189   _HAL_setupPwmDacs
003f00c1   _HAL_setupPwms
003f008b   _HAL_setupSpiA
003f0055   _HAL_setupSpiB
003f0005   _HAL_setupTimers
003f0000   _HAL_writeDrvData
003f1474   _InitECana
00008c00   _MessageReceivedCount
003fb4dc   _OFFSET_init
003fb4c6   _OFFSET_setBeta
003fb4bd   _OFFSET_setInitCond
003fb4bb   _OFFSET_setOffset
003f24d2   _OSC_init
003f24c5   _OSC_setCoarseTrim
003f24b4   _OSC_setFineTrim
003f24ab   _OSC_setTrim
003f1d46   _PIE_clearAllFlags
003f1d43   _PIE_clearAllInts
003f1d40   _PIE_disable
003f1d36   _PIE_disableAllInts
003f1d32   _PIE_disableCaptureInt
003f1d25   _PIE_disableExtInt
003f1d1a   _PIE_disableInt
003f1d17   _PIE_enable
003f1cfb   _PIE_enableAdcInt
003f1cf7   _PIE_enableCaptureInt
003f1cd4   _PIE_enableExtInt
003f1cca   _PIE_enableInt
003f1cc5   _PIE_enablePwmInt
003f1cc0   _PIE_enablePwmTzInt
003f1cbd   _PIE_enableTimer0Int
003f1cb3   _PIE_forceInt
003f1cab   _PIE_getExtIntCount
003f1ca4   _PIE_getIntEnables
003f1c9d   _PIE_getIntFlags
003f26d5   _PIE_illegalIsr
003f1c96   _PIE_init
003f1c87   _PIE_registerPieIntHandler
003f1c7c   _PIE_registerSystemIntHandler
003f1c70   _PIE_setDefaultIntVectorTable
003f1c60   _PIE_setExtIntPolarity
003f1c4f   _PIE_unregisterPieIntHandler
003f1c42   _PIE_unregisterSystemIntHandler
003f22d8   _PLL_disable
003f22d2   _PLL_disableClkDetect
003f22cc   _PLL_disableNormRdy
003f22c6   _PLL_disableOsc
003f22c0   _PLL_enable
003f22ba   _PLL_enableClkDetect
003f22b4   _PLL_enableNormRdy
003f22ae   _PLL_enableOsc
003f22aa   _PLL_getClkFreq
003f22a7   _PLL_getClkStatus
003f22a4   _PLL_getDivideSelect
003f22a1   _PLL_getLockStatus
003f229b   _PLL_init
003f2295   _PLL_resetClkDetect
003f228f   _PLL_setClkFreq
003f2288   _PLL_setDivideSelect
003f2283   _PLL_setLockPeriod
003f11b6   _PWM_clearTripZone
003f11b3   _PWM_decrementDeadBandFallingEdgeDelay
003f11b0   _PWM_decrementDeadBandRisingEdgeDelay
003f11a9   _PWM_disableAutoConvert
003f11a5   _PWM_disableChopping
003f11a2   _PWM_disableCounterLoad
003f119f   _PWM_disableDeadBand
003f119b   _PWM_disableDeadBandHalfCycle
003f1194   _PWM_disableDigitalCompareBlankingWindow
003f118d   _PWM_disableDigitalCompareBlankingWindowInversion
003f1186   _PWM_disableHrPeriod
003f117f   _PWM_disableHrPhaseSync
003f117b   _PWM_disableInt
003f1177   _PWM_disableSocAPulse
003f1173   _PWM_disableSocBPulse
003f116c   _PWM_disableTripZoneInt
003f1165   _PWM_disableTripZoneSrc
003f115f   _PWM_disableTripZones
003f1158   _PWM_enableAutoConvert
003f1154   _PWM_enableChopping
003f1151   _PWM_enableCounterLoad
003f114d   _PWM_enableDeadBandHalfCycle
003f1146   _PWM_enableDigitalCompareBlankingWindow
003f113f   _PWM_enableDigitalCompareBlankingWindowInversion
003f1138   _PWM_enableHrPeriod
003f1131   _PWM_enableHrPhaseSync
003f112d   _PWM_enableInt
003f1129   _PWM_enableSocAPulse
003f1125   _PWM_enableSocBPulse
003f111f   _PWM_enableTripZoneInt
003f1119   _PWM_enableTripZoneSrc
003f1116   _PWM_getDeadBandFallingEdgeDelay
003f1113   _PWM_getDeadBandRisingEdgeDelay
003f110f   _PWM_getIntCount
003f110b   _PWM_getShadowStatus_CmpA
003f1107   _PWM_getShadowStatus_CmpB
003f1102   _PWM_getSocACount
003f10fd   _PWM_getSocBCount
003f10fa   _PWM_incrementDeadBandFallingEdgeDelay
003f10f7   _PWM_incrementDeadBandRisingEdgeDelay
003f10f1   _PWM_init
003f10ea   _PWM_setActionQualContSWForce_PwmA
003f10e1   _PWM_setActionQualContSWForce_PwmB
003f10d8   _PWM_setActionQual_CntDown_CmpA_PwmA
003f10cf   _PWM_setActionQual_CntDown_CmpA_PwmB
003f10c6   _PWM_setActionQual_CntDown_CmpB_PwmA
003f10bd   _PWM_setActionQual_CntDown_CmpB_PwmB
003f10b4   _PWM_setActionQual_CntUp_CmpA_PwmA
003f10ab   _PWM_setActionQual_CntUp_CmpA_PwmB
003f10a2   _PWM_setActionQual_CntUp_CmpB_PwmA
003f1099   _PWM_setActionQual_CntUp_CmpB_PwmB
003f1090   _PWM_setActionQual_Period_PwmA
003f1087   _PWM_setActionQual_Period_PwmB
003f1080   _PWM_setActionQual_Zero_PwmA
003f1079   _PWM_setActionQual_Zero_PwmB
003f1072   _PWM_setChoppingClkFreq
003f106b   _PWM_setChoppingDutyCycle
003f1064   _PWM_setChoppingPulseWidth
003f1060   _PWM_setClkDiv
003f105e   _PWM_setCount
003f105a   _PWM_setCounterMode
003f1057   _PWM_setDeadBandFallingEdgeDelay
003f1050   _PWM_setDeadBandInputMode
003f1049   _PWM_setDeadBandOutputMode
003f1042   _PWM_setDeadBandPolarity
003f103f   _PWM_setDeadBandRisingEdgeDelay
003f1028   _PWM_setDigitalCompareAEvent1
003f1018   _PWM_setDigitalCompareAEvent2
003f1001   _PWM_setDigitalCompareBEvent1
003f0ff1   _PWM_setDigitalCompareBEvent2
003f0fe5   _PWM_setDigitalCompareBlankingPulse
003f0fe2   _PWM_setDigitalCompareFilterOffset
003f0fd8   _PWM_setDigitalCompareFilterSource
003f0fd5   _PWM_setDigitalCompareFilterWindow
003f0fc6   _PWM_setDigitalCompareInput
003f0fc2   _PWM_setHighSpeedClkDiv
003f0fb8   _PWM_setHrControlMode
003f0fae   _PWM_setHrEdgeMode
003f0fa4   _PWM_setHrShadowMode
003f0f9d   _PWM_setIntMode
003f0f96   _PWM_setIntPeriod
003f0f92   _PWM_setLoadMode_CmpA
003f0f8c   _PWM_setLoadMode_CmpB
003f0f8a   _PWM_setPeriod
003f0f85   _PWM_setPeriodHr
003f0f81   _PWM_setPeriodLoad
003f0f7f   _PWM_setPhase
003f0f7b   _PWM_setPhaseDir
003f0f77   _PWM_setRunMode
003f0f71   _PWM_setShadowMode_CmpA
003f0f6b   _PWM_setShadowMode_CmpB
003f0f62   _PWM_setSocAPeriod
003f0f58   _PWM_setSocAPulseSrc
003f0f4f   _PWM_setSocBPeriod
003f0f46   _PWM_setSocBPulseSrc
003f0f43   _PWM_setSwSync
003f0f3f   _PWM_setSyncMode
003f0f35   _PWM_setTripZoneDCEventSelect_DCAEVT1
003f0f29   _PWM_setTripZoneDCEventSelect_DCAEVT2
003f0f1d   _PWM_setTripZoneDCEventSelect_DCBEVT1
003f0f11   _PWM_setTripZoneDCEventSelect_DCBEVT2
003f0f05   _PWM_setTripZoneState_DCAEVT1
003f0ef9   _PWM_setTripZoneState_DCAEVT2
003f0eed   _PWM_setTripZoneState_DCBEVT1
003f0ee1   _PWM_setTripZoneState_DCBEVT2
003f0ed7   _PWM_setTripZoneState_TZA
003f0ecb   _PWM_setTripZoneState_TZB
003f237c   _PWR_disableBrownOutReset
003f2371   _PWR_disableWatchDogInt
003f236e   _PWR_enableBrownOutReset
003f2363   _PWR_enableWatchDogInt
003f235c   _PWR_init
003f234a   _PWR_setLowPowerMode
003f2338   _PWR_setNumStandByClocks
00008c02   _PassCount
003e8054   _RamfuncsLoadEnd
003e8000   _RamfuncsLoadStart
00008000   _RamfuncsRunStart
003f1f50   _SPI_clearRxFifoInt
003f1f4c   _SPI_clearRxFifoOvf
003f1f48   _SPI_clearTxFifoInt
003f1f45   _SPI_disableInt
003f1f42   _SPI_disableLoopBack
003f1f3f   _SPI_disableOverRunInt
003f1f3b   _SPI_disableRxFifoInt
003f1f38   _SPI_disableTx
003f1f34   _SPI_disableTxFifoEnh
003f1f30   _SPI_disableTxFifoInt
003f1f2d   _SPI_enable
003f1f29   _SPI_enableChannels
003f1f26   _SPI_enableInt
003f1f23   _SPI_enableLoopBack
003f1f20   _SPI_enableOverRunInt
003f1f1c   _SPI_enableRxFifo
003f1f18   _SPI_enableRxFifoInt
003f1f15   _SPI_enableTx
003f1f11   _SPI_enableTxFifo
003f1f0d   _SPI_enableTxFifoEnh
003f1f09   _SPI_enableTxFifoInt
003f1f06   _SPI_getIntFlagStatus
003f1f02   _SPI_getRxFifoStatus
003f1eff   _SPI_getTxBufferStatus
003f1efb   _SPI_getTxFifoStatus
003f1ef5   _SPI_init
003f1ef2   _SPI_reset
003f1eee   _SPI_resetChannels
003f1eea   _SPI_resetRxFifo
003f1ee6   _SPI_resetTxFifo
003f1ee4   _SPI_setBaudRate
003f1ee0   _SPI_setCharLength
003f1ede   _SPI_setClkPhase
003f1eda   _SPI_setClkPolarity
003f1ed8   _SPI_setMode
003f1ed1   _SPI_setPriority
003f1eca   _SPI_setRxFifoIntLevel
003f1ec3   _SPI_setSteInv
003f1ebc   _SPI_setSuspend
003f1eb5   _SPI_setTriWire
003f1eb2   _SPI_setTxDelay
003f1eab   _SPI_setTxFifoIntLevel
003f2477   _TIMER_clearFlag
003f2474   _TIMER_disableInt
003f2471   _TIMER_enableInt
003f246e   _TIMER_getStatus
003f2468   _TIMER_init
003f245a   _TIMER_setDecimationFactor
003f2456   _TIMER_setEmulationMode
003f2448   _TIMER_setPreScaler
00008c0c   _TestMbox1
00008c0a   _TestMbox2
00008c0e   _TestMbox3
003f0e1a   _USER_calcPIgains
003f0e16   _USER_checkForErrors
003f0e08   _USER_computeFlux
003f0dbd   _USER_computeFlux_pu_to_VpHz_sf
003f0d72   _USER_computeFlux_pu_to_Wb_sf
003f0d27   _USER_computeTorque_Flux_Iq_pu_to_Nm_sf
003f0cde   _USER_computeTorque_Ls_Id_Iq_pu_to_Nm_sf
003f0c92   _USER_computeTorque_Nm
003f0c3b   _USER_computeTorque_lbin
003f0c38   _USER_getErrorCode
003f0c35   _USER_setErrorCode
003f0afd   _USER_setParams
003f0a6f   _USER_softwareUpdate1p6
003f23bd   _WDOG_clearCounter
003f23b5   _WDOG_disable
003f23af   _WDOG_disableInt
003f23a9   _WDOG_disableOverRide
003f23a0   _WDOG_enable
003f239a   _WDOG_enableInt
003f2394   _WDOG_enableOverRide
003f2391   _WDOG_getIntStatus
003f238b   _WDOG_init
003f2389   _WDOG_setCount
003f237f   _WDOG_setPreScaler
003f27ae   __IQ30toF
00000400   __STACK_END
000003b0   __STACK_SIZE
00000001   __TI_args_main
00008d70   ___TI_cleanup_ptr
00008d72   ___TI_dtors_ptr
ffffffff   ___binit__
ffffffff   ___c_args__
003f26df   ___cinit__
003f26df   ___etext__
ffffffff   ___pinit__
003f0000   ___text__
003f263c   __args_main
00008d6e   __lock
003f1ff1   __log
003f26d4   __nop
003f26d0   __register_lock
003f26cc   __register_unlock
00000050   __stack
00008d6c   __unlock
003f2655   _abort
003f23c5   _c_int00
00008d76   _cpu
00008d77   _errno
003f2657   _exit
003f1f54   _exp
003f2685   _frexp
00008c16   _gAdcData
00008c24   _gDrvSpi8301Vars
00008c04   _gLEDcnt
00008c40   _gMotorVars
00008c10   _gPwmData
00008cc0   _gUserParams
00008d80   _hal
00008c06   _halHandle
003f2409   _ldexp
003f1e01   _log
003f14ed   _mailbox_check
003f14dd   _mailbox_read
003f1504   _main
003f1d50   _mainISR
003f26ac   _memCopy
003f247a   _modf
003f207e   _pow
00008050   _usDelay
ffffffff   binit
003f26df   cinit
003f26df   etext
ffffffff   pinit


GLOBAL SYMBOLS: SORTED BY Symbol Address 

address    name
--------   ----
00000001   __TI_args_main
00000050   __stack
000003b0   __STACK_SIZE
00000400   __STACK_END
00006000   _ECanaRegs
00006100   _ECanaMboxes
00008000   _FLASH_setStandbyWaitCount
00008000   _RamfuncsRunStart
00008005   _FLASH_setPowerMode
0000800c   _FLASH_setOtpWaitStates
00008013   _FLASH_setNumRandomReadWaitStates
0000801a   _FLASH_setNumPagedReadWaitStates
00008021   _FLASH_setActiveWaitCount
00008026   _FLASH_enablePipelineMode
0000802c   _FLASH_disablePipelineMode
00008032   _HAL_setupFlash
00008050   _usDelay
00008c00   _MessageReceivedCount
00008c02   _PassCount
00008c04   _gLEDcnt
00008c06   _halHandle
00008c08   _ErrorCount
00008c0a   _TestMbox2
00008c0c   _TestMbox1
00008c0e   _TestMbox3
00008c10   _gPwmData
00008c16   _gAdcData
00008c24   _gDrvSpi8301Vars
00008c40   _gMotorVars
00008cc0   _gUserParams
00008d6c   __unlock
00008d6e   __lock
00008d70   ___TI_cleanup_ptr
00008d72   ___TI_dtors_ptr
00008d76   _cpu
00008d77   _errno
00008d80   _hal
003e8000   _RamfuncsLoadStart
003e8054   _RamfuncsLoadEnd
003f0000   .text
003f0000   _HAL_writeDrvData
003f0000   ___text__
003f0005   _HAL_setupTimers
003f0055   _HAL_setupSpiB
003f008b   _HAL_setupSpiA
003f00c1   _HAL_setupPwms
003f0189   _HAL_setupPwmDacs
003f020b   _HAL_setupPll
003f0249   _HAL_setupPie
003f0265   _HAL_setupPeripheralClks
003f02bc   _HAL_setupGpios
003f0458   _HAL_setupGate
003f046d   _HAL_setupFaults
003f048c   _HAL_setupDrvSpi
003f0491   _HAL_setupClks
003f04ad   _HAL_setupAdcs
003f0562   _HAL_AdcCalChanSelect
003f05b9   _HAL_AdcCalConversion
003f0711   _HAL_AdcOffsetSelfCal
003f0744   _HAL_getOscTrimValue
003f0758   _HAL_osc1Comp
003f0797   _HAL_osc2Comp
003f07d6   _HAL_OscTempComp
003f0829   _HAL_cal
003f0840   _HAL_setParams
003f0946   _HAL_setDacParameters
003f095b   _HAL_readDrvData
003f0960   _HAL_disableWdog
003f0965   _HAL_init
003f0a2b   _HAL_enableTimer0Int
003f0a3b   _HAL_enablePwmInt
003f0a4c   _HAL_enableGlobalInts
003f0a50   _HAL_enableDrv
003f0a55   _HAL_enableDebugInt
003f0a59   _HAL_enableAdcInts
003f0a6b   _HAL_disableGlobalInts
003f0a6f   _USER_softwareUpdate1p6
003f0afd   _USER_setParams
003f0c35   _USER_setErrorCode
003f0c38   _USER_getErrorCode
003f0c3b   _USER_computeTorque_lbin
003f0c92   _USER_computeTorque_Nm
003f0cde   _USER_computeTorque_Ls_Id_Iq_pu_to_Nm_sf
003f0d27   _USER_computeTorque_Flux_Iq_pu_to_Nm_sf
003f0d72   _USER_computeFlux_pu_to_Wb_sf
003f0dbd   _USER_computeFlux_pu_to_VpHz_sf
003f0e08   _USER_computeFlux
003f0e16   _USER_checkForErrors
003f0e1a   _USER_calcPIgains
003f0ecb   _PWM_setTripZoneState_TZB
003f0ed7   _PWM_setTripZoneState_TZA
003f0ee1   _PWM_setTripZoneState_DCBEVT2
003f0eed   _PWM_setTripZoneState_DCBEVT1
003f0ef9   _PWM_setTripZoneState_DCAEVT2
003f0f05   _PWM_setTripZoneState_DCAEVT1
003f0f11   _PWM_setTripZoneDCEventSelect_DCBEVT2
003f0f1d   _PWM_setTripZoneDCEventSelect_DCBEVT1
003f0f29   _PWM_setTripZoneDCEventSelect_DCAEVT2
003f0f35   _PWM_setTripZoneDCEventSelect_DCAEVT1
003f0f3f   _PWM_setSyncMode
003f0f43   _PWM_setSwSync
003f0f46   _PWM_setSocBPulseSrc
003f0f4f   _PWM_setSocBPeriod
003f0f58   _PWM_setSocAPulseSrc
003f0f62   _PWM_setSocAPeriod
003f0f6b   _PWM_setShadowMode_CmpB
003f0f71   _PWM_setShadowMode_CmpA
003f0f77   _PWM_setRunMode
003f0f7b   _PWM_setPhaseDir
003f0f7f   _PWM_setPhase
003f0f81   _PWM_setPeriodLoad
003f0f85   _PWM_setPeriodHr
003f0f8a   _PWM_setPeriod
003f0f8c   _PWM_setLoadMode_CmpB
003f0f92   _PWM_setLoadMode_CmpA
003f0f96   _PWM_setIntPeriod
003f0f9d   _PWM_setIntMode
003f0fa4   _PWM_setHrShadowMode
003f0fae   _PWM_setHrEdgeMode
003f0fb8   _PWM_setHrControlMode
003f0fc2   _PWM_setHighSpeedClkDiv
003f0fc6   _PWM_setDigitalCompareInput
003f0fd5   _PWM_setDigitalCompareFilterWindow
003f0fd8   _PWM_setDigitalCompareFilterSource
003f0fe2   _PWM_setDigitalCompareFilterOffset
003f0fe5   _PWM_setDigitalCompareBlankingPulse
003f0ff1   _PWM_setDigitalCompareBEvent2
003f1001   _PWM_setDigitalCompareBEvent1
003f1018   _PWM_setDigitalCompareAEvent2
003f1028   _PWM_setDigitalCompareAEvent1
003f103f   _PWM_setDeadBandRisingEdgeDelay
003f1042   _PWM_setDeadBandPolarity
003f1049   _PWM_setDeadBandOutputMode
003f1050   _PWM_setDeadBandInputMode
003f1057   _PWM_setDeadBandFallingEdgeDelay
003f105a   _PWM_setCounterMode
003f105e   _PWM_setCount
003f1060   _PWM_setClkDiv
003f1064   _PWM_setChoppingPulseWidth
003f106b   _PWM_setChoppingDutyCycle
003f1072   _PWM_setChoppingClkFreq
003f1079   _PWM_setActionQual_Zero_PwmB
003f1080   _PWM_setActionQual_Zero_PwmA
003f1087   _PWM_setActionQual_Period_PwmB
003f1090   _PWM_setActionQual_Period_PwmA
003f1099   _PWM_setActionQual_CntUp_CmpB_PwmB
003f10a2   _PWM_setActionQual_CntUp_CmpB_PwmA
003f10ab   _PWM_setActionQual_CntUp_CmpA_PwmB
003f10b4   _PWM_setActionQual_CntUp_CmpA_PwmA
003f10bd   _PWM_setActionQual_CntDown_CmpB_PwmB
003f10c6   _PWM_setActionQual_CntDown_CmpB_PwmA
003f10cf   _PWM_setActionQual_CntDown_CmpA_PwmB
003f10d8   _PWM_setActionQual_CntDown_CmpA_PwmA
003f10e1   _PWM_setActionQualContSWForce_PwmB
003f10ea   _PWM_setActionQualContSWForce_PwmA
003f10f1   _PWM_init
003f10f7   _PWM_incrementDeadBandRisingEdgeDelay
003f10fa   _PWM_incrementDeadBandFallingEdgeDelay
003f10fd   _PWM_getSocBCount
003f1102   _PWM_getSocACount
003f1107   _PWM_getShadowStatus_CmpB
003f110b   _PWM_getShadowStatus_CmpA
003f110f   _PWM_getIntCount
003f1113   _PWM_getDeadBandRisingEdgeDelay
003f1116   _PWM_getDeadBandFallingEdgeDelay
003f1119   _PWM_enableTripZoneSrc
003f111f   _PWM_enableTripZoneInt
003f1125   _PWM_enableSocBPulse
003f1129   _PWM_enableSocAPulse
003f112d   _PWM_enableInt
003f1131   _PWM_enableHrPhaseSync
003f1138   _PWM_enableHrPeriod
003f113f   _PWM_enableDigitalCompareBlankingWindowInversion
003f1146   _PWM_enableDigitalCompareBlankingWindow
003f114d   _PWM_enableDeadBandHalfCycle
003f1151   _PWM_enableCounterLoad
003f1154   _PWM_enableChopping
003f1158   _PWM_enableAutoConvert
003f115f   _PWM_disableTripZones
003f1165   _PWM_disableTripZoneSrc
003f116c   _PWM_disableTripZoneInt
003f1173   _PWM_disableSocBPulse
003f1177   _PWM_disableSocAPulse
003f117b   _PWM_disableInt
003f117f   _PWM_disableHrPhaseSync
003f1186   _PWM_disableHrPeriod
003f118d   _PWM_disableDigitalCompareBlankingWindowInversion
003f1194   _PWM_disableDigitalCompareBlankingWindow
003f119b   _PWM_disableDeadBandHalfCycle
003f119f   _PWM_disableDeadBand
003f11a2   _PWM_disableCounterLoad
003f11a5   _PWM_disableChopping
003f11a9   _PWM_disableAutoConvert
003f11b0   _PWM_decrementDeadBandRisingEdgeDelay
003f11b3   _PWM_decrementDeadBandFallingEdgeDelay
003f11b6   _PWM_clearTripZone
003f11bc   _DRV8301_writeSpi
003f11d2   _DRV8301_writeData
003f11fb   _DRV8301_readSpi
003f1231   _DRV8301_setupSpi
003f12ad   _DRV8301_setSpiHandle
003f12af   _DRV8301_setShuntAmpGain
003f12c3   _DRV8301_setPwmMode
003f12d7   _DRV8301_setPeakCurrent
003f12eb   _DRV8301_setOcTwMode
003f12ff   _DRV8301_setOcOffTimeMode
003f1313   _DRV8301_setOcMode
003f1327   _DRV8301_setOcLevel
003f133b   _DRV8301_setGpioNumber
003f133d   _DRV8301_setGpioHandle
003f133f   _DRV8301_setDcCalMode
003f135e   _DRV8301_reset
003f136d   _DRV8301_readData
003f13d8   _DRV8301_isReset
003f13df   _DRV8301_isFault
003f13e5   _DRV8301_init
003f13ee   _DRV8301_getShuntAmpGain
003f13f5   _DRV8301_getPwmMode
003f13fc   _DRV8301_getPeakCurrent
003f1403   _DRV8301_getOcTwMode
003f140a   _DRV8301_getOcOffTimeMode
003f1411   _DRV8301_getOcMode
003f1418   _DRV8301_getOcLevel
003f141f   _DRV8301_getId
003f1425   _DRV8301_getFaultType
003f1440   _DRV8301_getDcCalMode
003f1452   _DRV8301_enable
003f1474   _InitECana
003f14dd   _mailbox_read
003f14ed   _mailbox_check
003f1504   _main
003f1729   _ADC_setupSocTrigSrc
003f1754   _ADC_setVoltRefSrc
003f1766   _ADC_setTempSensorSrc
003f1778   _ADC_setSocTrigSrc
003f178b   _ADC_setSocSampleDelay
003f179e   _ADC_setSocFrcWord
003f17a5   _ADC_setSocFrc
003f17af   _ADC_setSocChanNumber
003f17c2   _ADC_setSampleOverlapMode
003f17d7   _ADC_setSampleMode
003f17ef   _ADC_setOffTrim
003f17f6   _ADC_setIntSrc
003f1813   _ADC_setIntPulseGenMode
003f1825   _ADC_setIntMode
003f1842   _ADC_setDivideSelect
003f1854   _ADC_reset
003f185f   _ADC_powerUp
003f186a   _ADC_powerDown
003f1875   _ADC_init
003f187c   _ADC_getDivideSelect
003f1884   _ADC_enableVoltRefLoConv
003f188f   _ADC_enableRefBuffers
003f189a   _ADC_enableNoOverlapMode
003f18a5   _ADC_enableInt
003f18bc   _ADC_enableBandGap
003f18c7   _ADC_enable
003f18d2   _ADC_disableVoltRefLoConv
003f18dd   _ADC_disableRefBuffers
003f18e8   _ADC_disableNoOverlapMode
003f18f3   _ADC_disableInt
003f190e   _ADC_disableBandGap
003f1919   _ADC_disable
003f1924   _GPIO_toggle
003f1937   _GPIO_setQualificationPeriod
003f197e   _GPIO_setQualification
003f19be   _GPIO_setPullup
003f19d9   _GPIO_setPortData
003f19e5   _GPIO_setMode
003f1a1f   _GPIO_setLow
003f1a32   _GPIO_setHigh
003f1a45   _GPIO_setExtInt
003f1a50   _GPIO_setDirection
003f1a6b   _GPIO_read
003f1a91   _GPIO_lpmSelect
003f1a9b   _GPIO_init
003f1aa1   _GPIO_getPortData
003f1aa8   _GPIO_getData
003f1ab8   _CLK_setXClkInSrc
003f1abf   _CLK_setWatchDogSrc
003f1ac6   _CLK_setTimer2Src
003f1acd   _CLK_setTimer2PreScale
003f1ad4   _CLK_setOscSrc
003f1adb   _CLK_setOsc2Src
003f1ae2   _CLK_setLowSpdPreScaler
003f1ae8   _CLK_setClkOutPreScaler
003f1aef   _CLK_init
003f1af5   _CLK_enableWatchDogHaltMode
003f1afb   _CLK_enableTbClockSync
003f1b02   _CLK_enableSpibClock
003f1b09   _CLK_enableSpiaClock
003f1b10   _CLK_enableScibClock
003f1b17   _CLK_enableSciaClock
003f1b1e   _CLK_enablePwmClock
003f1b27   _CLK_enableOsc2HaltMode
003f1b2d   _CLK_enableOsc2
003f1b33   _CLK_enableOsc1HaltMode
003f1b39   _CLK_enableOsc1
003f1b3f   _CLK_enableLinAClock
003f1b46   _CLK_enableI2cClock
003f1b4d   _CLK_enableHrPwmClock
003f1b54   _CLK_enableGpioInputClock
003f1b5b   _CLK_enableEqep2Clock
003f1b62   _CLK_enableEqep1Clock
003f1b69   _CLK_enableEcap1Clock
003f1b70   _CLK_enableEcanaClock
003f1b77   _CLK_enableCrystalOsc
003f1b7d   _CLK_enableCpuTimerClock
003f1b83   _CLK_enableCompClock
003f1b89   _CLK_enableClkIn
003f1b8f   _CLK_enableClaClock
003f1b96   _CLK_enableAdcClock
003f1b9d   _CLK_disableWatchDogHaltMode
003f1ba3   _CLK_disableTbClockSync
003f1baa   _CLK_disableSpibClock
003f1bae   _CLK_disableSpiaClock
003f1bb5   _CLK_disableScibClock
003f1bbc   _CLK_disableSciaClock
003f1bc3   _CLK_disablePwmClock
003f1bcd   _CLK_disableOsc2HaltMode
003f1bd3   _CLK_disableOsc2
003f1bd9   _CLK_disableOsc1HaltMode
003f1bdf   _CLK_disableOsc1
003f1be5   _CLK_disableLinAClock
003f1bec   _CLK_disableI2cClock
003f1bf3   _CLK_disableHrPwmClock
003f1bfa   _CLK_disableGpioInputClock
003f1c01   _CLK_disableEqep2Clock
003f1c08   _CLK_disableEqep1Clock
003f1c0f   _CLK_disableEcap1Clock
003f1c16   _CLK_disableEcanaClock
003f1c1d   _CLK_disableCrystalOsc
003f1c23   _CLK_disableCpuTimerClock
003f1c2a   _CLK_disableCompClock
003f1c2e   _CLK_disableClkIn
003f1c34   _CLK_disableClaClock
003f1c3b   _CLK_disableAdcClock
003f1c42   _PIE_unregisterSystemIntHandler
003f1c4f   _PIE_unregisterPieIntHandler
003f1c60   _PIE_setExtIntPolarity
003f1c70   _PIE_setDefaultIntVectorTable
003f1c7c   _PIE_registerSystemIntHandler
003f1c87   _PIE_registerPieIntHandler
003f1c96   _PIE_init
003f1c9d   _PIE_getIntFlags
003f1ca4   _PIE_getIntEnables
003f1cab   _PIE_getExtIntCount
003f1cb3   _PIE_forceInt
003f1cbd   _PIE_enableTimer0Int
003f1cc0   _PIE_enablePwmTzInt
003f1cc5   _PIE_enablePwmInt
003f1cca   _PIE_enableInt
003f1cd4   _PIE_enableExtInt
003f1cf7   _PIE_enableCaptureInt
003f1cfb   _PIE_enableAdcInt
003f1d17   _PIE_enable
003f1d1a   _PIE_disableInt
003f1d25   _PIE_disableExtInt
003f1d32   _PIE_disableCaptureInt
003f1d36   _PIE_disableAllInts
003f1d40   _PIE_disable
003f1d43   _PIE_clearAllInts
003f1d46   _PIE_clearAllFlags
003f1d50   _mainISR
003f1e01   _log
003f1eab   _SPI_setTxFifoIntLevel
003f1eb2   _SPI_setTxDelay
003f1eb5   _SPI_setTriWire
003f1ebc   _SPI_setSuspend
003f1ec3   _SPI_setSteInv
003f1eca   _SPI_setRxFifoIntLevel
003f1ed1   _SPI_setPriority
003f1ed8   _SPI_setMode
003f1eda   _SPI_setClkPolarity
003f1ede   _SPI_setClkPhase
003f1ee0   _SPI_setCharLength
003f1ee4   _SPI_setBaudRate
003f1ee6   _SPI_resetTxFifo
003f1eea   _SPI_resetRxFifo
003f1eee   _SPI_resetChannels
003f1ef2   _SPI_reset
003f1ef5   _SPI_init
003f1efb   _SPI_getTxFifoStatus
003f1eff   _SPI_getTxBufferStatus
003f1f02   _SPI_getRxFifoStatus
003f1f06   _SPI_getIntFlagStatus
003f1f09   _SPI_enableTxFifoInt
003f1f0d   _SPI_enableTxFifoEnh
003f1f11   _SPI_enableTxFifo
003f1f15   _SPI_enableTx
003f1f18   _SPI_enableRxFifoInt
003f1f1c   _SPI_enableRxFifo
003f1f20   _SPI_enableOverRunInt
003f1f23   _SPI_enableLoopBack
003f1f26   _SPI_enableInt
003f1f29   _SPI_enableChannels
003f1f2d   _SPI_enable
003f1f30   _SPI_disableTxFifoInt
003f1f34   _SPI_disableTxFifoEnh
003f1f38   _SPI_disableTx
003f1f3b   _SPI_disableRxFifoInt
003f1f3f   _SPI_disableOverRunInt
003f1f42   _SPI_disableLoopBack
003f1f45   _SPI_disableInt
003f1f48   _SPI_clearTxFifoInt
003f1f4c   _SPI_clearRxFifoOvf
003f1f50   _SPI_clearRxFifoInt
003f1f54   _exp
003f1ff1   __log
003f207e   _pow
003f2105   FD$$MPY
003f2188   FS$$DIV
003f220b   FS$$SUB
003f2210   FS$$ADD
003f2283   _PLL_setLockPeriod
003f2288   _PLL_setDivideSelect
003f228f   _PLL_setClkFreq
003f2295   _PLL_resetClkDetect
003f229b   _PLL_init
003f22a1   _PLL_getLockStatus
003f22a4   _PLL_getDivideSelect
003f22a7   _PLL_getClkStatus
003f22aa   _PLL_getClkFreq
003f22ae   _PLL_enableOsc
003f22b4   _PLL_enableNormRdy
003f22ba   _PLL_enableClkDetect
003f22c0   _PLL_enable
003f22c6   _PLL_disableOsc
003f22cc   _PLL_disableNormRdy
003f22d2   _PLL_disableClkDetect
003f22d8   _PLL_disable
003f22de   FS$$MPY
003f2338   _PWR_setNumStandByClocks
003f234a   _PWR_setLowPowerMode
003f235c   _PWR_init
003f2363   _PWR_enableWatchDogInt
003f236e   _PWR_enableBrownOutReset
003f2371   _PWR_disableWatchDogInt
003f237c   _PWR_disableBrownOutReset
003f237f   _WDOG_setPreScaler
003f2389   _WDOG_setCount
003f238b   _WDOG_init
003f2391   _WDOG_getIntStatus
003f2394   _WDOG_enableOverRide
003f239a   _WDOG_enableInt
003f23a0   _WDOG_enable
003f23a9   _WDOG_disableOverRide
003f23af   _WDOG_disableInt
003f23b5   _WDOG_disable
003f23bd   _WDOG_clearCounter
003f23c5   _c_int00
003f2409   _ldexp
003f2448   _TIMER_setPreScaler
003f2456   _TIMER_setEmulationMode
003f245a   _TIMER_setDecimationFactor
003f2468   _TIMER_init
003f246e   _TIMER_getStatus
003f2471   _TIMER_enableInt
003f2474   _TIMER_disableInt
003f2477   _TIMER_clearFlag
003f247a   _modf
003f24ab   _OSC_setTrim
003f24b4   _OSC_setFineTrim
003f24c5   _OSC_setCoarseTrim
003f24d2   _OSC_init
003f24d8   FS$$TOL
003f2501   _CPU_init
003f2507   _CPU_enableProtectedRegisterWrite
003f250a   _CPU_enableInt
003f250e   _CPU_enableGlobalInts
003f2511   _CPU_enableDebugInt
003f2514   _CPU_disableProtectedRegisterWrite
003f2517   _CPU_disableInts
003f251a   _CPU_disableInt
003f251f   _CPU_disableGlobalInts
003f2522   _CPU_disableDebugInt
003f2525   _CPU_clearIntFlags
003f2528   FS$$TOI
003f254d   I$$DIV
003f255e   I$$MOD
003f256f   FS$$TOUL
003f2590   _FLASH_init
003f2596   _FLASH_getStandbyWaitStatus
003f259a   _FLASH_getStandbyWaitCount
003f259d   _FLASH_getPowerMode
003f25a0   _FLASH_getActiveWaitStatus
003f25a4   _FLASH_getActiveWaitCount
003f25a7   _FLASH_get3VStatus
003f25aa   _FLASH_clear3VStatus
003f25b0   FD$$TOL
003f25cf   FS$$TOU
003f25ec   FS$$TOFD
003f2608   I$$TOFS
003f2622   L$$TOFS
003f263c   __args_main
003f2655   C$$EXIT
003f2655   _abort
003f2657   _exit
003f266e   FS$$CMP
003f2685   _frexp
003f2699   UL$$TOFS
003f26ac   _memCopy
003f26bc   U$$TOFS
003f26cc   __register_unlock
003f26d0   __register_lock
003f26d4   __nop
003f26d5   _PIE_illegalIsr
003f26da   FS$$NEG
003f26df   ___cinit__
003f26df   ___etext__
003f26df   cinit
003f26df   etext
003f27ae   __IQ30toF
003f8ae7   _EST_setLs_q_pu
003f8af1   _EST_setLs_qFmt
003f8b45   _EST_setLs_d_pu
003f9513   _EST_getRs_Ohm
003f95c9   _EST_getLs_q_pu
003f95ce   _EST_getLs_q_H
003f95f0   _EST_getLs_d_pu
003f95f5   _EST_getLs_d_H
003f95ff   _EST_getLs_coarse_max_pu
003f96ab   _EST_getFlux_pu
003fa83e   _CTRL_setGains
003fb4bb   _OFFSET_setOffset
003fb4bd   _OFFSET_setInitCond
003fb4c6   _OFFSET_setBeta
003fb4dc   _OFFSET_init
ffffffff   ___binit__
ffffffff   ___c_args__
ffffffff   ___pinit__
ffffffff   binit
ffffffff   pinit

[533 symbols]
