******************************************************************************
             TMS320C2000 Linker PC v17.3.0                     
******************************************************************************
>> Linked Sat Apr 22 20:12:06 2017

OUTPUT FILE NAME:   <lab09a_ECanBack2Back.out>
ENTRY POINT SYMBOL: "_c_int00"  address: 0000c052


MEMORY CONFIGURATION

         name            origin    length      used     unused   attr    fill
----------------------  --------  ---------  --------  --------  ----  --------
PAGE 0:
  BEGIN                 00000000   00000002  00000002  00000000  RWIX
  RAMM0                 00000050   000003b0  00000124  0000028c  RWIX
  RAML0_L8              00008000   0000b800  00004bcf  00006c31  RWIX
  FPUTABLES             003fd590   000006a0  00000000  000006a0  RWIX
  IQTABLES              003fdc30   00000b50  00000b50  00000000  RWIX
  IQTABLES2             003fe780   0000008c  00000000  0000008c  RWIX
  IQTABLES3             003fe80c   000000aa  00000000  000000aa  RWIX
  BOOTROM               003ff3b0   00000c10  00000000  00000c10  RWIX
  RESET                 003fffc0   00000002  00000000  00000002  RWIX

PAGE 1:
  BOOT_RSVD             00000002   0000004e  00000000  0000004e  RWIX
  RAMM1                 00000400   00000400  000003b0  00000050  RWIX
  USB_RAM               00040000   00000800  00000000  00000800  RWIX


SECTION ALLOCATION MAP

 output                                  attributes/
section   page    origin      length       input sections
--------  ----  ----------  ----------   ----------------
codestart 
*          0    00000000    00000002     
                  00000000    00000002     CodeStartBranch.obj (codestart)

.cinit     0    00000050    000000ee     
                  00000050    000000c8     proj_lab09a.obj (.cinit)
                  00000118    0000000e     rts2800_fpu32.lib : exit.obj (.cinit)
                  00000126    00000005                       : _lock.obj (.cinit:__lock)
                  0000012b    00000005                       : _lock.obj (.cinit:__unlock)
                  00000130    00000004     drv8305.obj (.cinit)
                  00000134    00000004     rts2800_fpu32.lib : errno.obj (.cinit)
                  00000138    00000004                       : memory.obj (.cinit)
                  0000013c    00000002     --HOLE-- [fill = 0]

ramfuncs   0    0000013e    00000036     
                  0000013e    00000032     flash.obj (ramfuncs)
                  00000170    00000004     usDelay.obj (ramfuncs)

.text      0    00008000    000043b1     
                  00008000    00000b6c     hal.obj (.text)
                  00008b6c    000009ff     ctrl.obj (.text)
                  0000956b    0000080c     proj_lab09a.obj (.text)
                  00009d77    0000077f     drv8305.obj (.text)
                  0000a4f6    00000569     user.obj (.text)
                  0000aa5f    00000380     rts2800_fpu32.lib : e_powf.obj (.text)
                  0000addf    000002f7     pwm.obj (.text)
                  0000b0d6    000002be     can.obj (.text)
                  0000b394    000001f9     adc.obj (.text)
                  0000b58d    000001d2     rts2800_fpu32.lib : memory.obj (.text)
                  0000b75f    0000018a     clk.obj (.text)
                  0000b8e9    00000171     gpio.obj (.text)
                  0000ba5a    0000015e     proj_lab09a.obj (.text:retain)
                  0000bbb8    0000012b     rts2800_fpu32.lib : e_logf.obj (.text)
                  0000bce3    000000fe     pie.obj (.text)
                  0000bde1    000000a9     spi.obj (.text)
                  0000be8a    00000088     rts2800_fpu32.lib : fs_div28.obj (.text)
                  0000bf12    00000083                       : fd_mpy28.obj (.text)
                  0000bf95    00000062                       : s_scalbnf.obj (.text)
                  0000bff7    0000005b     pll.obj (.text)
                  0000c052    00000056     rts2800_fpu32.lib : boot28.obj (.text)
                  0000c0a8    00000056                       : s_ceilf.obj (.text)
                  0000c0fe    00000047     offset.obj (.text)
                  0000c145    00000046     wdog.obj (.text)
                  0000c18b    00000044     pwr.obj (.text)
                  0000c1cf    00000032     timer.obj (.text)
                  0000c201    0000002d     osc.obj (.text)
                  0000c22e    00000029     rts2800_fpu32.lib : exit.obj (.text)
                  0000c257    00000025     cpu.obj (.text)
                  0000c27c    00000025     filter_fo.obj (.text)
                  0000c2a1    00000001     rts2800_fpu32.lib : startup.obj (.text)
                  0000c2a2    00000025                       : e_sqrtf.obj (.text)
                  0000c2c7    00000024                       : cpy_tbl.obj (.text)
                  0000c2eb    00000020     flash.obj (.text)
                  0000c30b    0000001f     rts2800_fpu32.lib : fd_tol28.obj (.text)
                  0000c32a    0000001e                       : memcpy.obj (.text)
                  0000c348    0000001c                       : fs_tofdfpu32.obj (.text)
                  0000c364    00000019                       : args_main.obj (.text)
                  0000c37d    00000011                       : s_copysignf.obj (.text)
                  0000c38e    0000000a     pie.obj (.text:retain)
                  0000c398    00000009     rts2800_fpu32.lib : _lock.obj (.text)
                  0000c3a1    00000008     CodeStartBranch.obj (.text)
                  0000c3a9    00000006     fw.obj (.text)
                  0000c3af    00000002     rts2800_fpu32.lib : pre_init.obj (.text)

.pinit     0    00000050    00000000     UNINITIALIZED

.reset     0    003fffc0    00000002     DSECT
                  003fffc0    00000002     rts2800_fpu32.lib : boot28.obj (.reset)

.esysmem   0    0000c3b2    00000400     UNINITIALIZED
                  0000c3b2    00000001     rts2800_fpu32.lib : memory.obj (.esysmem)
                  0000c3b3    000003ff     --HOLE--

.ebss      0    0000c7b2    000002f8     UNINITIALIZED
                  0000c7b2    00000008     rts2800_fpu32.lib : memory.obj (.ebss)
                  0000c7ba    00000006                       : exit.obj (.ebss)
                  0000c7c0    0000022c     proj_lab09a.obj (.ebss)
                  0000c9ec    00000002     rts2800_fpu32.lib : _lock.obj (.ebss:__lock)
                  0000c9ee    00000002                       : _lock.obj (.ebss:__unlock)
                  0000c9f0    00000002     drv8305.obj (.ebss)
                  0000c9f2    00000001     cpu.obj (.ebss)
                  0000c9f3    00000001     rts2800_fpu32.lib : errno.obj (.ebss)
                  0000c9f4    0000000c     --HOLE--
                  0000ca00    000000aa     hal.obj (.ebss)

.econst    0    0000cb52    0000007e     
                  0000cb52    00000032     rts2800_fpu32.lib : e_powf.obj (.econst)
                  0000cb84    00000010                       : e_logf.obj (.econst)
                  0000cb94    00000008     user.obj (.econst)
                  0000cb9c    00000006     rts2800_fpu32.lib : s_scalbnf.obj (.econst)
                  0000cba2    00000004     ctrl.obj (.econst:_$P$T0$1)
                  0000cba6    00000004     ctrl.obj (.econst:_$P$T1$2)
                  0000cbaa    00000004     ctrl.obj (.econst:_$P$T2$3)
                  0000cbae    00000004     ctrl.obj (.econst:_$P$T3$4)
                  0000cbb2    00000004     ctrl.obj (.econst:_$P$T4$5)
                  0000cbb6    00000004     ctrl.obj (.econst:_$P$T5$6)
                  0000cbba    00000004     rts2800_fpu32.lib : e_powf.obj (.econst:_bp)
                  0000cbbe    00000004                       : e_powf.obj (.econst:_dp_h)
                  0000cbc2    00000004                       : e_powf.obj (.econst:_dp_l)
                  0000cbc6    00000004     ctrl.obj (.econst)
                  0000cbca    00000004     hal.obj (.econst)
                  0000cbce    00000002     rts2800_fpu32.lib : s_ceilf.obj (.econst)

.stack     1    00000400    000003b0     UNINITIALIZED
                  00000400    000003b0     --HOLE--

IQmath     0    0000caaa    000000a8     
                  0000caaa    00000042     IQmath_fpu32.lib : IQ24sqrt.obj (IQmath)
                  0000caec    00000029                      : IQ24sinPU.obj (IQmath)
                  0000cb15    00000027                      : IQ24cosPU.obj (IQmath)
                  0000cb3c    00000016                      : IQ30toF.obj (IQmath)

IQmathTables 
*          0    003fdc30    00000b50     NOLOAD SECTION
                  003fdc30    00000b50     IQmath_fpu32.lib : IQmathTables.obj (IQmathTables)

MODULE SUMMARY

       Module                code    initialized data   uninitialized data
       ------                ----    ----------------   ------------------
    .\
       proj_lab09a.obj       2410    200                556               
       ctrl.obj              2559    28                 0                 
       drv8305.obj           1919    4                  2                 
       user.obj              1385    8                  0                 
       pwm.obj               759     0                  0                 
       adc.obj               505     0                  0                 
       clk.obj               394     0                  0                 
       gpio.obj              369     0                  0                 
       pie.obj               264     0                  0                 
       spi.obj               169     0                  0                 
       pll.obj               91      0                  0                 
       flash.obj             82      0                  0                 
       offset.obj            71      0                  0                 
       wdog.obj              70      0                  0                 
       pwr.obj               68      0                  0                 
       timer.obj             50      0                  0                 
       osc.obj               45      0                  0                 
       cpu.obj               37      0                  1                 
       filter_fo.obj         37      0                  0                 
       CodeStartBranch.obj   10      0                  0                 
       fw.obj                6       0                  0                 
       usDelay.obj           4       0                  0                 
    +--+---------------------+-------+------------------+--------------------+
       Total:                11304   240                559               
                                                                          
    .\include\can\
       can.obj               702     0                  0                 
    +--+---------------------+-------+------------------+--------------------+
       Total:                702     0                  0                 
                                                                          
    .\include\hal\
       hal.obj               2924    4                  170               
    +--+---------------------+-------+------------------+--------------------+
       Total:                2924    4                  170               
                                                                          
    C:/ti/motorware/motorware_1_01_00_18/sw/modules/iqmath/lib/f28x/float/IQmath_fpu32.lib
       IQmathTables.obj      0       2896               0                 
       IQ24sqrt.obj          66      0                  0                 
       IQ24sinPU.obj         41      0                  0                 
       IQ24cosPU.obj         39      0                  0                 
       IQ30toF.obj           22      0                  0                 
    +--+---------------------+-------+------------------+--------------------+
       Total:                168     2896               0                 
                                                                          
    D:/ti/ccsv6/tools/compiler/ti-cgt-c2000_17.3.0.STS/lib/rts2800_fpu32.lib
       e_powf.obj            896     62                 0                 
       memory.obj            466     4                  8                 
       e_logf.obj            299     16                 0                 
       fs_div28.obj          136     0                  0                 
       fd_mpy28.obj          131     0                  0                 
       s_scalbnf.obj         98      6                  0                 
       s_ceilf.obj           86      2                  0                 
       boot28.obj            86      0                  0                 
       exit.obj              41      14                 6                 
       e_sqrtf.obj           37      0                  0                 
       cpy_tbl.obj           36      0                  0                 
       fd_tol28.obj          31      0                  0                 
       memcpy.obj            30      0                  0                 
       fs_tofdfpu32.obj      28      0                  0                 
       args_main.obj         25      0                  0                 
       _lock.obj             9       10                 4                 
       s_copysignf.obj       17      0                  0                 
       errno.obj             0       4                  1                 
       pre_init.obj          2       0                  0                 
       startup.obj           1       0                  0                 
    +--+---------------------+-------+------------------+--------------------+
       Total:                2455    118                19                
                                                                          
       Heap:                 0       0                  1024              
       Stack:                0       0                  944               
    +--+---------------------+-------+------------------+--------------------+
       Grand Total:          17553   3258               2716              


GLOBAL DATA SYMBOLS: SORTED BY DATA PAGE

address     data page           name
--------    ----------------    ----
00000400      10 (00000400)     __stack

0000c3b2     30e (0000c380)     __sys_memory

0000c7ba     31e (0000c780)     ___TI_enable_exit_profile_output
0000c7bc     31e (0000c780)     ___TI_cleanup_ptr
0000c7be     31e (0000c780)     ___TI_dtors_ptr

0000c7c0     31f (0000c7c0)     _gCounter_updateGlobals
0000c7c1     31f (0000c7c0)     _gLEDcnt
0000c7c2     31f (0000c7c0)     _Flag_Latch_softwareUpdate
0000c7c3     31f (0000c7c0)     _j
0000c7c4     31f (0000c7c0)     _CANIDS
0000c7c5     31f (0000c7c0)     _CANDLS
0000c7c6     31f (0000c7c0)     _ctrlHandle
0000c7c8     31f (0000c7c0)     _ErrorCount
0000c7ca     31f (0000c7c0)     _PassCount
0000c7cc     31f (0000c7c0)     _gTorque_Ls_Id_Iq_pu_to_Nm_sf
0000c7ce     31f (0000c7c0)     _gTorque_Flux_Iq_pu_to_Nm_sf
0000c7d0     31f (0000c7c0)     _TestMbox2
0000c7d2     31f (0000c7c0)     _TestMbox3
0000c7d4     31f (0000c7c0)     _MessageReceivedCount
0000c7d6     31f (0000c7c0)     _TestMbox1
0000c7d8     31f (0000c7c0)     _controller_obj
0000c7da     31f (0000c7c0)     _timer0_count
0000c7dc     31f (0000c7c0)     _halHandle
0000c7de     31f (0000c7c0)     _gMaxCurrentSlope
0000c7e0     31f (0000c7c0)     _gFlux_pu_to_Wb_sf
0000c7e2     31f (0000c7c0)     _gFlux_pu_to_VpHz_sf
0000c7e4     31f (0000c7c0)     _fwHandle
0000c7e6     31f (0000c7c0)     _Iq_Max_pu
0000c7e8     31f (0000c7c0)     _gPwmData
0000c7ee     31f (0000c7c0)     _gAdcData

0000c800     320 (0000c800)     _fw

0000c840     321 (0000c840)     _gDrvSpi8305Vars

0000c8c0     323 (0000c8c0)     _gMotorVars

0000c940     325 (0000c940)     _gUserParams

0000c9ec     327 (0000c9c0)     __lock
0000c9ee     327 (0000c9c0)     __unlock
0000c9f2     327 (0000c9c0)     _cpu
0000c9f3     327 (0000c9c0)     _errno

0000ca00     328 (0000ca00)     _hal

003fdc30    ff70 (003fdc00)     _IQsinTable

003fdd30    ff74 (003fdd00)     _IQcosTable

003fe030    ff80 (003fe000)     _IQsinTableEnd

003fe132    ff84 (003fe100)     _IQcosTableEnd
003fe132    ff84 (003fe100)     _IQdivRoundSatTable

003fe140    ff85 (003fe140)     _IQdivTable

003fe342    ff8d (003fe340)     _IQdivTableEnd
003fe342    ff8d (003fe340)     _IQisqrtRoundSatTable
003fe342    ff8d (003fe340)     _IQsqrtRoundSatTable
003fe352    ff8d (003fe340)     _IQisqrtTable
003fe352    ff8d (003fe340)     _IQsqrtTable

003fe454    ff91 (003fe440)     _IQatan2HalfPITable
003fe454    ff91 (003fe440)     _IQisqrtTableEnd
003fe454    ff91 (003fe440)     _IQsqrtTableEnd

003fe492    ff92 (003fe480)     _IQatan2Table

003fe618    ff98 (003fe600)     _IQ30mpyRndSatTable
003fe618    ff98 (003fe600)     _IQatan2TableEnd
003fe618    ff98 (003fe600)     _IQmpyRndSatTable
003fe624    ff98 (003fe600)     _IQ29mpyRndSatTable
003fe630    ff98 (003fe600)     _IQ28mpyRndSatTable
003fe63c    ff98 (003fe600)     _IQ27mpyRndSatTable

003fe648    ff99 (003fe640)     _IQ26mpyRndSatTable
003fe654    ff99 (003fe640)     _IQ25mpyRndSatTable
003fe660    ff99 (003fe640)     _IQ24mpyRndSatTable
003fe66c    ff99 (003fe640)     _IQ23mpyRndSatTable
003fe678    ff99 (003fe640)     _IQ22mpyRndSatTable

003fe684    ff9a (003fe680)     _IQ21mpyRndSatTable
003fe690    ff9a (003fe680)     _IQ20mpyRndSatTable
003fe69c    ff9a (003fe680)     _IQ19mpyRndSatTable
003fe6a8    ff9a (003fe680)     _IQ18mpyRndSatTable
003fe6b4    ff9a (003fe680)     _IQ17mpyRndSatTable

003fe6c0    ff9b (003fe6c0)     _IQ16mpyRndSatTable
003fe6cc    ff9b (003fe6c0)     _IQ15mpyRndSatTable
003fe6d8    ff9b (003fe6c0)     _IQ14mpyRndSatTable
003fe6e4    ff9b (003fe6c0)     _IQ13mpyRndSatTable
003fe6f0    ff9b (003fe6c0)     _IQ12mpyRndSatTable
003fe6fc    ff9b (003fe6c0)     _IQ11mpyRndSatTable

003fe708    ff9c (003fe700)     _IQ10mpyRndSatTable
003fe714    ff9c (003fe700)     _IQ9mpyRndSatTable
003fe720    ff9c (003fe700)     _IQ8mpyRndSatTable
003fe72c    ff9c (003fe700)     _IQ7mpyRndSatTable
003fe738    ff9c (003fe700)     _IQ6mpyRndSatTable

003fe744    ff9d (003fe740)     _IQ5mpyRndSatTable
003fe750    ff9d (003fe740)     _IQ4mpyRndSatTable
003fe75c    ff9d (003fe740)     _IQ3mpyRndSatTable
003fe768    ff9d (003fe740)     _IQ2mpyRndSatTable
003fe774    ff9d (003fe740)     _IQ1mpyRndSatTable

003fe780    ff9e (003fe780)     _IQmpyRndSatTableEnd


GLOBAL SYMBOLS: SORTED ALPHABETICALLY BY Name 

page  address   name                                             
----  -------   ----                                             
0     00008000  .text                                            
0     0000c22e  C$$EXIT                                          
0     0000bf12  FD$$MPY                                          
0     0000c30b  FD$$TOL                                          
0     0000be8a  FS$$DIV                                          
0     0000c348  FS$$TOFD                                         
0     0000b583  _ADC_disable                                     
0     0000b579  _ADC_disableBandGap                              
0     0000b562  _ADC_disableInt                                  
0     0000b558  _ADC_disableNoOverlapMode                        
0     0000b54e  _ADC_disableRefBuffers                           
0     0000b544  _ADC_disableVoltRefLoConv                        
0     0000b53a  _ADC_enable                                      
0     0000b530  _ADC_enableBandGap                               
0     0000b51a  _ADC_enableInt                                   
0     0000b510  _ADC_enableNoOverlapMode                         
0     0000b506  _ADC_enableRefBuffers                            
0     0000b4fc  _ADC_enableVoltRefLoConv                         
0     0000b4f2  _ADC_getDivideSelect                             
0     0000b4ea  _ADC_init                                        
0     0000b4e0  _ADC_powerDown                                   
0     0000b4d6  _ADC_powerUp                                     
0     0000b4cc  _ADC_reset                                       
0     0000b4bb  _ADC_setDivideSelect                             
0     0000b49a  _ADC_setIntMode                                  
0     0000b489  _ADC_setIntPulseGenMode                          
0     0000b468  _ADC_setIntSrc                                   
0     0000b45e  _ADC_setOffTrim                                  
0     0000b447  _ADC_setSampleMode                               
0     0000b434  _ADC_setSampleOverlapMode                        
0     0000b420  _ADC_setSocChanNumber                            
0     0000b413  _ADC_setSocFrc                                   
0     0000b409  _ADC_setSocFrcWord                               
0     0000b3f5  _ADC_setSocSampleDelay                           
0     0000b3e1  _ADC_setSocTrigSrc                               
0     0000b3d0  _ADC_setTempSensorSrc                            
0     0000b3bf  _ADC_setVoltRefSrc                               
0     0000b394  _ADC_setupSocTrigSrc                             
0     0000c7c5  _CANDLS                                          
0     0000c7c4  _CANIDS                                          
0     0000b8e2  _CLK_disableAdcClock                             
0     0000b8db  _CLK_disableClaClock                             
0     0000b8d5  _CLK_disableClkIn                                
0     0000b8d1  _CLK_disableCompClock                            
0     0000b8ca  _CLK_disableCpuTimerClock                        
0     0000b8c4  _CLK_disableCrystalOsc                           
0     0000b8bd  _CLK_disableEcanaClock                           
0     0000b8b6  _CLK_disableEcap1Clock                           
0     0000b8af  _CLK_disableEqep1Clock                           
0     0000b8a8  _CLK_disableEqep2Clock                           
0     0000b8a1  _CLK_disableGpioInputClock                       
0     0000b89a  _CLK_disableHrPwmClock                           
0     0000b893  _CLK_disableI2cClock                             
0     0000b88c  _CLK_disableLinAClock                            
0     0000b886  _CLK_disableOsc1                                 
0     0000b880  _CLK_disableOsc1HaltMode                         
0     0000b87a  _CLK_disableOsc2                                 
0     0000b874  _CLK_disableOsc2HaltMode                         
0     0000b86a  _CLK_disablePwmClock                             
0     0000b863  _CLK_disableSciaClock                            
0     0000b85c  _CLK_disableScibClock                            
0     0000b855  _CLK_disableSpiaClock                            
0     0000b851  _CLK_disableSpibClock                            
0     0000b84a  _CLK_disableTbClockSync                          
0     0000b844  _CLK_disableWatchDogHaltMode                     
0     0000b83d  _CLK_enableAdcClock                              
0     0000b836  _CLK_enableClaClock                              
0     0000b830  _CLK_enableClkIn                                 
0     0000b82a  _CLK_enableCompClock                             
0     0000b824  _CLK_enableCpuTimerClock                         
0     0000b81e  _CLK_enableCrystalOsc                            
0     0000b817  _CLK_enableEcanaClock                            
0     0000b810  _CLK_enableEcap1Clock                            
0     0000b809  _CLK_enableEqep1Clock                            
0     0000b802  _CLK_enableEqep2Clock                            
0     0000b7fb  _CLK_enableGpioInputClock                        
0     0000b7f4  _CLK_enableHrPwmClock                            
0     0000b7ed  _CLK_enableI2cClock                              
0     0000b7e6  _CLK_enableLinAClock                             
0     0000b7e0  _CLK_enableOsc1                                  
0     0000b7da  _CLK_enableOsc1HaltMode                          
0     0000b7d4  _CLK_enableOsc2                                  
0     0000b7ce  _CLK_enableOsc2HaltMode                          
0     0000b7c5  _CLK_enablePwmClock                              
0     0000b7be  _CLK_enableSciaClock                             
0     0000b7b7  _CLK_enableScibClock                             
0     0000b7b0  _CLK_enableSpiaClock                             
0     0000b7a9  _CLK_enableSpibClock                             
0     0000b7a2  _CLK_enableTbClockSync                           
0     0000b79c  _CLK_enableWatchDogHaltMode                      
0     0000b796  _CLK_init                                        
0     0000b78f  _CLK_setClkOutPreScaler                          
0     0000b789  _CLK_setLowSpdPreScaler                          
0     0000b782  _CLK_setOsc2Src                                  
0     0000b77b  _CLK_setOscSrc                                   
0     0000b774  _CLK_setTimer2PreScale                           
0     0000b76d  _CLK_setTimer2Src                                
0     0000b766  _CLK_setWatchDogSrc                              
0     0000b75f  _CLK_setXClkInSrc                                
0     0000c279  _CPU_clearIntFlags                               
0     0000c276  _CPU_disableDebugInt                             
0     0000c273  _CPU_disableGlobalInts                           
0     0000c26e  _CPU_disableInt                                  
0     0000c26b  _CPU_disableInts                                 
0     0000c268  _CPU_disableProtectedRegisterWrite               
0     0000c265  _CPU_enableDebugInt                              
0     0000c262  _CPU_enableGlobalInts                            
0     0000c25e  _CPU_enableInt                                   
0     0000c25b  _CPU_enableProtectedRegisterWrite                
0     0000c257  _CPU_init                                        
0     0000952d  _CTRL_getGains                                   
0     00009526  _CTRL_getIab_filt_pu                             
0     0000951f  _CTRL_getIab_in_pu                               
0     00009518  _CTRL_getIdq_in_pu                               
0     00009511  _CTRL_getIdq_ref_pu                              
0     00009568  _CTRL_getMagCurrent_pu                           
0     00009565  _CTRL_getMaximumSpeed_pu                         
0     0000950a  _CTRL_getVab_in_pu                               
0     00009503  _CTRL_getVab_out_pu                              
0     000094fc  _CTRL_getVdq_out_pu                              
abs   003fa721  _CTRL_getVersion                                 
0     000094f3  _CTRL_getWaitTimes                               
abs   003fa6fb  _CTRL_initCtrl                                   
0     00008f8d  _CTRL_run                                        
abs   003fa5d1  _CTRL_runTraj                                    
abs   003f9e64  _CTRL_setEstParams                               
0     00008cf2  _CTRL_setGains                                   
0     00009562  _CTRL_setMagCurrent_pu                           
0     0000955f  _CTRL_setMaximumSpeed_pu                         
0     00008d1c  _CTRL_setParams                                  
0     00008cdf  _CTRL_setSpd_ref_krpm                            
0     00008cdc  _CTRL_setSpd_ref_pu                              
abs   003f9d31  _CTRL_setUserMotorParams                         
0     00008cd3  _CTRL_setWaitTimes                               
0     00008cc7  _CTRL_setup                                      
0     00008cab  _CTRL_setupClarke_I                              
0     00008c95  _CTRL_setupClarke_V                              
abs   003f9b43  _CTRL_setupCtrl                                  
abs   003f99a5  _CTRL_setupEstIdleState                          
abs   003f996a  _CTRL_setupEstOnLineState                        
abs   003f9806  _CTRL_setupTraj                                  
0     00008c1e  _CTRL_setup_user                                 
0     00008b6c  _CTRL_updateState                                
0     0000a4d3  _DRV8305_enable                                  
0     0000a4cd  _DRV8305_getCSBlank                              
0     0000a4c7  _DRV8305_getCSGain1                              
0     0000a4c1  _DRV8305_getCSGain2                              
0     0000a4bb  _DRV8305_getCSGain3                              
0     0000a4b4  _DRV8305_getCommOption                           
0     0000a49d  _DRV8305_getDcCalMode                            
0     0000a497  _DRV8305_getDeadTime                             
0     0000a491  _DRV8305_getPeakSinkCurHS                        
0     0000a48b  _DRV8305_getPeakSinkCurLS                        
0     0000a484  _DRV8305_getPeakSinkTime                         
0     0000a47e  _DRV8305_getPeakSourCurHS                        
0     0000a478  _DRV8305_getPeakSourCurLS                        
0     0000a471  _DRV8305_getPeakSourTime                         
0     0000a46a  _DRV8305_getPwmMode                              
0     0000a464  _DRV8305_getSleepDelay                           
0     0000a45e  _DRV8305_getVDSBlanking                          
0     0000a458  _DRV8305_getVDSDeglitch                          
0     0000a452  _DRV8305_getVDSLevel                             
0     0000a44c  _DRV8305_getVDSMode                              
0     0000a445  _DRV8305_getVrefScaling                          
0     0000a43f  _DRV8305_getVregUvLevel                          
0     0000a439  _DRV8305_getWatchDelay                           
0     0000a430  _DRV8305_init                                    
0     0000a429  _DRV8305_isFault                                 
0     0000a24c  _DRV8305_readData                                
0     00009e77  _DRV8305_readSpi                                 
0     0000a23d  _DRV8305_reset                                   
0     0000a229  _DRV8305_setCSBlank                              
0     0000a215  _DRV8305_setCSGain1                              
0     0000a201  _DRV8305_setCSGain2                              
0     0000a1ed  _DRV8305_setCSGain3                              
0     0000a1d9  _DRV8305_setCommOption                           
0     0000a1b5  _DRV8305_setDcCalMode                            
0     0000a1a1  _DRV8305_setDeadTime                             
0     0000a19f  _DRV8305_setGpioHandle                           
0     0000a19d  _DRV8305_setGpioNumber                           
0     0000a189  _DRV8305_setPeakSinkCurHS                        
0     0000a175  _DRV8305_setPeakSinkCurLS                        
0     0000a161  _DRV8305_setPeakSinkTime                         
0     0000a14d  _DRV8305_setPeakSourCurHS                        
0     0000a139  _DRV8305_setPeakSourTime                         
0     0000a125  _DRV8305_setPwmMode                              
0     0000a111  _DRV8305_setSleepDelay                           
0     0000a10f  _DRV8305_setSpiHandle                            
0     0000a0fb  _DRV8305_setVDSBlanking                          
0     0000a0e7  _DRV8305_setVDSDeglitch                          
0     0000a0d3  _DRV8305_setVDSLevel                             
0     0000a0bf  _DRV8305_setVDSMode                              
0     0000a0ab  _DRV8305_setVrefScaling                          
0     0000a097  _DRV8305_setVregUvLevel                          
0     0000a083  _DRV8305_setWatchDelay                           
0     00009ea9  _DRV8305_setupSpi                                
0     00009d93  _DRV8305_writeData                               
0     00009d77  _DRV8305_writeSpi                                
0     0000b382  _ECAN_Mode                                       
0     0000b370  _ECAN_SelfTest                                   
0     0000b369  _ECAN_clearCANGIF0                               
0     0000b362  _ECAN_clearCANGIF1                               
0     0000b35b  _ECAN_clearCANRMP                                
0     0000b354  _ECAN_clearCANTA                                 
0     0000b343  _ECAN_clearMDH                                   
0     0000b332  _ECAN_clearMDL                                   
0     0000b321  _ECAN_clearMSGCTRL                               
0     0000b30d  _ECAN_clearMSGID                                 
0     0000b289  _ECAN_configMailbox                              
0     0000b24a  _ECAN_configMasterReg                            
0     0000b241  _ECAN_disableAllInt                              
0     0000b23d  _ECAN_disableAllMailbox                          
0     0000b22e  _ECAN_enableAllInt                               
0     0000b229  _ECAN_enableAllMailbox                           
0     0000b207  _ECAN_init                                       
0     0000b1fc  _ECAN_putDataMailbox                             
0     0000b1ed  _ECAN_resetRXIO                                  
0     0000b1de  _ECAN_resetSelfTest                              
0     0000b1cf  _ECAN_resetTXIO                                  
0     0000b1a7  _ECAN_sendMSG                                    
0     0000b181  _ECAN_setBTCreg                                  
0     0000b12d  _ECAN_setBitrate                                 
0     0000b11e  _ECAN_setECANmode                                
0     0000b11b  _ECAN_setMailboxDir                              
0     0000b112  _ECAN_setMailboxIntMask                          
0     0000b103  _ECAN_setRXIO                                    
0     0000b0f4  _ECAN_setSCCmode                                 
0     0000b0e5  _ECAN_setSelfTest                                
0     0000b0d6  _ECAN_setTXIO                                    
abs   003f9760  _EST_doCurrentCtrl                               
abs   003f9758  _EST_doSpeedCtrl                                 
abs   003f8c0d  _EST_getAngle_pu                                 
abs   003f96be  _EST_getFlux_VpHz                                
abs   003f96ab  _EST_getFlux_pu                                  
abs   003f968e  _EST_getFm_pu                                    
abs   003f9632  _EST_getIdRated                                  
abs   003f95ff  _EST_getLs_coarse_max_pu                         
abs   003f95f5  _EST_getLs_d_H                                   
abs   003f95f0  _EST_getLs_d_pu                                  
abs   003f95ce  _EST_getLs_q_H                                   
abs   003f95c9  _EST_getLs_q_pu                                  
abs   003f95bd  _EST_getMaxCurrentSlope_pu                       
abs   003f95b3  _EST_getOneOverDcBus_pu                          
abs   003f95ad  _EST_getRr_Ohm                                   
abs   003f9513  _EST_getRs_Ohm                                   
abs   003f94c6  _EST_getSpeed_krpm                               
abs   003f861b  _EST_getState                                    
abs   003f9458  _EST_get_krpm_to_pu_sf                           
abs   003f9453  _EST_get_pu_to_krpm_sf                           
abs   003f938d  _EST_isError                                     
abs   003f9386  _EST_isIdle                                      
abs   003f937f  _EST_isLockRotor                                 
abs   003f8679  _EST_isMotorIdentified                           
abs   003f9378  _EST_isOnLine                                    
abs   003f927b  _EST_run                                         
abs   003f8bdb  _EST_setFlag_enableForceAngle                    
abs   003f8bd3  _EST_setFlag_enableRsRecalc                      
abs   003f8b80  _EST_setId_ref_pu                                
abs   003f8b7a  _EST_setIdle                                     
abs   003f8b67  _EST_setIdle_all                                 
abs   003f8b63  _EST_setIq_ref_pu                                
abs   003f8b45  _EST_setLs_d_pu                                  
abs   003f8af1  _EST_setLs_qFmt                                  
abs   003f8ae7  _EST_setLs_q_pu                                  
abs   003f8adb  _EST_setMaxCurrentSlope_pu                       
abs   003f8a18  _EST_setRs_pu                                    
abs   003f89f5  _EST_updateId_ref_pu                             
abs   003f8713  _EST_updateState                                 
abs   003f861d  _EST_useZeroIq_ref                               
0     0000c7c8  _ErrorCount                                      
0     0000c29e  _FILTER_FO_getDenCoeffs                          
0     0000c295  _FILTER_FO_getInitialConditions                  
0     0000c28f  _FILTER_FO_getNumCoeffs                          
0     0000c289  _FILTER_FO_init                                  
0     0000c287  _FILTER_FO_setDenCoeffs                          
0     0000c280  _FILTER_FO_setInitialConditions                  
0     0000c27c  _FILTER_FO_setNumCoeffs                          
0     0000c305  _FLASH_clear3VStatus                             
0     0000016a  _FLASH_disablePipelineMode                       
0     00000164  _FLASH_enablePipelineMode                        
0     0000c302  _FLASH_get3VStatus                               
0     0000c2ff  _FLASH_getActiveWaitCount                        
0     0000c2fb  _FLASH_getActiveWaitStatus                       
0     0000c2f8  _FLASH_getPowerMode                              
0     0000c2f5  _FLASH_getStandbyWaitCount                       
0     0000c2f1  _FLASH_getStandbyWaitStatus                      
0     0000c2eb  _FLASH_init                                      
0     0000015f  _FLASH_setActiveWaitCount                        
0     00000158  _FLASH_setNumPagedReadWaitStates                 
0     00000151  _FLASH_setNumRandomReadWaitStates                
0     0000014a  _FLASH_setOtpWaitStates                          
0     00000143  _FLASH_setPowerMode                              
0     0000013e  _FLASH_setStandbyWaitCount                       
0     0000c3a9  _FW_init                                         
0     0000c7c2  _Flag_Latch_softwareUpdate                       
0     0000ba4c  _GPIO_getData                                    
0     0000ba41  _GPIO_getPortData                                
0     0000ba3b  _GPIO_init                                       
0     0000ba31  _GPIO_lpmSelect                                  
0     0000ba1e  _GPIO_read                                       
0     0000ba04  _GPIO_setDirection                               
0     0000b9f9  _GPIO_setExtInt                                  
0     0000b9e9  _GPIO_setHigh                                    
0     0000b9d9  _GPIO_setLow                                     
0     0000b9a5  _GPIO_setMode                                    
0     0000b997  _GPIO_setPortData                                
0     0000b97d  _GPIO_setPullup                                  
0     0000b940  _GPIO_setQualification                           
0     0000b8f9  _GPIO_setQualificationPeriod                     
0     0000b8e9  _GPIO_toggle                                     
0     00008615  _HAL_AdcCalChanSelect                            
0     0000866c  _HAL_AdcCalConversion                            
0     000087d1  _HAL_AdcOffsetSelfCal                            
0     00008897  _HAL_OscTempComp                                 
0     000088f0  _HAL_cal                                         
0     00008b68  _HAL_disableGlobalInts                           
0     00008a4c  _HAL_disableWdog                                 
0     00008b56  _HAL_enableAdcInts                               
0     00008b52  _HAL_enableDebugInt                              
0     00008b4d  _HAL_enableDrv                                   
0     00008b49  _HAL_enableGlobalInts                            
0     00008b38  _HAL_enablePwmInt                                
0     00008b28  _HAL_enableTimer0Int                             
0     00008804  _HAL_getOscTrimValue                             
0     00008a51  _HAL_init                                        
0     00008817  _HAL_osc1Comp                                    
0     00008857  _HAL_osc2Comp                                    
0     00008a47  _HAL_readDrvData                                 
0     00008a2a  _HAL_setDacParameters                            
0     00008907  _HAL_setParams                                   
0     00008560  _HAL_setupAdcs                                   
0     00008544  _HAL_setupClks                                   
0     0000853f  _HAL_setupDrvSpi                                 
0     000084cc  _HAL_setupECAN                                   
0     000084ae  _HAL_setupFaults                                 
0     00008490  _HAL_setupFlash                                  
0     00008479  _HAL_setupGate                                   
0     000082dd  _HAL_setupGpios                                  
0     00008286  _HAL_setupPeripheralClks                         
0     0000826a  _HAL_setupPie                                    
0     0000822b  _HAL_setupPll                                    
0     000081a8  _HAL_setupPwmDacs                                
0     000080cc  _HAL_setupPwms                                   
0     00008096  _HAL_setupSpiA                                   
0     00008060  _HAL_setupSpiB                                   
0     00008005  _HAL_setupTimers                                 
0     00008000  _HAL_writeDrvData                                
0     003fe708  _IQ10mpyRndSatTable                              
0     003fe6fc  _IQ11mpyRndSatTable                              
0     003fe6f0  _IQ12mpyRndSatTable                              
0     003fe6e4  _IQ13mpyRndSatTable                              
0     003fe6d8  _IQ14mpyRndSatTable                              
0     003fe6cc  _IQ15mpyRndSatTable                              
0     003fe6c0  _IQ16mpyRndSatTable                              
0     003fe6b4  _IQ17mpyRndSatTable                              
0     003fe6a8  _IQ18mpyRndSatTable                              
0     003fe69c  _IQ19mpyRndSatTable                              
0     003fe774  _IQ1mpyRndSatTable                               
0     003fe690  _IQ20mpyRndSatTable                              
0     003fe684  _IQ21mpyRndSatTable                              
0     003fe678  _IQ22mpyRndSatTable                              
0     003fe66c  _IQ23mpyRndSatTable                              
0     003fe660  _IQ24mpyRndSatTable                              
0     003fe654  _IQ25mpyRndSatTable                              
0     003fe648  _IQ26mpyRndSatTable                              
0     003fe63c  _IQ27mpyRndSatTable                              
0     003fe630  _IQ28mpyRndSatTable                              
0     003fe624  _IQ29mpyRndSatTable                              
0     003fe768  _IQ2mpyRndSatTable                               
0     003fe618  _IQ30mpyRndSatTable                              
0     003fe75c  _IQ3mpyRndSatTable                               
0     003fe750  _IQ4mpyRndSatTable                               
0     003fe744  _IQ5mpyRndSatTable                               
0     003fe738  _IQ6mpyRndSatTable                               
0     003fe72c  _IQ7mpyRndSatTable                               
0     003fe720  _IQ8mpyRndSatTable                               
0     003fe714  _IQ9mpyRndSatTable                               
0     003fe454  _IQatan2HalfPITable                              
0     003fe492  _IQatan2Table                                    
0     003fe618  _IQatan2TableEnd                                 
0     003fdd30  _IQcosTable                                      
0     003fe132  _IQcosTableEnd                                   
0     003fe132  _IQdivRoundSatTable                              
0     003fe140  _IQdivTable                                      
0     003fe342  _IQdivTableEnd                                   
0     003fe342  _IQisqrtRoundSatTable                            
0     003fe352  _IQisqrtTable                                    
0     003fe454  _IQisqrtTableEnd                                 
0     003fe618  _IQmpyRndSatTable                                
0     003fe780  _IQmpyRndSatTableEnd                             
0     003fdc30  _IQsinTable                                      
0     003fe030  _IQsinTableEnd                                   
0     003fe342  _IQsqrtRoundSatTable                             
0     003fe352  _IQsqrtTable                                     
0     003fe454  _IQsqrtTableEnd                                  
0     0000c7e6  _Iq_Max_pu                                       
0     0000c7d4  _MessageReceivedCount                            
0     0000c136  _OFFSET_getBeta                                  
0     0000c125  _OFFSET_init                                     
0     0000c10f  _OFFSET_setBeta                                  
0     0000c100  _OFFSET_setInitCond                              
0     0000c0fe  _OFFSET_setOffset                                
0     0000c228  _OSC_init                                        
0     0000c21b  _OSC_setCoarseTrim                               
0     0000c20a  _OSC_setFineTrim                                 
0     0000c201  _OSC_setTrim                                     
0     0000bdda  _PIE_clearAllFlags                               
0     0000bdd7  _PIE_clearAllInts                                
0     0000bdd4  _PIE_disable                                     
0     0000bdcd  _PIE_disableAllInts                              
0     0000bdc9  _PIE_disableCaptureInt                           
0     0000bdc0  _PIE_disableExtInt                               
0     0000bdb6  _PIE_disableInt                                  
0     0000bdb3  _PIE_enable                                      
0     0000bd99  _PIE_enableAdcInt                                
0     0000bd95  _PIE_enableCaptureInt                            
0     0000bd78  _PIE_enableExtInt                                
0     0000bd6f  _PIE_enableInt                                   
0     0000bd6a  _PIE_enablePwmInt                                
0     0000bd65  _PIE_enablePwmTzInt                              
0     0000bd62  _PIE_enableTimer0Int                             
0     0000bd59  _PIE_forceInt                                    
0     0000bd51  _PIE_getExtIntCount                              
0     0000bd4a  _PIE_getIntEnables                               
0     0000bd43  _PIE_getIntFlags                                 
0     0000c38e  _PIE_illegalIsr                                  
0     0000bd3b  _PIE_init                                        
0     0000bd2a  _PIE_registerPieIntHandler                       
0     0000bd1f  _PIE_registerSystemIntHandler                    
0     0000bd14  _PIE_setDefaultIntVectorTable                    
0     0000bd03  _PIE_setExtIntPolarity                           
0     0000bcf0  _PIE_unregisterPieIntHandler                     
0     0000bce3  _PIE_unregisterSystemIntHandler                  
0     0000c04c  _PLL_disable                                     
0     0000c046  _PLL_disableClkDetect                            
0     0000c040  _PLL_disableNormRdy                              
0     0000c03a  _PLL_disableOsc                                  
0     0000c034  _PLL_enable                                      
0     0000c02e  _PLL_enableClkDetect                             
0     0000c028  _PLL_enableNormRdy                               
0     0000c022  _PLL_enableOsc                                   
0     0000c01e  _PLL_getClkFreq                                  
0     0000c01b  _PLL_getClkStatus                                
0     0000c018  _PLL_getDivideSelect                             
0     0000c015  _PLL_getLockStatus                               
0     0000c00f  _PLL_init                                        
0     0000c009  _PLL_resetClkDetect                              
0     0000c003  _PLL_setClkFreq                                  
0     0000bffc  _PLL_setDivideSelect                             
0     0000bff7  _PLL_setLockPeriod                               
0     0000b0d0  _PWM_clearTripZone                               
0     0000b0cd  _PWM_decrementDeadBandFallingEdgeDelay           
0     0000b0ca  _PWM_decrementDeadBandRisingEdgeDelay            
0     0000b0c3  _PWM_disableAutoConvert                          
0     0000b0bf  _PWM_disableChopping                             
0     0000b0bc  _PWM_disableCounterLoad                          
0     0000b0b9  _PWM_disableDeadBand                             
0     0000b0b5  _PWM_disableDeadBandHalfCycle                    
0     0000b0ae  _PWM_disableDigitalCompareBlankingWindow         
0     0000b0a7  _PWM_disableDigitalCompareBlankingWindowInversion
0     0000b0a0  _PWM_disableHrPeriod                             
0     0000b099  _PWM_disableHrPhaseSync                          
0     0000b095  _PWM_disableInt                                  
0     0000b091  _PWM_disableSocAPulse                            
0     0000b08d  _PWM_disableSocBPulse                            
0     0000b086  _PWM_disableTripZoneInt                          
0     0000b07f  _PWM_disableTripZoneSrc                          
0     0000b079  _PWM_disableTripZones                            
0     0000b072  _PWM_enableAutoConvert                           
0     0000b06e  _PWM_enableChopping                              
0     0000b06b  _PWM_enableCounterLoad                           
0     0000b067  _PWM_enableDeadBandHalfCycle                     
0     0000b060  _PWM_enableDigitalCompareBlankingWindow          
0     0000b059  _PWM_enableDigitalCompareBlankingWindowInversion 
0     0000b052  _PWM_enableHrPeriod                              
0     0000b04b  _PWM_enableHrPhaseSync                           
0     0000b047  _PWM_enableInt                                   
0     0000b043  _PWM_enableSocAPulse                             
0     0000b03f  _PWM_enableSocBPulse                             
0     0000b039  _PWM_enableTripZoneInt                           
0     0000b033  _PWM_enableTripZoneSrc                           
0     0000b030  _PWM_getDeadBandFallingEdgeDelay                 
0     0000b02d  _PWM_getDeadBandRisingEdgeDelay                  
0     0000b029  _PWM_getIntCount                                 
0     0000b025  _PWM_getShadowStatus_CmpA                        
0     0000b021  _PWM_getShadowStatus_CmpB                        
0     0000b01c  _PWM_getSocACount                                
0     0000b017  _PWM_getSocBCount                                
0     0000b014  _PWM_incrementDeadBandFallingEdgeDelay           
0     0000b011  _PWM_incrementDeadBandRisingEdgeDelay            
0     0000b00b  _PWM_init                                        
0     0000b004  _PWM_setActionQualContSWForce_PwmA               
0     0000affb  _PWM_setActionQualContSWForce_PwmB               
0     0000aff2  _PWM_setActionQual_CntDown_CmpA_PwmA             
0     0000afe9  _PWM_setActionQual_CntDown_CmpA_PwmB             
0     0000afe0  _PWM_setActionQual_CntDown_CmpB_PwmA             
0     0000afd7  _PWM_setActionQual_CntDown_CmpB_PwmB             
0     0000afce  _PWM_setActionQual_CntUp_CmpA_PwmA               
0     0000afc5  _PWM_setActionQual_CntUp_CmpA_PwmB               
0     0000afbc  _PWM_setActionQual_CntUp_CmpB_PwmA               
0     0000afb3  _PWM_setActionQual_CntUp_CmpB_PwmB               
0     0000afaa  _PWM_setActionQual_Period_PwmA                   
0     0000afa1  _PWM_setActionQual_Period_PwmB                   
0     0000af9a  _PWM_setActionQual_Zero_PwmA                     
0     0000af93  _PWM_setActionQual_Zero_PwmB                     
0     0000af8c  _PWM_setChoppingClkFreq                          
0     0000af85  _PWM_setChoppingDutyCycle                        
0     0000af7e  _PWM_setChoppingPulseWidth                       
0     0000af7a  _PWM_setClkDiv                                   
0     0000af78  _PWM_setCount                                    
0     0000af74  _PWM_setCounterMode                              
0     0000af71  _PWM_setDeadBandFallingEdgeDelay                 
0     0000af6a  _PWM_setDeadBandInputMode                        
0     0000af63  _PWM_setDeadBandOutputMode                       
0     0000af5c  _PWM_setDeadBandPolarity                         
0     0000af59  _PWM_setDeadBandRisingEdgeDelay                  
0     0000af3f  _PWM_setDigitalCompareAEvent1                    
0     0000af2f  _PWM_setDigitalCompareAEvent2                    
0     0000af15  _PWM_setDigitalCompareBEvent1                    
0     0000af05  _PWM_setDigitalCompareBEvent2                    
0     0000aef9  _PWM_setDigitalCompareBlankingPulse              
0     0000aef6  _PWM_setDigitalCompareFilterOffset               
0     0000aeec  _PWM_setDigitalCompareFilterSource               
0     0000aee9  _PWM_setDigitalCompareFilterWindow               
0     0000aeda  _PWM_setDigitalCompareInput                      
0     0000aed6  _PWM_setHighSpeedClkDiv                          
0     0000aecc  _PWM_setHrControlMode                            
0     0000aec2  _PWM_setHrEdgeMode                               
0     0000aeb8  _PWM_setHrShadowMode                             
0     0000aeb1  _PWM_setIntMode                                  
0     0000aeaa  _PWM_setIntPeriod                                
0     0000aea6  _PWM_setLoadMode_CmpA                            
0     0000aea0  _PWM_setLoadMode_CmpB                            
0     0000ae9e  _PWM_setPeriod                                   
0     0000ae99  _PWM_setPeriodHr                                 
0     0000ae95  _PWM_setPeriodLoad                               
0     0000ae93  _PWM_setPhase                                    
0     0000ae8f  _PWM_setPhaseDir                                 
0     0000ae8b  _PWM_setRunMode                                  
0     0000ae85  _PWM_setShadowMode_CmpA                          
0     0000ae7f  _PWM_setShadowMode_CmpB                          
0     0000ae76  _PWM_setSocAPeriod                               
0     0000ae6c  _PWM_setSocAPulseSrc                             
0     0000ae63  _PWM_setSocBPeriod                               
0     0000ae5a  _PWM_setSocBPulseSrc                             
0     0000ae57  _PWM_setSwSync                                   
0     0000ae53  _PWM_setSyncMode                                 
0     0000ae49  _PWM_setTripZoneDCEventSelect_DCAEVT1            
0     0000ae3d  _PWM_setTripZoneDCEventSelect_DCAEVT2            
0     0000ae31  _PWM_setTripZoneDCEventSelect_DCBEVT1            
0     0000ae25  _PWM_setTripZoneDCEventSelect_DCBEVT2            
0     0000ae19  _PWM_setTripZoneState_DCAEVT1                    
0     0000ae0d  _PWM_setTripZoneState_DCAEVT2                    
0     0000ae01  _PWM_setTripZoneState_DCBEVT1                    
0     0000adf5  _PWM_setTripZoneState_DCBEVT2                    
0     0000adeb  _PWM_setTripZoneState_TZA                        
0     0000addf  _PWM_setTripZoneState_TZB                        
0     0000c1cc  _PWR_disableBrownOutReset                        
0     0000c1c2  _PWR_disableWatchDogInt                          
0     0000c1bf  _PWR_enableBrownOutReset                         
0     0000c1b5  _PWR_enableWatchDogInt                           
0     0000c1ad  _PWR_init                                        
0     0000c19c  _PWR_setLowPowerMode                             
0     0000c18b  _PWR_setNumStandByClocks                         
0     0000c7ca  _PassCount                                       
0     00000174  _RamfuncsLoadEnd                                 
abs   00000036  _RamfuncsLoadSize                                
0     0000013e  _RamfuncsLoadStart                               
0     0000013e  _RamfuncsRunStart                                
0     0000be86  _SPI_clearRxFifoInt                              
0     0000be82  _SPI_clearRxFifoOvf                              
0     0000be7e  _SPI_clearTxFifoInt                              
0     0000be7b  _SPI_disableInt                                  
0     0000be78  _SPI_disableLoopBack                             
0     0000be75  _SPI_disableOverRunInt                           
0     0000be71  _SPI_disableRxFifoInt                            
0     0000be6e  _SPI_disableTx                                   
0     0000be6a  _SPI_disableTxFifoEnh                            
0     0000be66  _SPI_disableTxFifoInt                            
0     0000be63  _SPI_enable                                      
0     0000be5f  _SPI_enableChannels                              
0     0000be5c  _SPI_enableInt                                   
0     0000be59  _SPI_enableLoopBack                              
0     0000be56  _SPI_enableOverRunInt                            
0     0000be52  _SPI_enableRxFifo                                
0     0000be4e  _SPI_enableRxFifoInt                             
0     0000be4b  _SPI_enableTx                                    
0     0000be47  _SPI_enableTxFifo                                
0     0000be43  _SPI_enableTxFifoEnh                             
0     0000be3f  _SPI_enableTxFifoInt                             
0     0000be3c  _SPI_getIntFlagStatus                            
0     0000be38  _SPI_getRxFifoStatus                             
0     0000be35  _SPI_getTxBufferStatus                           
0     0000be31  _SPI_getTxFifoStatus                             
0     0000be2b  _SPI_init                                        
0     0000be28  _SPI_reset                                       
0     0000be24  _SPI_resetChannels                               
0     0000be20  _SPI_resetRxFifo                                 
0     0000be1c  _SPI_resetTxFifo                                 
0     0000be1a  _SPI_setBaudRate                                 
0     0000be16  _SPI_setCharLength                               
0     0000be14  _SPI_setClkPhase                                 
0     0000be10  _SPI_setClkPolarity                              
0     0000be0e  _SPI_setMode                                     
0     0000be07  _SPI_setPriority                                 
0     0000be00  _SPI_setRxFifoIntLevel                           
0     0000bdf9  _SPI_setSteInv                                   
0     0000bdf2  _SPI_setSuspend                                  
0     0000bdeb  _SPI_setTriWire                                  
0     0000bde8  _SPI_setTxDelay                                  
0     0000bde1  _SPI_setTxFifoIntLevel                           
0     0000c1fe  _TIMER_clearFlag                                 
0     0000c1fb  _TIMER_disableInt                                
0     0000c1f8  _TIMER_enableInt                                 
0     0000c1f5  _TIMER_getStatus                                 
0     0000c1ef  _TIMER_init                                      
0     0000c1e1  _TIMER_setDecimationFactor                       
0     0000c1dd  _TIMER_setEmulationMode                          
0     0000c1cf  _TIMER_setPreScaler                              
0     0000c7d6  _TestMbox1                                       
0     0000c7d0  _TestMbox2                                       
0     0000c7d2  _TestMbox3                                       
0     0000a99e  _USER_calcPIgains                                
0     0000a99a  _USER_checkForErrors                             
0     0000a98c  _USER_computeFlux                                
0     0000a951  _USER_computeFlux_pu_to_VpHz_sf                  
0     0000a916  _USER_computeFlux_pu_to_Wb_sf                    
0     0000a8db  _USER_computeTorque_Flux_Iq_pu_to_Nm_sf          
0     0000a8a2  _USER_computeTorque_Ls_Id_Iq_pu_to_Nm_sf         
0     0000a841  _USER_computeTorque_Nm                           
0     0000a7d4  _USER_computeTorque_lbin                         
0     0000a7d1  _USER_getErrorCode                               
0     0000a7ce  _USER_setErrorCode                               
0     0000a583  _USER_setParams                                  
0     0000a4f6  _USER_softwareUpdate1p6                          
0     0000c183  _WDOG_clearCounter                               
0     0000c17b  _WDOG_disable                                    
0     0000c175  _WDOG_disableInt                                 
0     0000c16f  _WDOG_disableOverRide                            
0     0000c166  _WDOG_enable                                     
0     0000c160  _WDOG_enableInt                                  
0     0000c15a  _WDOG_enableOverRide                             
0     0000c157  _WDOG_getIntStatus                               
0     0000c151  _WDOG_init                                       
0     0000c14f  _WDOG_setCount                                   
0     0000c145  _WDOG_setPreScaler                               
0     0000cb15  __IQ24cosPU                                      
0     0000caec  __IQ24sinPU                                      
0     0000caaa  __IQ24sqrt                                       
0     0000cb3c  __IQ30toF                                        
1     000007b0  __STACK_END                                      
abs   000003b0  __STACK_SIZE                                     
abs   00000400  __SYSMEM_SIZE                                    
0     0000c7bc  ___TI_cleanup_ptr                                
0     0000c7be  ___TI_dtors_ptr                                  
0     0000c7ba  ___TI_enable_exit_profile_output                 
abs   ffffffff  ___TI_pprof_out_hndl                             
abs   ffffffff  ___TI_prof_data_size                             
abs   ffffffff  ___TI_prof_data_start                            
abs   ffffffff  ___binit__                                       
abs   ffffffff  ___c_args__                                      
0     00000050  ___cinit__                                       
0     0000c3b1  ___etext__                                       
abs   ffffffff  ___pinit__                                       
0     00008000  ___text__                                        
0     0000c364  __args_main                                      
0     0000c9ec  __lock                                           
0     0000c3a0  __nop                                            
0     0000c39c  __register_lock                                  
0     0000c398  __register_unlock                                
1     00000400  __stack                                          
0     0000c3b2  __sys_memory                                     
0     0000c2a1  __system_post_cinit                              
0     0000c3af  __system_pre_init                                
0     0000c9ee  __unlock                                         
0     0000c22e  _abort                                           
0     0000c052  _c_int00                                         
0     0000b748  _calloc                                          
0     0000c0a8  _ceil                                            
0     0000c0a8  _ceilf                                           
0     0000b746  _chkheap                                         
0     0000c7d8  _controller_obj                                  
0     0000c2c7  _copy_in                                         
0     0000c37d  _copysign                                        
0     0000c37d  _copysignf                                       
0     0000c9f2  _cpu                                             
0     0000c7c6  _ctrlHandle                                      
0     0000c9f3  _errno                                           
0     0000c230  _exit                                            
0     0000b58d  _free                                            
0     0000b728  _free_memory                                     
0     0000c800  _fw                                              
0     0000c7e4  _fwHandle                                        
0     0000c7ee  _gAdcData                                        
0     0000c7c0  _gCounter_updateGlobals                          
0     0000c840  _gDrvSpi8305Vars                                 
0     0000c7e2  _gFlux_pu_to_VpHz_sf                             
0     0000c7e0  _gFlux_pu_to_Wb_sf                               
0     0000c7c1  _gLEDcnt                                         
0     0000c7de  _gMaxCurrentSlope                                
0     0000c8c0  _gMotorVars                                      
0     0000c7e8  _gPwmData                                        
0     0000c7ce  _gTorque_Flux_Iq_pu_to_Nm_sf                     
0     0000c7cc  _gTorque_Ls_Id_Iq_pu_to_Nm_sf                    
0     0000c940  _gUserParams                                     
0     0000ca00  _hal                                             
0     0000c7dc  _halHandle                                       
0     0000c7c3  _j                                               
0     0000bf95  _ldexp                                           
0     0000bf95  _ldexpf                                          
0     0000bbb8  _log                                             
0     0000bbb8  _logf                                            
0     00009664  _mailbox_check                                   
0     00009656  _mailbox_read                                    
0     0000967b  _main                                            
0     0000ba95  _mainISR                                         
0     0000b5f6  _malloc                                          
0     0000b706  _max_free                                        
0     0000c32a  _memcpy                                          
0     0000b5d1  _minit                                           
0     0000aa5f  _pow                                             
0     0000aa5f  _powf                                            
0     0000b654  _realloc                                         
0     0000bf95  _scalbn                                          
0     0000bf95  _scalbnf                                         
0     0000c2a2  _sqrt                                            
0     0000c2a2  _sqrtf                                           
0     0000ba5a  _timer0ISR                                       
0     0000c7da  _timer0_count                                    
0     0000958f  _updateGlobalVariables_motor                     
0     0000956b  _updateKpKiGains                                 
0     00000170  _usDelay                                         
abs   ffffffff  binit                                            
0     00000050  cinit                                            
0     00000000  code_start                                       
0     0000c3b1  etext                                            
abs   ffffffff  pinit                                            


GLOBAL SYMBOLS: SORTED BY Symbol Address 

page  address   name                                             
----  -------   ----                                             
0     00000000  code_start                                       
0     00000050  ___cinit__                                       
0     00000050  cinit                                            
0     0000013e  _FLASH_setStandbyWaitCount                       
0     0000013e  _RamfuncsLoadStart                               
0     0000013e  _RamfuncsRunStart                                
0     00000143  _FLASH_setPowerMode                              
0     0000014a  _FLASH_setOtpWaitStates                          
0     00000151  _FLASH_setNumRandomReadWaitStates                
0     00000158  _FLASH_setNumPagedReadWaitStates                 
0     0000015f  _FLASH_setActiveWaitCount                        
0     00000164  _FLASH_enablePipelineMode                        
0     0000016a  _FLASH_disablePipelineMode                       
0     00000170  _usDelay                                         
0     00000174  _RamfuncsLoadEnd                                 
0     00008000  .text                                            
0     00008000  _HAL_writeDrvData                                
0     00008000  ___text__                                        
0     00008005  _HAL_setupTimers                                 
0     00008060  _HAL_setupSpiB                                   
0     00008096  _HAL_setupSpiA                                   
0     000080cc  _HAL_setupPwms                                   
0     000081a8  _HAL_setupPwmDacs                                
0     0000822b  _HAL_setupPll                                    
0     0000826a  _HAL_setupPie                                    
0     00008286  _HAL_setupPeripheralClks                         
0     000082dd  _HAL_setupGpios                                  
0     00008479  _HAL_setupGate                                   
0     00008490  _HAL_setupFlash                                  
0     000084ae  _HAL_setupFaults                                 
0     000084cc  _HAL_setupECAN                                   
0     0000853f  _HAL_setupDrvSpi                                 
0     00008544  _HAL_setupClks                                   
0     00008560  _HAL_setupAdcs                                   
0     00008615  _HAL_AdcCalChanSelect                            
0     0000866c  _HAL_AdcCalConversion                            
0     000087d1  _HAL_AdcOffsetSelfCal                            
0     00008804  _HAL_getOscTrimValue                             
0     00008817  _HAL_osc1Comp                                    
0     00008857  _HAL_osc2Comp                                    
0     00008897  _HAL_OscTempComp                                 
0     000088f0  _HAL_cal                                         
0     00008907  _HAL_setParams                                   
0     00008a2a  _HAL_setDacParameters                            
0     00008a47  _HAL_readDrvData                                 
0     00008a4c  _HAL_disableWdog                                 
0     00008a51  _HAL_init                                        
0     00008b28  _HAL_enableTimer0Int                             
0     00008b38  _HAL_enablePwmInt                                
0     00008b49  _HAL_enableGlobalInts                            
0     00008b4d  _HAL_enableDrv                                   
0     00008b52  _HAL_enableDebugInt                              
0     00008b56  _HAL_enableAdcInts                               
0     00008b68  _HAL_disableGlobalInts                           
0     00008b6c  _CTRL_updateState                                
0     00008c1e  _CTRL_setup_user                                 
0     00008c95  _CTRL_setupClarke_V                              
0     00008cab  _CTRL_setupClarke_I                              
0     00008cc7  _CTRL_setup                                      
0     00008cd3  _CTRL_setWaitTimes                               
0     00008cdc  _CTRL_setSpd_ref_pu                              
0     00008cdf  _CTRL_setSpd_ref_krpm                            
0     00008cf2  _CTRL_setGains                                   
0     00008d1c  _CTRL_setParams                                  
0     00008f8d  _CTRL_run                                        
0     000094f3  _CTRL_getWaitTimes                               
0     000094fc  _CTRL_getVdq_out_pu                              
0     00009503  _CTRL_getVab_out_pu                              
0     0000950a  _CTRL_getVab_in_pu                               
0     00009511  _CTRL_getIdq_ref_pu                              
0     00009518  _CTRL_getIdq_in_pu                               
0     0000951f  _CTRL_getIab_in_pu                               
0     00009526  _CTRL_getIab_filt_pu                             
0     0000952d  _CTRL_getGains                                   
0     0000955f  _CTRL_setMaximumSpeed_pu                         
0     00009562  _CTRL_setMagCurrent_pu                           
0     00009565  _CTRL_getMaximumSpeed_pu                         
0     00009568  _CTRL_getMagCurrent_pu                           
0     0000956b  _updateKpKiGains                                 
0     0000958f  _updateGlobalVariables_motor                     
0     00009656  _mailbox_read                                    
0     00009664  _mailbox_check                                   
0     0000967b  _main                                            
0     00009d77  _DRV8305_writeSpi                                
0     00009d93  _DRV8305_writeData                               
0     00009e77  _DRV8305_readSpi                                 
0     00009ea9  _DRV8305_setupSpi                                
0     0000a083  _DRV8305_setWatchDelay                           
0     0000a097  _DRV8305_setVregUvLevel                          
0     0000a0ab  _DRV8305_setVrefScaling                          
0     0000a0bf  _DRV8305_setVDSMode                              
0     0000a0d3  _DRV8305_setVDSLevel                             
0     0000a0e7  _DRV8305_setVDSDeglitch                          
0     0000a0fb  _DRV8305_setVDSBlanking                          
0     0000a10f  _DRV8305_setSpiHandle                            
0     0000a111  _DRV8305_setSleepDelay                           
0     0000a125  _DRV8305_setPwmMode                              
0     0000a139  _DRV8305_setPeakSourTime                         
0     0000a14d  _DRV8305_setPeakSourCurHS                        
0     0000a161  _DRV8305_setPeakSinkTime                         
0     0000a175  _DRV8305_setPeakSinkCurLS                        
0     0000a189  _DRV8305_setPeakSinkCurHS                        
0     0000a19d  _DRV8305_setGpioNumber                           
0     0000a19f  _DRV8305_setGpioHandle                           
0     0000a1a1  _DRV8305_setDeadTime                             
0     0000a1b5  _DRV8305_setDcCalMode                            
0     0000a1d9  _DRV8305_setCommOption                           
0     0000a1ed  _DRV8305_setCSGain3                              
0     0000a201  _DRV8305_setCSGain2                              
0     0000a215  _DRV8305_setCSGain1                              
0     0000a229  _DRV8305_setCSBlank                              
0     0000a23d  _DRV8305_reset                                   
0     0000a24c  _DRV8305_readData                                
0     0000a429  _DRV8305_isFault                                 
0     0000a430  _DRV8305_init                                    
0     0000a439  _DRV8305_getWatchDelay                           
0     0000a43f  _DRV8305_getVregUvLevel                          
0     0000a445  _DRV8305_getVrefScaling                          
0     0000a44c  _DRV8305_getVDSMode                              
0     0000a452  _DRV8305_getVDSLevel                             
0     0000a458  _DRV8305_getVDSDeglitch                          
0     0000a45e  _DRV8305_getVDSBlanking                          
0     0000a464  _DRV8305_getSleepDelay                           
0     0000a46a  _DRV8305_getPwmMode                              
0     0000a471  _DRV8305_getPeakSourTime                         
0     0000a478  _DRV8305_getPeakSourCurLS                        
0     0000a47e  _DRV8305_getPeakSourCurHS                        
0     0000a484  _DRV8305_getPeakSinkTime                         
0     0000a48b  _DRV8305_getPeakSinkCurLS                        
0     0000a491  _DRV8305_getPeakSinkCurHS                        
0     0000a497  _DRV8305_getDeadTime                             
0     0000a49d  _DRV8305_getDcCalMode                            
0     0000a4b4  _DRV8305_getCommOption                           
0     0000a4bb  _DRV8305_getCSGain3                              
0     0000a4c1  _DRV8305_getCSGain2                              
0     0000a4c7  _DRV8305_getCSGain1                              
0     0000a4cd  _DRV8305_getCSBlank                              
0     0000a4d3  _DRV8305_enable                                  
0     0000a4f6  _USER_softwareUpdate1p6                          
0     0000a583  _USER_setParams                                  
0     0000a7ce  _USER_setErrorCode                               
0     0000a7d1  _USER_getErrorCode                               
0     0000a7d4  _USER_computeTorque_lbin                         
0     0000a841  _USER_computeTorque_Nm                           
0     0000a8a2  _USER_computeTorque_Ls_Id_Iq_pu_to_Nm_sf         
0     0000a8db  _USER_computeTorque_Flux_Iq_pu_to_Nm_sf          
0     0000a916  _USER_computeFlux_pu_to_Wb_sf                    
0     0000a951  _USER_computeFlux_pu_to_VpHz_sf                  
0     0000a98c  _USER_computeFlux                                
0     0000a99a  _USER_checkForErrors                             
0     0000a99e  _USER_calcPIgains                                
0     0000aa5f  _pow                                             
0     0000aa5f  _powf                                            
0     0000addf  _PWM_setTripZoneState_TZB                        
0     0000adeb  _PWM_setTripZoneState_TZA                        
0     0000adf5  _PWM_setTripZoneState_DCBEVT2                    
0     0000ae01  _PWM_setTripZoneState_DCBEVT1                    
0     0000ae0d  _PWM_setTripZoneState_DCAEVT2                    
0     0000ae19  _PWM_setTripZoneState_DCAEVT1                    
0     0000ae25  _PWM_setTripZoneDCEventSelect_DCBEVT2            
0     0000ae31  _PWM_setTripZoneDCEventSelect_DCBEVT1            
0     0000ae3d  _PWM_setTripZoneDCEventSelect_DCAEVT2            
0     0000ae49  _PWM_setTripZoneDCEventSelect_DCAEVT1            
0     0000ae53  _PWM_setSyncMode                                 
0     0000ae57  _PWM_setSwSync                                   
0     0000ae5a  _PWM_setSocBPulseSrc                             
0     0000ae63  _PWM_setSocBPeriod                               
0     0000ae6c  _PWM_setSocAPulseSrc                             
[...]
0     0000bdf9  _SPI_setSteInv                                   
0     0000be00  _SPI_setRxFifoIntLevel                           
0     0000be07  _SPI_setPriority                                 
0     0000be0e  _SPI_setMode                                     
0     0000be10  _SPI_setClkPolarity                              
0     0000be14  _SPI_setClkPhase                                 
0     0000be16  _SPI_setCharLength                               
0     0000be1a  _SPI_setBaudRate                                 
0     0000be1c  _SPI_resetTxFifo                                 
0     0000be20  _SPI_resetRxFifo                                 
0     0000be24  _SPI_resetChannels                               
0     0000be28  _SPI_reset                                       
0     0000be2b  _SPI_init                                        
0     0000be31  _SPI_getTxFifoStatus                             
0     0000be35  _SPI_getTxBufferStatus                           
0     0000be38  _SPI_getRxFifoStatus                             
0     0000be3c  _SPI_getIntFlagStatus                            
0     0000be3f  _SPI_enableTxFifoInt                             
0     0000be43  _SPI_enableTxFifoEnh                             
0     0000be47  _SPI_enableTxFifo                                
0     0000be4b  _SPI_enableTx                                    
0     0000be4e  _SPI_enableRxFifoInt                             
0     0000be52  _SPI_enableRxFifo                                
0     0000be56  _SPI_enableOverRunInt                            
0     0000be59  _SPI_enableLoopBack                              
0     0000be5c  _SPI_enableInt                                   
0     0000be5f  _SPI_enableChannels                              
0     0000be63  _SPI_enable                                      
0     0000be66  _SPI_disableTxFifoInt                            
0     0000be6a  _SPI_disableTxFifoEnh                            
0     0000be6e  _SPI_disableTx                                   
0     0000be71  _SPI_disableRxFifoInt                            
0     0000be75  _SPI_disableOverRunInt                           
0     0000be78  _SPI_disableLoopBack                             
0     0000be7b  _SPI_disableInt                                  
0     0000be7e  _SPI_clearTxFifoInt                              
0     0000be82  _SPI_clearRxFifoOvf                              
0     0000be86  _SPI_clearRxFifoInt                              
0     0000be8a  FS$$DIV                                          
0     0000bf12  FD$$MPY                                          
0     0000bf95  _ldexp                                           
0     0000bf95  _ldexpf                                          
0     0000bf95  _scalbn                                          
0     0000bf95  _scalbnf                                         
0     0000bff7  _PLL_setLockPeriod                               
0     0000bffc  _PLL_setDivideSelect                             
0     0000c003  _PLL_setClkFreq                                  
0     0000c009  _PLL_resetClkDetect                              
0     0000c00f  _PLL_init                                        
0     0000c015  _PLL_getLockStatus                               
0     0000c018  _PLL_getDivideSelect                             
0     0000c01b  _PLL_getClkStatus                                
0     0000c01e  _PLL_getClkFreq                                  
0     0000c022  _PLL_enableOsc                                   
0     0000c028  _PLL_enableNormRdy                               
0     0000c02e  _PLL_enableClkDetect                             
0     0000c034  _PLL_enable                                      
0     0000c03a  _PLL_disableOsc                                  
0     0000c040  _PLL_disableNormRdy                              
0     0000c046  _PLL_disableClkDetect                            
0     0000c04c  _PLL_disable                                     
0     0000c052  _c_int00                                         
0     0000c0a8  _ceil                                            
0     0000c0a8  _ceilf                                           
0     0000c0fe  _OFFSET_setOffset                                
0     0000c100  _OFFSET_setInitCond                              
0     0000c10f  _OFFSET_setBeta                                  
0     0000c125  _OFFSET_init                                     
0     0000c136  _OFFSET_getBeta                                  
0     0000c145  _WDOG_setPreScaler                               
0     0000c14f  _WDOG_setCount                                   
0     0000c151  _WDOG_init                                       
0     0000c157  _WDOG_getIntStatus                               
0     0000c15a  _WDOG_enableOverRide                             
0     0000c160  _WDOG_enableInt                                  
0     0000c166  _WDOG_enable                                     
0     0000c16f  _WDOG_disableOverRide                            
0     0000c175  _WDOG_disableInt                                 
0     0000c17b  _WDOG_disable                                    
0     0000c183  _WDOG_clearCounter                               
0     0000c18b  _PWR_setNumStandByClocks                         
0     0000c19c  _PWR_setLowPowerMode                             
0     0000c1ad  _PWR_init                                        
0     0000c1b5  _PWR_enableWatchDogInt                           
0     0000c1bf  _PWR_enableBrownOutReset                         
0     0000c1c2  _PWR_disableWatchDogInt                          
0     0000c1cc  _PWR_disableBrownOutReset                        
0     0000c1cf  _TIMER_setPreScaler                              
0     0000c1dd  _TIMER_setEmulationMode                          
0     0000c1e1  _TIMER_setDecimationFactor                       
0     0000c1ef  _TIMER_init                                      
0     0000c1f5  _TIMER_getStatus                                 
0     0000c1f8  _TIMER_enableInt                                 
0     0000c1fb  _TIMER_disableInt                                
0     0000c1fe  _TIMER_clearFlag                                 
0     0000c201  _OSC_setTrim                                     
0     0000c20a  _OSC_setFineTrim                                 
0     0000c21b  _OSC_setCoarseTrim                               
0     0000c228  _OSC_init                                        
0     0000c22e  C$$EXIT                                          
0     0000c22e  _abort                                           
0     0000c230  _exit                                            
0     0000c257  _CPU_init                                        
0     0000c25b  _CPU_enableProtectedRegisterWrite                
0     0000c25e  _CPU_enableInt                                   
0     0000c262  _CPU_enableGlobalInts                            
0     0000c265  _CPU_enableDebugInt                              
0     0000c268  _CPU_disableProtectedRegisterWrite               
0     0000c26b  _CPU_disableInts                                 
0     0000c26e  _CPU_disableInt                                  
0     0000c273  _CPU_disableGlobalInts                           
0     0000c276  _CPU_disableDebugInt                             
0     0000c279  _CPU_clearIntFlags                               
0     0000c27c  _FILTER_FO_setNumCoeffs                          
0     0000c280  _FILTER_FO_setInitialConditions                  
0     0000c287  _FILTER_FO_setDenCoeffs                          
0     0000c289  _FILTER_FO_init                                  
0     0000c28f  _FILTER_FO_getNumCoeffs                          
0     0000c295  _FILTER_FO_getInitialConditions                  
0     0000c29e  _FILTER_FO_getDenCoeffs                          
0     0000c2a1  __system_post_cinit                              
0     0000c2a2  _sqrt                                            
0     0000c2a2  _sqrtf                                           
0     0000c2c7  _copy_in                                         
0     0000c2eb  _FLASH_init                                      
0     0000c2f1  _FLASH_getStandbyWaitStatus                      
0     0000c2f5  _FLASH_getStandbyWaitCount                       
0     0000c2f8  _FLASH_getPowerMode                              
0     0000c2fb  _FLASH_getActiveWaitStatus                       
0     0000c2ff  _FLASH_getActiveWaitCount                        
0     0000c302  _FLASH_get3VStatus                               
0     0000c305  _FLASH_clear3VStatus                             
0     0000c30b  FD$$TOL                                          
0     0000c32a  _memcpy                                          
0     0000c348  FS$$TOFD                                         
0     0000c364  __args_main                                      
0     0000c37d  _copysign                                        
0     0000c37d  _copysignf                                       
0     0000c38e  _PIE_illegalIsr                                  
0     0000c398  __register_unlock                                
0     0000c39c  __register_lock                                  
0     0000c3a0  __nop                                            
0     0000c3a9  _FW_init                                         
0     0000c3af  __system_pre_init                                
0     0000c3b1  ___etext__                                       
0     0000c3b1  etext                                            
0     0000c3b2  __sys_memory                                     
0     0000c7ba  ___TI_enable_exit_profile_output                 
0     0000c7bc  ___TI_cleanup_ptr                                
0     0000c7be  ___TI_dtors_ptr                                  
0     0000c7c0  _gCounter_updateGlobals                          
0     0000c7c1  _gLEDcnt                                         
0     0000c7c2  _Flag_Latch_softwareUpdate                       
0     0000c7c3  _j                                               
0     0000c7c4  _CANIDS                                          
0     0000c7c5  _CANDLS                                          
0     0000c7c6  _ctrlHandle                                      
0     0000c7c8  _ErrorCount                                      
0     0000c7ca  _PassCount                                       
0     0000c7cc  _gTorque_Ls_Id_Iq_pu_to_Nm_sf                    
0     0000c7ce  _gTorque_Flux_Iq_pu_to_Nm_sf                     
0     0000c7d0  _TestMbox2                                       
0     0000c7d2  _TestMbox3                                       
0     0000c7d4  _MessageReceivedCount                            
0     0000c7d6  _TestMbox1                                       
0     0000c7d8  _controller_obj                                  
0     0000c7da  _timer0_count                                    
0     0000c7dc  _halHandle                                       
0     0000c7de  _gMaxCurrentSlope                                
0     0000c7e0  _gFlux_pu_to_Wb_sf                               
0     0000c7e2  _gFlux_pu_to_VpHz_sf                             
0     0000c7e4  _fwHandle                                        
0     0000c7e6  _Iq_Max_pu                                       
0     0000c7e8  _gPwmData                                        
0     0000c7ee  _gAdcData                                        
0     0000c800  _fw                                              
0     0000c840  _gDrvSpi8305Vars                                 
0     0000c8c0  _gMotorVars                                      
0     0000c940  _gUserParams                                     
0     0000c9ec  __lock                                           
0     0000c9ee  __unlock                                         
0     0000c9f2  _cpu                                             
0     0000c9f3  _errno                                           
0     0000ca00  _hal                                             
0     0000caaa  __IQ24sqrt                                       
0     0000caec  __IQ24sinPU                                      
0     0000cb15  __IQ24cosPU                                      
0     0000cb3c  __IQ30toF                                        
0     003fdc30  _IQsinTable                                      
0     003fdd30  _IQcosTable                                      
0     003fe030  _IQsinTableEnd                                   
0     003fe132  _IQcosTableEnd                                   
0     003fe132  _IQdivRoundSatTable                              
0     003fe140  _IQdivTable                                      
0     003fe342  _IQdivTableEnd                                   
0     003fe342  _IQisqrtRoundSatTable                            
0     003fe342  _IQsqrtRoundSatTable                             
0     003fe352  _IQisqrtTable                                    
0     003fe352  _IQsqrtTable                                     
0     003fe454  _IQatan2HalfPITable                              
0     003fe454  _IQisqrtTableEnd                                 
0     003fe454  _IQsqrtTableEnd                                  
0     003fe492  _IQatan2Table                                    
0     003fe618  _IQ30mpyRndSatTable                              
0     003fe618  _IQatan2TableEnd                                 
0     003fe618  _IQmpyRndSatTable                                
0     003fe624  _IQ29mpyRndSatTable                              
0     003fe630  _IQ28mpyRndSatTable                              
0     003fe63c  _IQ27mpyRndSatTable                              
0     003fe648  _IQ26mpyRndSatTable                              
0     003fe654  _IQ25mpyRndSatTable                              
0     003fe660  _IQ24mpyRndSatTable                              
0     003fe66c  _IQ23mpyRndSatTable                              
0     003fe678  _IQ22mpyRndSatTable                              
0     003fe684  _IQ21mpyRndSatTable                              
0     003fe690  _IQ20mpyRndSatTable                              
0     003fe69c  _IQ19mpyRndSatTable                              
0     003fe6a8  _IQ18mpyRndSatTable                              
0     003fe6b4  _IQ17mpyRndSatTable                              
0     003fe6c0  _IQ16mpyRndSatTable                              
0     003fe6cc  _IQ15mpyRndSatTable                              
0     003fe6d8  _IQ14mpyRndSatTable                              
0     003fe6e4  _IQ13mpyRndSatTable                              
0     003fe6f0  _IQ12mpyRndSatTable                              
0     003fe6fc  _IQ11mpyRndSatTable                              
0     003fe708  _IQ10mpyRndSatTable                              
0     003fe714  _IQ9mpyRndSatTable                               
0     003fe720  _IQ8mpyRndSatTable                               
0     003fe72c  _IQ7mpyRndSatTable                               
0     003fe738  _IQ6mpyRndSatTable                               
0     003fe744  _IQ5mpyRndSatTable                               
0     003fe750  _IQ4mpyRndSatTable                               
0     003fe75c  _IQ3mpyRndSatTable                               
0     003fe768  _IQ2mpyRndSatTable                               
0     003fe774  _IQ1mpyRndSatTable                               
0     003fe780  _IQmpyRndSatTableEnd                             
1     00000400  __stack                                          
1     000007b0  __STACK_END                                      
abs   00000036  _RamfuncsLoadSize                                
abs   000003b0  __STACK_SIZE                                     
abs   00000400  __SYSMEM_SIZE                                    
abs   003f861b  _EST_getState                                    
abs   003f861d  _EST_useZeroIq_ref                               
abs   003f8679  _EST_isMotorIdentified                           
abs   003f8713  _EST_updateState                                 
abs   003f89f5  _EST_updateId_ref_pu                             
abs   003f8a18  _EST_setRs_pu                                    
abs   003f8adb  _EST_setMaxCurrentSlope_pu                       
abs   003f8ae7  _EST_setLs_q_pu                                  
abs   003f8af1  _EST_setLs_qFmt                                  
abs   003f8b45  _EST_setLs_d_pu                                  
abs   003f8b63  _EST_setIq_ref_pu                                
abs   003f8b67  _EST_setIdle_all                                 
abs   003f8b7a  _EST_setIdle                                     
abs   003f8b80  _EST_setId_ref_pu                                
abs   003f8bd3  _EST_setFlag_enableRsRecalc                      
abs   003f8bdb  _EST_setFlag_enableForceAngle                    
abs   003f8c0d  _EST_getAngle_pu                                 
abs   003f927b  _EST_run                                         
abs   003f9378  _EST_isOnLine                                    
abs   003f937f  _EST_isLockRotor                                 
abs   003f9386  _EST_isIdle                                      
abs   003f938d  _EST_isError                                     
abs   003f9453  _EST_get_pu_to_krpm_sf                           
abs   003f9458  _EST_get_krpm_to_pu_sf                           
abs   003f94c6  _EST_getSpeed_krpm                               
abs   003f9513  _EST_getRs_Ohm                                   
abs   003f95ad  _EST_getRr_Ohm                                   
abs   003f95b3  _EST_getOneOverDcBus_pu                          
abs   003f95bd  _EST_getMaxCurrentSlope_pu                       
abs   003f95c9  _EST_getLs_q_pu                                  
abs   003f95ce  _EST_getLs_q_H                                   
abs   003f95f0  _EST_getLs_d_pu                                  
abs   003f95f5  _EST_getLs_d_H                                   
abs   003f95ff  _EST_getLs_coarse_max_pu                         
abs   003f9632  _EST_getIdRated                                  
abs   003f968e  _EST_getFm_pu                                    
abs   003f96ab  _EST_getFlux_pu                                  
abs   003f96be  _EST_getFlux_VpHz                                
abs   003f9758  _EST_doSpeedCtrl                                 
abs   003f9760  _EST_doCurrentCtrl                               
abs   003f9806  _CTRL_setupTraj                                  
abs   003f996a  _CTRL_setupEstOnLineState                        
abs   003f99a5  _CTRL_setupEstIdleState                          
abs   003f9b43  _CTRL_setupCtrl                                  
abs   003f9d31  _CTRL_setUserMotorParams                         
abs   003f9e64  _CTRL_setEstParams                               
abs   003fa5d1  _CTRL_runTraj                                    
abs   003fa6fb  _CTRL_initCtrl                                   
abs   003fa721  _CTRL_getVersion                                 
abs   ffffffff  ___TI_pprof_out_hndl                             
abs   ffffffff  ___TI_prof_data_size                             
abs   ffffffff  ___TI_prof_data_start                            
abs   ffffffff  ___binit__                                       
abs   ffffffff  ___c_args__                                      
abs   ffffffff  ___pinit__                                       
abs   ffffffff  binit                                            
abs   ffffffff  pinit                                            

[737 symbols]
