<?xml version="1.0"?>
<link_info>
   <banner>TMS320C2000 Linker PC v6.2.9</banner>
   <copyright>Copyright (c) 1996-2014 Texas Instruments Incorporated</copyright>
   <link_time>0x58fa0881</link_time>
   <link_errors>0x0</link_errors>
   <output_file>lab01_ECanBack2Back.out</output_file>
   <entry_point>
      <name>_c_int00</name>
      <address>0xa3da</address>
   </entry_point>
   <input_file_list>
      <input_file id="fl-5">
         <path>.\</path>
         <kind>object</kind>
         <file>adc.obj</file>
         <name>adc.obj</name>
      </input_file>
      <input_file id="fl-6">
         <path>.\</path>
         <kind>object</kind>
         <file>clk.obj</file>
         <name>clk.obj</name>
      </input_file>
      <input_file id="fl-7">
         <path>.\</path>
         <kind>object</kind>
         <file>cpu.obj</file>
         <name>cpu.obj</name>
      </input_file>
      <input_file id="fl-8">
         <path>.\</path>
         <kind>object</kind>
         <file>drv8301.obj</file>
         <name>drv8301.obj</name>
      </input_file>
      <input_file id="fl-9">
         <path>.\</path>
         <kind>object</kind>
         <file>flash.obj</file>
         <name>flash.obj</name>
      </input_file>
      <input_file id="fl-a">
         <path>.\</path>
         <kind>object</kind>
         <file>gpio.obj</file>
         <name>gpio.obj</name>
      </input_file>
      <input_file id="fl-b">
         <path>.\</path>
         <kind>object</kind>
         <file>osc.obj</file>
         <name>osc.obj</name>
      </input_file>
      <input_file id="fl-c">
         <path>.\</path>
         <kind>object</kind>
         <file>pie.obj</file>
         <name>pie.obj</name>
      </input_file>
      <input_file id="fl-d">
         <path>.\</path>
         <kind>object</kind>
         <file>pll.obj</file>
         <name>pll.obj</name>
      </input_file>
      <input_file id="fl-e">
         <path>.\</path>
         <kind>object</kind>
         <file>proj_lab01.obj</file>
         <name>proj_lab01.obj</name>
      </input_file>
      <input_file id="fl-f">
         <path>.\</path>
         <kind>object</kind>
         <file>pwm.obj</file>
         <name>pwm.obj</name>
      </input_file>
      <input_file id="fl-10">
         <path>.\</path>
         <kind>object</kind>
         <file>pwr.obj</file>
         <name>pwr.obj</name>
      </input_file>
      <input_file id="fl-11">
         <path>.\</path>
         <kind>object</kind>
         <file>spi.obj</file>
         <name>spi.obj</name>
      </input_file>
      <input_file id="fl-12">
         <path>.\</path>
         <kind>object</kind>
         <file>timer.obj</file>
         <name>timer.obj</name>
      </input_file>
      <input_file id="fl-13">
         <path>.\</path>
         <kind>object</kind>
         <file>usDelay.obj</file>
         <name>usDelay.obj</name>
      </input_file>
      <input_file id="fl-14">
         <path>.\</path>
         <kind>object</kind>
         <file>user.obj</file>
         <name>user.obj</name>
      </input_file>
      <input_file id="fl-15">
         <path>.\</path>
         <kind>object</kind>
         <file>wdog.obj</file>
         <name>wdog.obj</name>
      </input_file>
      <input_file id="fl-16">
         <path>.\Include\hal\</path>
         <kind>object</kind>
         <file>hal.obj</file>
         <name>hal.obj</name>
      </input_file>
      <input_file id="fl-19">
         <path>C:\ti\ccsv6\tools\compiler\c2000_6.2.9\lib\</path>
         <kind>archive</kind>
         <file>rts2800_ml.lib</file>
         <name>fd_mpy.obj</name>
      </input_file>
      <input_file id="fl-1a">
         <path>C:\ti\ccsv6\tools\compiler\c2000_6.2.9\lib\</path>
         <kind>archive</kind>
         <file>rts2800_ml.lib</file>
         <name>fd_tol.obj</name>
      </input_file>
      <input_file id="fl-1b">
         <path>C:\ti\ccsv6\tools\compiler\c2000_6.2.9\lib\</path>
         <kind>archive</kind>
         <file>rts2800_ml.lib</file>
         <name>fs_add.obj</name>
      </input_file>
      <input_file id="fl-1c">
         <path>C:\ti\ccsv6\tools\compiler\c2000_6.2.9\lib\</path>
         <kind>archive</kind>
         <file>rts2800_ml.lib</file>
         <name>fs_cmp.obj</name>
      </input_file>
      <input_file id="fl-1d">
         <path>C:\ti\ccsv6\tools\compiler\c2000_6.2.9\lib\</path>
         <kind>archive</kind>
         <file>rts2800_ml.lib</file>
         <name>fs_div.obj</name>
      </input_file>
      <input_file id="fl-1e">
         <path>C:\ti\ccsv6\tools\compiler\c2000_6.2.9\lib\</path>
         <kind>archive</kind>
         <file>rts2800_ml.lib</file>
         <name>fs_mpy.obj</name>
      </input_file>
      <input_file id="fl-1f">
         <path>C:\ti\ccsv6\tools\compiler\c2000_6.2.9\lib\</path>
         <kind>archive</kind>
         <file>rts2800_ml.lib</file>
         <name>fs_neg.obj</name>
      </input_file>
      <input_file id="fl-20">
         <path>C:\ti\ccsv6\tools\compiler\c2000_6.2.9\lib\</path>
         <kind>archive</kind>
         <file>rts2800_ml.lib</file>
         <name>fs_tofd.obj</name>
      </input_file>
      <input_file id="fl-21">
         <path>C:\ti\ccsv6\tools\compiler\c2000_6.2.9\lib\</path>
         <kind>archive</kind>
         <file>rts2800_ml.lib</file>
         <name>fs_toi.obj</name>
      </input_file>
      <input_file id="fl-22">
         <path>C:\ti\ccsv6\tools\compiler\c2000_6.2.9\lib\</path>
         <kind>archive</kind>
         <file>rts2800_ml.lib</file>
         <name>fs_tou.obj</name>
      </input_file>
      <input_file id="fl-23">
         <path>C:\ti\ccsv6\tools\compiler\c2000_6.2.9\lib\</path>
         <kind>archive</kind>
         <file>rts2800_ml.lib</file>
         <name>fs_toul.obj</name>
      </input_file>
      <input_file id="fl-24">
         <path>C:\ti\ccsv6\tools\compiler\c2000_6.2.9\lib\</path>
         <kind>archive</kind>
         <file>rts2800_ml.lib</file>
         <name>i_tofs.obj</name>
      </input_file>
      <input_file id="fl-25">
         <path>C:\ti\ccsv6\tools\compiler\c2000_6.2.9\lib\</path>
         <kind>archive</kind>
         <file>rts2800_ml.lib</file>
         <name>u_tofs.obj</name>
      </input_file>
      <input_file id="fl-26">
         <path>C:\ti\ccsv6\tools\compiler\c2000_6.2.9\lib\</path>
         <kind>archive</kind>
         <file>rts2800_ml.lib</file>
         <name>ul_tofs.obj</name>
      </input_file>
      <input_file id="fl-27">
         <path>C:\ti\motorware\motorware_1_01_00_18\sw\modules\fast\lib\32b\f28x\f2806x\</path>
         <kind>archive</kind>
         <file>2806xRevB_FastSpinROMSymbols.lib</file>
         <name>TMS320x2806x_REVB_boot_rom_out__CTRL_setGains_tmp.obj</name>
      </input_file>
      <input_file id="fl-28">
         <path>C:\ti\motorware\motorware_1_01_00_18\sw\modules\fast\lib\32b\f28x\f2806x\</path>
         <kind>archive</kind>
         <file>2806xRevB_FastSpinROMSymbols.lib</file>
         <name>TMS320x2806x_REVB_boot_rom_out__EST_getFlux_pu_tmp.obj</name>
      </input_file>
      <input_file id="fl-29">
         <path>C:\ti\motorware\motorware_1_01_00_18\sw\modules\fast\lib\32b\f28x\f2806x\</path>
         <kind>archive</kind>
         <file>2806xRevB_FastSpinROMSymbols.lib</file>
         <name>TMS320x2806x_REVB_boot_rom_out__EST_getLs_coarse_max_pu_tmp.obj</name>
      </input_file>
      <input_file id="fl-2a">
         <path>C:\ti\motorware\motorware_1_01_00_18\sw\modules\fast\lib\32b\f28x\f2806x\</path>
         <kind>archive</kind>
         <file>2806xRevB_FastSpinROMSymbols.lib</file>
         <name>TMS320x2806x_REVB_boot_rom_out__EST_getLs_d_H_tmp.obj</name>
      </input_file>
      <input_file id="fl-2b">
         <path>C:\ti\motorware\motorware_1_01_00_18\sw\modules\fast\lib\32b\f28x\f2806x\</path>
         <kind>archive</kind>
         <file>2806xRevB_FastSpinROMSymbols.lib</file>
         <name>TMS320x2806x_REVB_boot_rom_out__EST_getLs_d_pu_tmp.obj</name>
      </input_file>
      <input_file id="fl-2c">
         <path>C:\ti\motorware\motorware_1_01_00_18\sw\modules\fast\lib\32b\f28x\f2806x\</path>
         <kind>archive</kind>
         <file>2806xRevB_FastSpinROMSymbols.lib</file>
         <name>TMS320x2806x_REVB_boot_rom_out__EST_getLs_q_H_tmp.obj</name>
      </input_file>
      <input_file id="fl-2d">
         <path>C:\ti\motorware\motorware_1_01_00_18\sw\modules\fast\lib\32b\f28x\f2806x\</path>
         <kind>archive</kind>
         <file>2806xRevB_FastSpinROMSymbols.lib</file>
         <name>TMS320x2806x_REVB_boot_rom_out__EST_getLs_q_pu_tmp.obj</name>
      </input_file>
      <input_file id="fl-2e">
         <path>C:\ti\motorware\motorware_1_01_00_18\sw\modules\fast\lib\32b\f28x\f2806x\</path>
         <kind>archive</kind>
         <file>2806xRevB_FastSpinROMSymbols.lib</file>
         <name>TMS320x2806x_REVB_boot_rom_out__EST_getRs_Ohm_tmp.obj</name>
      </input_file>
      <input_file id="fl-2f">
         <path>C:\ti\motorware\motorware_1_01_00_18\sw\modules\fast\lib\32b\f28x\f2806x\</path>
         <kind>archive</kind>
         <file>2806xRevB_FastSpinROMSymbols.lib</file>
         <name>TMS320x2806x_REVB_boot_rom_out__EST_setLs_d_pu_tmp.obj</name>
      </input_file>
      <input_file id="fl-30">
         <path>C:\ti\motorware\motorware_1_01_00_18\sw\modules\fast\lib\32b\f28x\f2806x\</path>
         <kind>archive</kind>
         <file>2806xRevB_FastSpinROMSymbols.lib</file>
         <name>TMS320x2806x_REVB_boot_rom_out__EST_setLs_qFmt_tmp.obj</name>
      </input_file>
      <input_file id="fl-31">
         <path>C:\ti\motorware\motorware_1_01_00_18\sw\modules\fast\lib\32b\f28x\f2806x\</path>
         <kind>archive</kind>
         <file>2806xRevB_FastSpinROMSymbols.lib</file>
         <name>TMS320x2806x_REVB_boot_rom_out__EST_setLs_q_pu_tmp.obj</name>
      </input_file>
      <input_file id="fl-32">
         <path>C:\ti\motorware\motorware_1_01_00_18\sw\modules\fast\lib\32b\f28x\f2806x\</path>
         <kind>archive</kind>
         <file>2806xRevB_FastSpinROMSymbols.lib</file>
         <name>TMS320x2806x_REVB_boot_rom_out__OFFSET_init_tmp.obj</name>
      </input_file>
      <input_file id="fl-33">
         <path>C:\ti\motorware\motorware_1_01_00_18\sw\modules\fast\lib\32b\f28x\f2806x\</path>
         <kind>archive</kind>
         <file>2806xRevB_FastSpinROMSymbols.lib</file>
         <name>TMS320x2806x_REVB_boot_rom_out__OFFSET_setBeta_tmp.obj</name>
      </input_file>
      <input_file id="fl-34">
         <path>C:\ti\motorware\motorware_1_01_00_18\sw\modules\fast\lib\32b\f28x\f2806x\</path>
         <kind>archive</kind>
         <file>2806xRevB_FastSpinROMSymbols.lib</file>
         <name>TMS320x2806x_REVB_boot_rom_out__OFFSET_setInitCond_tmp.obj</name>
      </input_file>
      <input_file id="fl-35">
         <path>C:\ti\motorware\motorware_1_01_00_18\sw\modules\fast\lib\32b\f28x\f2806x\</path>
         <kind>archive</kind>
         <file>2806xRevB_FastSpinROMSymbols.lib</file>
         <name>TMS320x2806x_REVB_boot_rom_out__OFFSET_setOffset_tmp.obj</name>
      </input_file>
      <input_file id="fl-36">
         <path>C:\ti\motorware\motorware_1_01_00_18\sw\modules\iqmath\lib\f28x\32b\</path>
         <kind>archive</kind>
         <file>IQmath.lib</file>
         <name>IQ30toF.obj</name>
      </input_file>
      <input_file id="fl-37">
         <path>C:\ti\ccsv6\tools\compiler\c2000_6.2.9\lib\</path>
         <kind>archive</kind>
         <file>rts2800_ml.lib</file>
         <name>boot.obj</name>
      </input_file>
      <input_file id="fl-38">
         <path>C:\ti\ccsv6\tools\compiler\c2000_6.2.9\lib\</path>
         <kind>archive</kind>
         <file>rts2800_ml.lib</file>
         <name>args_main.obj</name>
      </input_file>
      <input_file id="fl-39">
         <path>C:\ti\ccsv6\tools\compiler\c2000_6.2.9\lib\</path>
         <kind>archive</kind>
         <file>rts2800_ml.lib</file>
         <name>exit.obj</name>
      </input_file>
      <input_file id="fl-3a">
         <path>C:\ti\ccsv6\tools\compiler\c2000_6.2.9\lib\</path>
         <kind>archive</kind>
         <file>rts2800_ml.lib</file>
         <name>_lock.obj</name>
      </input_file>
      <input_file id="fl-3b">
         <path>C:\ti\ccsv6\tools\compiler\c2000_6.2.9\lib\</path>
         <kind>archive</kind>
         <file>rts2800_ml.lib</file>
         <name>log.obj</name>
      </input_file>
      <input_file id="fl-3c">
         <path>C:\ti\ccsv6\tools\compiler\c2000_6.2.9\lib\</path>
         <kind>archive</kind>
         <file>rts2800_ml.lib</file>
         <name>errno.obj</name>
      </input_file>
      <input_file id="fl-3d">
         <path>C:\ti\ccsv6\tools\compiler\c2000_6.2.9\lib\</path>
         <kind>archive</kind>
         <file>rts2800_ml.lib</file>
         <name>frexp.obj</name>
      </input_file>
      <input_file id="fl-3e">
         <path>C:\ti\ccsv6\tools\compiler\c2000_6.2.9\lib\</path>
         <kind>archive</kind>
         <file>rts2800_ml.lib</file>
         <name>modf.obj</name>
      </input_file>
      <input_file id="fl-3f">
         <path>C:\ti\ccsv6\tools\compiler\c2000_6.2.9\lib\</path>
         <kind>archive</kind>
         <file>rts2800_ml.lib</file>
         <name>fs_tol.obj</name>
      </input_file>
      <input_file id="fl-40">
         <path>C:\ti\ccsv6\tools\compiler\c2000_6.2.9\lib\</path>
         <kind>archive</kind>
         <file>rts2800_ml.lib</file>
         <name>l_tofs.obj</name>
      </input_file>
      <input_file id="fl-41">
         <path>C:\ti\ccsv6\tools\compiler\c2000_6.2.9\lib\</path>
         <kind>archive</kind>
         <file>rts2800_ml.lib</file>
         <name>pow.obj</name>
      </input_file>
      <input_file id="fl-42">
         <path>C:\ti\ccsv6\tools\compiler\c2000_6.2.9\lib\</path>
         <kind>archive</kind>
         <file>rts2800_ml.lib</file>
         <name>i_div.obj</name>
      </input_file>
      <input_file id="fl-43">
         <path>C:\ti\ccsv6\tools\compiler\c2000_6.2.9\lib\</path>
         <kind>archive</kind>
         <file>rts2800_ml.lib</file>
         <name>_log.obj</name>
      </input_file>
      <input_file id="fl-44">
         <path>C:\ti\ccsv6\tools\compiler\c2000_6.2.9\lib\</path>
         <kind>archive</kind>
         <file>rts2800_ml.lib</file>
         <name>exp.obj</name>
      </input_file>
      <input_file id="fl-45">
         <path>C:\ti\ccsv6\tools\compiler\c2000_6.2.9\lib\</path>
         <kind>archive</kind>
         <file>rts2800_ml.lib</file>
         <name>ldexp.obj</name>
      </input_file>
   </input_file_list>
   <object_component_list>
      <object_component id="oc-f4">
         <name>ramfuncs</name>
         <load_address>0x11f</load_address>
         <run_address>0x11f</run_address>
         <size>0x32</size>
         <input_file_ref idref="fl-9"/>
      </object_component>
      <object_component id="oc-59">
         <name>ramfuncs</name>
         <load_address>0x151</load_address>
         <run_address>0x151</run_address>
         <size>0x4</size>
         <input_file_ref idref="fl-13"/>
      </object_component>
      <object_component id="oc-eb">
         <name>.text</name>
         <load_address>0x8000</load_address>
         <run_address>0x8000</run_address>
         <size>0xa8d</size>
         <input_file_ref idref="fl-16"/>
      </object_component>
      <object_component id="oc-ec">
         <name>.text</name>
         <load_address>0x8a8d</load_address>
         <run_address>0x8a8d</run_address>
         <size>0x45c</size>
         <input_file_ref idref="fl-14"/>
      </object_component>
      <object_component id="oc-f1">
         <name>.text</name>
         <load_address>0x8ee9</load_address>
         <run_address>0x8ee9</run_address>
         <size>0x2f1</size>
         <input_file_ref idref="fl-f"/>
      </object_component>
      <object_component id="oc-ed">
         <name>.text</name>
         <load_address>0x91da</load_address>
         <run_address>0x91da</run_address>
         <size>0x2b8</size>
         <input_file_ref idref="fl-8"/>
      </object_component>
      <object_component id="oc-ea">
         <name>.text</name>
         <load_address>0x9492</load_address>
         <run_address>0x9492</run_address>
         <size>0x2ac</size>
         <input_file_ref idref="fl-e"/>
      </object_component>
      <object_component id="oc-f5">
         <name>.text</name>
         <load_address>0x973e</load_address>
         <run_address>0x973e</run_address>
         <size>0x1fb</size>
         <input_file_ref idref="fl-5"/>
      </object_component>
      <object_component id="oc-e8">
         <name>.text</name>
         <load_address>0x9939</load_address>
         <run_address>0x9939</run_address>
         <size>0x194</size>
         <input_file_ref idref="fl-a"/>
      </object_component>
      <object_component id="oc-f0">
         <name>.text</name>
         <load_address>0x9acd</load_address>
         <run_address>0x9acd</run_address>
         <size>0x18a</size>
         <input_file_ref idref="fl-6"/>
      </object_component>
      <object_component id="oc-f3">
         <name>.text</name>
         <load_address>0x9c57</load_address>
         <run_address>0x9c57</run_address>
         <size>0x10e</size>
         <input_file_ref idref="fl-c"/>
      </object_component>
      <object_component id="oc-45">
         <name>.text:retain</name>
         <load_address>0x9d65</load_address>
         <run_address>0x9d65</run_address>
         <size>0xb1</size>
         <input_file_ref idref="fl-e"/>
      </object_component>
      <object_component id="oc-fb">
         <name>.text</name>
         <load_address>0x9e16</load_address>
         <run_address>0x9e16</run_address>
         <size>0xaa</size>
         <input_file_ref idref="fl-3b"/>
      </object_component>
      <object_component id="oc-ef">
         <name>.text</name>
         <load_address>0x9ec0</load_address>
         <run_address>0x9ec0</run_address>
         <size>0xa9</size>
         <input_file_ref idref="fl-11"/>
      </object_component>
      <object_component id="oc-100">
         <name>.text</name>
         <load_address>0x9f69</load_address>
         <run_address>0x9f69</run_address>
         <size>0x9d</size>
         <input_file_ref idref="fl-44"/>
      </object_component>
      <object_component id="oc-ff">
         <name>.text</name>
         <load_address>0xa006</load_address>
         <run_address>0xa006</run_address>
         <size>0x8d</size>
         <input_file_ref idref="fl-43"/>
      </object_component>
      <object_component id="oc-fd">
         <name>.text</name>
         <load_address>0xa093</load_address>
         <run_address>0xa093</run_address>
         <size>0x87</size>
         <input_file_ref idref="fl-41"/>
      </object_component>
      <object_component id="oc-6c">
         <name>.text</name>
         <load_address>0xa11a</load_address>
         <run_address>0xa11a</run_address>
         <size>0x83</size>
         <input_file_ref idref="fl-19"/>
      </object_component>
      <object_component id="oc-7c">
         <name>.text</name>
         <load_address>0xa19d</load_address>
         <run_address>0xa19d</run_address>
         <size>0x83</size>
         <input_file_ref idref="fl-1d"/>
      </object_component>
      <object_component id="oc-74">
         <name>.text</name>
         <load_address>0xa220</load_address>
         <run_address>0xa220</run_address>
         <size>0x78</size>
         <input_file_ref idref="fl-1b"/>
      </object_component>
      <object_component id="oc-f2">
         <name>.text</name>
         <load_address>0xa298</load_address>
         <run_address>0xa298</run_address>
         <size>0x5b</size>
         <input_file_ref idref="fl-d"/>
      </object_component>
      <object_component id="oc-80">
         <name>.text</name>
         <load_address>0xa2f3</load_address>
         <run_address>0xa2f3</run_address>
         <size>0x5a</size>
         <input_file_ref idref="fl-1e"/>
      </object_component>
      <object_component id="oc-fa">
         <name>.text</name>
         <load_address>0xa34d</load_address>
         <run_address>0xa34d</run_address>
         <size>0x47</size>
         <input_file_ref idref="fl-10"/>
      </object_component>
      <object_component id="oc-f8">
         <name>.text</name>
         <load_address>0xa394</load_address>
         <run_address>0xa394</run_address>
         <size>0x46</size>
         <input_file_ref idref="fl-15"/>
      </object_component>
      <object_component id="oc-17">
         <name>.text</name>
         <load_address>0xa3da</load_address>
         <run_address>0xa3da</run_address>
         <size>0x44</size>
         <input_file_ref idref="fl-37"/>
      </object_component>
      <object_component id="oc-101">
         <name>.text</name>
         <load_address>0xa41e</load_address>
         <run_address>0xa41e</run_address>
         <size>0x3f</size>
         <input_file_ref idref="fl-45"/>
      </object_component>
      <object_component id="oc-ee">
         <name>.text</name>
         <load_address>0xa45d</load_address>
         <run_address>0xa45d</run_address>
         <size>0x32</size>
         <input_file_ref idref="fl-12"/>
      </object_component>
      <object_component id="oc-fc">
         <name>.text</name>
         <load_address>0xa48f</load_address>
         <run_address>0xa48f</run_address>
         <size>0x31</size>
         <input_file_ref idref="fl-3e"/>
      </object_component>
      <object_component id="oc-f6">
         <name>.text</name>
         <load_address>0xa4c0</load_address>
         <run_address>0xa4c0</run_address>
         <size>0x2d</size>
         <input_file_ref idref="fl-b"/>
      </object_component>
      <object_component id="oc-ca">
         <name>.text</name>
         <load_address>0xa4ed</load_address>
         <run_address>0xa4ed</run_address>
         <size>0x29</size>
         <input_file_ref idref="fl-3f"/>
      </object_component>
      <object_component id="oc-f7">
         <name>.text</name>
         <load_address>0xa516</load_address>
         <run_address>0xa516</run_address>
         <size>0x27</size>
         <input_file_ref idref="fl-7"/>
      </object_component>
      <object_component id="oc-8c">
         <name>.text</name>
         <load_address>0xa53d</load_address>
         <run_address>0xa53d</run_address>
         <size>0x25</size>
         <input_file_ref idref="fl-21"/>
      </object_component>
      <object_component id="oc-d6">
         <name>.text</name>
         <load_address>0xa562</load_address>
         <run_address>0xa562</run_address>
         <size>0x22</size>
         <input_file_ref idref="fl-42"/>
      </object_component>
      <object_component id="oc-94">
         <name>.text</name>
         <load_address>0xa584</load_address>
         <run_address>0xa584</run_address>
         <size>0x21</size>
         <input_file_ref idref="fl-23"/>
      </object_component>
      <object_component id="oc-f9">
         <name>.text</name>
         <load_address>0xa5a5</load_address>
         <run_address>0xa5a5</run_address>
         <size>0x20</size>
         <input_file_ref idref="fl-9"/>
      </object_component>
      <object_component id="oc-70">
         <name>.text</name>
         <load_address>0xa5c5</load_address>
         <run_address>0xa5c5</run_address>
         <size>0x1f</size>
         <input_file_ref idref="fl-1a"/>
      </object_component>
      <object_component id="oc-90">
         <name>.text</name>
         <load_address>0xa5e4</load_address>
         <run_address>0xa5e4</run_address>
         <size>0x1d</size>
         <input_file_ref idref="fl-22"/>
      </object_component>
      <object_component id="oc-88">
         <name>.text</name>
         <load_address>0xa601</load_address>
         <run_address>0xa601</run_address>
         <size>0x1c</size>
         <input_file_ref idref="fl-20"/>
      </object_component>
      <object_component id="oc-98">
         <name>.text</name>
         <load_address>0xa61d</load_address>
         <run_address>0xa61d</run_address>
         <size>0x1a</size>
         <input_file_ref idref="fl-24"/>
      </object_component>
      <object_component id="oc-ce">
         <name>.text</name>
         <load_address>0xa637</load_address>
         <run_address>0xa637</run_address>
         <size>0x1a</size>
         <input_file_ref idref="fl-40"/>
      </object_component>
      <object_component id="oc-e6">
         <name>.text</name>
         <load_address>0xa651</load_address>
         <run_address>0xa651</run_address>
         <size>0x19</size>
         <input_file_ref idref="fl-38"/>
      </object_component>
      <object_component id="oc-e7">
         <name>.text</name>
         <load_address>0xa66a</load_address>
         <run_address>0xa66a</run_address>
         <size>0x19</size>
         <input_file_ref idref="fl-39"/>
      </object_component>
      <object_component id="oc-78">
         <name>.text</name>
         <load_address>0xa683</load_address>
         <run_address>0xa683</run_address>
         <size>0x17</size>
         <input_file_ref idref="fl-1c"/>
      </object_component>
      <object_component id="oc-fe">
         <name>.text</name>
         <load_address>0xa69a</load_address>
         <run_address>0xa69a</run_address>
         <size>0x14</size>
         <input_file_ref idref="fl-3d"/>
      </object_component>
      <object_component id="oc-a0">
         <name>.text</name>
         <load_address>0xa6ae</load_address>
         <run_address>0xa6ae</run_address>
         <size>0x13</size>
         <input_file_ref idref="fl-26"/>
      </object_component>
      <object_component id="oc-9c">
         <name>.text</name>
         <load_address>0xa6c1</load_address>
         <run_address>0xa6c1</run_address>
         <size>0x10</size>
         <input_file_ref idref="fl-25"/>
      </object_component>
      <object_component id="oc-e9">
         <name>.text</name>
         <load_address>0xa6d1</load_address>
         <run_address>0xa6d1</run_address>
         <size>0x9</size>
         <input_file_ref idref="fl-3a"/>
      </object_component>
      <object_component id="oc-38">
         <name>.text:retain</name>
         <load_address>0xa6da</load_address>
         <run_address>0xa6da</run_address>
         <size>0x5</size>
         <input_file_ref idref="fl-c"/>
      </object_component>
      <object_component id="oc-84">
         <name>.text</name>
         <load_address>0xa6df</load_address>
         <run_address>0xa6df</run_address>
         <size>0x5</size>
         <input_file_ref idref="fl-1f"/>
      </object_component>
      <object_component id="oc-41">
         <name>.cinit</name>
         <load_address>0x50</load_address>
         <run_address>0x50</run_address>
         <size>0xb1</size>
         <input_file_ref idref="fl-e"/>
      </object_component>
      <object_component id="oc-b5">
         <name>.cinit</name>
         <load_address>0x101</load_address>
         <run_address>0x101</run_address>
         <size>0xa</size>
         <input_file_ref idref="fl-3a"/>
      </object_component>
      <object_component id="oc-af">
         <name>.cinit</name>
         <load_address>0x10b</load_address>
         <run_address>0x10b</run_address>
         <size>0xa</size>
         <input_file_ref idref="fl-39"/>
      </object_component>
      <object_component id="oc-26">
         <name>.cinit</name>
         <load_address>0x115</load_address>
         <run_address>0x115</run_address>
         <size>0x4</size>
         <input_file_ref idref="fl-8"/>
      </object_component>
      <object_component id="oc-bf">
         <name>.cinit</name>
         <load_address>0x119</load_address>
         <run_address>0x119</run_address>
         <size>0x4</size>
         <input_file_ref idref="fl-3c"/>
      </object_component>
      <object_component id="oc-a6">
         <name>.reset</name>
         <load_address>0x3fffc0</load_address>
         <run_address>0x3fffc0</run_address>
         <size>0x2</size>
         <input_file_ref idref="fl-37"/>
      </object_component>
      <object_component id="oc-a5">
         <name>.stack</name>
         <uninitialized>true</uninitialized>
         <run_address>0x400</run_address>
         <size>0x0</size>
         <input_file_ref idref="fl-37"/>
      </object_component>
      <object_component id="oc-120">
         <name>.stack</name>
         <uninitialized>true</uninitialized>
         <run_address>0x400</run_address>
         <size>0x0</size>
      </object_component>
      <object_component id="oc-21">
         <name>.ebss</name>
         <uninitialized>true</uninitialized>
         <run_address>0xa6ee</run_address>
         <size>0x1</size>
         <input_file_ref idref="fl-7"/>
      </object_component>
      <object_component id="oc-27">
         <name>.ebss</name>
         <uninitialized>true</uninitialized>
         <run_address>0xa6ec</run_address>
         <size>0x2</size>
         <input_file_ref idref="fl-8"/>
      </object_component>
      <object_component id="oc-42">
         <name>.ebss</name>
         <uninitialized>true</uninitialized>
         <run_address>0xa700</run_address>
         <size>0x16c</size>
         <input_file_ref idref="fl-e"/>
      </object_component>
      <object_component id="oc-67">
         <name>.ebss</name>
         <uninitialized>true</uninitialized>
         <run_address>0xa880</run_address>
         <size>0xa8</size>
         <input_file_ref idref="fl-16"/>
      </object_component>
      <object_component id="oc-b0">
         <name>.ebss</name>
         <uninitialized>true</uninitialized>
         <run_address>0xa6e8</run_address>
         <size>0x4</size>
         <input_file_ref idref="fl-39"/>
      </object_component>
      <object_component id="oc-b6">
         <name>.ebss</name>
         <uninitialized>true</uninitialized>
         <run_address>0xa6e4</run_address>
         <size>0x4</size>
         <input_file_ref idref="fl-3a"/>
      </object_component>
      <object_component id="oc-c0">
         <name>.ebss</name>
         <uninitialized>true</uninitialized>
         <run_address>0xa6ef</run_address>
         <size>0x1</size>
         <input_file_ref idref="fl-3c"/>
      </object_component>
      <object_component id="oc-5e">
         <name>.econst</name>
         <load_address>0xa93c</load_address>
         <run_address>0xa93c</run_address>
         <size>0x8</size>
         <input_file_ref idref="fl-14"/>
      </object_component>
      <object_component id="oc-68">
         <name>.econst</name>
         <load_address>0xa944</load_address>
         <run_address>0xa944</run_address>
         <size>0x4</size>
         <input_file_ref idref="fl-16"/>
      </object_component>
      <object_component id="oc-a4">
         <name>IQmath</name>
         <load_address>0xa928</load_address>
         <run_address>0xa928</run_address>
         <size>0x14</size>
         <input_file_ref idref="fl-36"/>
      </object_component>
      <object_component id="oc-43">
         <name>ECanaRegsFile</name>
         <uninitialized>true</uninitialized>
         <run_address>0x6000</run_address>
         <size>0x34</size>
         <input_file_ref idref="fl-e"/>
      </object_component>
      <object_component id="oc-44">
         <name>ECanaMboxesFile</name>
         <uninitialized>true</uninitialized>
         <run_address>0x6100</run_address>
         <size>0x100</size>
         <input_file_ref idref="fl-e"/>
      </object_component>
      <object_component id="oc-18">
         <name>.debug_info</name>
         <load_address>0x0</load_address>
         <run_address>0x0</run_address>
         <size>0x4389</size>
         <input_file_ref idref="fl-5"/>
      </object_component>
      <object_component id="oc-1c">
         <name>.debug_info</name>
         <load_address>0x4389</load_address>
         <run_address>0x4389</run_address>
         <size>0x4d3e</size>
         <input_file_ref idref="fl-6"/>
      </object_component>
      <object_component id="oc-20">
         <name>.debug_info</name>
         <load_address>0x90c7</load_address>
         <run_address>0x90c7</run_address>
         <size>0x102d</size>
         <input_file_ref idref="fl-7"/>
      </object_component>
      <object_component id="oc-25">
         <name>.debug_info</name>
         <load_address>0xa0f4</load_address>
         <run_address>0xa0f4</run_address>
         <size>0x4d60</size>
         <input_file_ref idref="fl-8"/>
      </object_component>
      <object_component id="oc-2b">
         <name>.debug_info</name>
         <load_address>0xee54</load_address>
         <run_address>0xee54</run_address>
         <size>0x2004</size>
         <input_file_ref idref="fl-9"/>
      </object_component>
      <object_component id="oc-2f">
         <name>.debug_info</name>
         <load_address>0x10e58</load_address>
         <run_address>0x10e58</run_address>
         <size>0x36c1</size>
         <input_file_ref idref="fl-a"/>
      </object_component>
      <object_component id="oc-33">
         <name>.debug_info</name>
         <load_address>0x14519</load_address>
         <run_address>0x14519</run_address>
         <size>0x9dd</size>
         <input_file_ref idref="fl-b"/>
      </object_component>
      <object_component id="oc-37">
         <name>.debug_info</name>
         <load_address>0x14ef6</load_address>
         <run_address>0x14ef6</run_address>
         <size>0x468e</size>
         <input_file_ref idref="fl-c"/>
      </object_component>
      <object_component id="oc-3c">
         <name>.debug_info</name>
         <load_address>0x19584</load_address>
         <run_address>0x19584</run_address>
         <size>0x19d8</size>
         <input_file_ref idref="fl-d"/>
      </object_component>
      <object_component id="oc-40">
         <name>.debug_info</name>
         <load_address>0x1af5c</load_address>
         <run_address>0x1af5c</run_address>
         <size>0xb06c</size>
         <input_file_ref idref="fl-e"/>
      </object_component>
      <object_component id="oc-49">
         <name>.debug_info</name>
         <load_address>0x25fc8</load_address>
         <run_address>0x25fc8</run_address>
         <size>0xaf98</size>
         <input_file_ref idref="fl-f"/>
      </object_component>
      <object_component id="oc-4d">
         <name>.debug_info</name>
         <load_address>0x30f60</load_address>
         <run_address>0x30f60</run_address>
         <size>0x1336</size>
         <input_file_ref idref="fl-10"/>
      </object_component>
      <object_component id="oc-51">
         <name>.debug_info</name>
         <load_address>0x32296</load_address>
         <run_address>0x32296</run_address>
         <size>0x3af7</size>
         <input_file_ref idref="fl-11"/>
      </object_component>
      <object_component id="oc-55">
         <name>.debug_info</name>
         <load_address>0x35d8d</load_address>
         <run_address>0x35d8d</run_address>
         <size>0xec4</size>
         <input_file_ref idref="fl-12"/>
      </object_component>
      <object_component id="oc-5a">
         <name>.debug_info</name>
         <load_address>0x36c51</load_address>
         <run_address>0x36c51</run_address>
         <size>0x17f</size>
         <input_file_ref idref="fl-13"/>
      </object_component>
      <object_component id="oc-5d">
         <name>.debug_info</name>
         <load_address>0x36dd0</load_address>
         <run_address>0x36dd0</run_address>
         <size>0x4937</size>
         <input_file_ref idref="fl-14"/>
      </object_component>
      <object_component id="oc-62">
         <name>.debug_info</name>
         <load_address>0x3b707</load_address>
         <run_address>0x3b707</run_address>
         <size>0x1266</size>
         <input_file_ref idref="fl-15"/>
      </object_component>
      <object_component id="oc-66">
         <name>.debug_info</name>
         <load_address>0x3c96d</load_address>
         <run_address>0x3c96d</run_address>
         <size>0x10409</size>
         <input_file_ref idref="fl-16"/>
      </object_component>
      <object_component id="oc-6d">
         <name>.debug_info</name>
         <load_address>0x4cd76</load_address>
         <run_address>0x4cd76</run_address>
         <size>0xc0</size>
         <input_file_ref idref="fl-19"/>
      </object_component>
      <object_component id="oc-71">
         <name>.debug_info</name>
         <load_address>0x4ce36</load_address>
         <run_address>0x4ce36</run_address>
         <size>0xc0</size>
         <input_file_ref idref="fl-1a"/>
      </object_component>
      <object_component id="oc-75">
         <name>.debug_info</name>
         <load_address>0x4cef6</load_address>
         <run_address>0x4cef6</run_address>
         <size>0xc0</size>
         <input_file_ref idref="fl-1b"/>
      </object_component>
      <object_component id="oc-79">
         <name>.debug_info</name>
         <load_address>0x4cfb6</load_address>
         <run_address>0x4cfb6</run_address>
         <size>0xc0</size>
         <input_file_ref idref="fl-1c"/>
      </object_component>
      <object_component id="oc-7d">
         <name>.debug_info</name>
         <load_address>0x4d076</load_address>
         <run_address>0x4d076</run_address>
         <size>0xc0</size>
         <input_file_ref idref="fl-1d"/>
      </object_component>
      <object_component id="oc-81">
         <name>.debug_info</name>
         <load_address>0x4d136</load_address>
         <run_address>0x4d136</run_address>
         <size>0xc0</size>
         <input_file_ref idref="fl-1e"/>
      </object_component>
      <object_component id="oc-85">
         <name>.debug_info</name>
         <load_address>0x4d1f6</load_address>
         <run_address>0x4d1f6</run_address>
         <size>0xc0</size>
         <input_file_ref idref="fl-1f"/>
      </object_component>
      <object_component id="oc-89">
         <name>.debug_info</name>
         <load_address>0x4d2b6</load_address>
         <run_address>0x4d2b6</run_address>
         <size>0xc3</size>
         <input_file_ref idref="fl-20"/>
      </object_component>
      <object_component id="oc-8d">
         <name>.debug_info</name>
         <load_address>0x4d379</load_address>
         <run_address>0x4d379</run_address>
         <size>0xcc</size>
         <input_file_ref idref="fl-21"/>
      </object_component>
      <object_component id="oc-91">
         <name>.debug_info</name>
         <load_address>0x4d445</load_address>
         <run_address>0x4d445</run_address>
         <size>0xcc</size>
         <input_file_ref idref="fl-22"/>
      </object_component>
      <object_component id="oc-95">
         <name>.debug_info</name>
         <load_address>0x4d511</load_address>
         <run_address>0x4d511</run_address>
         <size>0xcf</size>
         <input_file_ref idref="fl-23"/>
      </object_component>
      <object_component id="oc-99">
         <name>.debug_info</name>
         <load_address>0x4d5e0</load_address>
         <run_address>0x4d5e0</run_address>
         <size>0xc6</size>
         <input_file_ref idref="fl-24"/>
      </object_component>
      <object_component id="oc-9d">
         <name>.debug_info</name>
         <load_address>0x4d6a6</load_address>
         <run_address>0x4d6a6</run_address>
         <size>0xc0</size>
         <input_file_ref idref="fl-25"/>
      </object_component>
      <object_component id="oc-a1">
         <name>.debug_info</name>
         <load_address>0x4d766</load_address>
         <run_address>0x4d766</run_address>
         <size>0xc3</size>
         <input_file_ref idref="fl-26"/>
      </object_component>
      <object_component id="oc-a7">
         <name>.debug_info</name>
         <load_address>0x4d829</load_address>
         <run_address>0x4d829</run_address>
         <size>0xde</size>
         <input_file_ref idref="fl-37"/>
      </object_component>
      <object_component id="oc-aa">
         <name>.debug_info</name>
         <load_address>0x4d907</load_address>
         <run_address>0x4d907</run_address>
         <size>0x3bd</size>
         <input_file_ref idref="fl-38"/>
      </object_component>
      <object_component id="oc-ae">
         <name>.debug_info</name>
         <load_address>0x4dcc4</load_address>
         <run_address>0x4dcc4</run_address>
         <size>0x3d6</size>
         <input_file_ref idref="fl-39"/>
      </object_component>
      <object_component id="oc-b4">
         <name>.debug_info</name>
         <load_address>0x4e09a</load_address>
         <run_address>0x4e09a</run_address>
         <size>0x3fc</size>
         <input_file_ref idref="fl-3a"/>
      </object_component>
      <object_component id="oc-ba">
         <name>.debug_info</name>
         <load_address>0x4e496</load_address>
         <run_address>0x4e496</run_address>
         <size>0x47d</size>
         <input_file_ref idref="fl-3b"/>
      </object_component>
      <object_component id="oc-be">
         <name>.debug_info</name>
         <load_address>0x4e913</load_address>
         <run_address>0x4e913</run_address>
         <size>0x2a3</size>
         <input_file_ref idref="fl-3c"/>
      </object_component>
      <object_component id="oc-c2">
         <name>.debug_info</name>
         <load_address>0x4ebb6</load_address>
         <run_address>0x4ebb6</run_address>
         <size>0x31f</size>
         <input_file_ref idref="fl-3d"/>
      </object_component>
      <object_component id="oc-c6">
         <name>.debug_info</name>
         <load_address>0x4eed5</load_address>
         <run_address>0x4eed5</run_address>
         <size>0x37b</size>
         <input_file_ref idref="fl-3e"/>
      </object_component>
      <object_component id="oc-cb">
         <name>.debug_info</name>
         <load_address>0x4f250</load_address>
         <run_address>0x4f250</run_address>
         <size>0xcc</size>
         <input_file_ref idref="fl-3f"/>
      </object_component>
      <object_component id="oc-cf">
         <name>.debug_info</name>
         <load_address>0x4f31c</load_address>
         <run_address>0x4f31c</run_address>
         <size>0xc6</size>
         <input_file_ref idref="fl-40"/>
      </object_component>
      <object_component id="oc-d2">
         <name>.debug_info</name>
         <load_address>0x4f3e2</load_address>
         <run_address>0x4f3e2</run_address>
         <size>0x44d</size>
         <input_file_ref idref="fl-41"/>
      </object_component>
      <object_component id="oc-d7">
         <name>.debug_info</name>
         <load_address>0x4f82f</load_address>
         <run_address>0x4f82f</run_address>
         <size>0xeb</size>
         <input_file_ref idref="fl-42"/>
      </object_component>
      <object_component id="oc-da">
         <name>.debug_info</name>
         <load_address>0x4f91a</load_address>
         <run_address>0x4f91a</run_address>
         <size>0x452</size>
         <input_file_ref idref="fl-43"/>
      </object_component>
      <object_component id="oc-de">
         <name>.debug_info</name>
         <load_address>0x4fd6c</load_address>
         <run_address>0x4fd6c</run_address>
         <size>0x450</size>
         <input_file_ref idref="fl-44"/>
      </object_component>
      <object_component id="oc-e2">
         <name>.debug_info</name>
         <load_address>0x501bc</load_address>
         <run_address>0x501bc</run_address>
         <size>0x34b</size>
         <input_file_ref idref="fl-45"/>
      </object_component>
      <object_component id="oc-121">
         <name>.debug_info</name>
         <load_address>0x50507</load_address>
         <run_address>0x50507</run_address>
         <size>0x6f</size>
      </object_component>
      <object_component id="oc-19">
         <name>.debug_frame</name>
         <load_address>0x0</load_address>
         <run_address>0x0</run_address>
         <size>0x364</size>
         <input_file_ref idref="fl-5"/>
      </object_component>
      <object_component id="oc-1d">
         <name>.debug_frame</name>
         <load_address>0x364</load_address>
         <run_address>0x364</run_address>
         <size>0x5ec</size>
         <input_file_ref idref="fl-6"/>
      </object_component>
      <object_component id="oc-22">
         <name>.debug_frame</name>
         <load_address>0x950</load_address>
         <run_address>0x950</run_address>
         <size>0x16c</size>
         <input_file_ref idref="fl-7"/>
      </object_component>
      <object_component id="oc-28">
         <name>.debug_frame</name>
         <load_address>0xabc</load_address>
         <run_address>0xabc</run_address>
         <size>0x486</size>
         <input_file_ref idref="fl-8"/>
      </object_component>
      <object_component id="oc-2c">
         <name>.debug_frame</name>
         <load_address>0xf42</load_address>
         <run_address>0xf42</run_address>
         <size>0x1e4</size>
         <input_file_ref idref="fl-9"/>
      </object_component>
      <object_component id="oc-30">
         <name>.debug_frame</name>
         <load_address>0x1126</load_address>
         <run_address>0x1126</run_address>
         <size>0x1d4</size>
         <input_file_ref idref="fl-a"/>
      </object_component>
      <object_component id="oc-34">
         <name>.debug_frame</name>
         <load_address>0x12fa</load_address>
         <run_address>0x12fa</run_address>
         <size>0xc4</size>
         <input_file_ref idref="fl-b"/>
      </object_component>
      <object_component id="oc-39">
         <name>.debug_frame</name>
         <load_address>0x13be</load_address>
         <run_address>0x13be</run_address>
         <size>0x2ec</size>
         <input_file_ref idref="fl-c"/>
      </object_component>
      <object_component id="oc-3d">
         <name>.debug_frame</name>
         <load_address>0x16aa</load_address>
         <run_address>0x16aa</run_address>
         <size>0x1fc</size>
         <input_file_ref idref="fl-d"/>
      </object_component>
      <object_component id="oc-46">
         <name>.debug_frame</name>
         <load_address>0x18a6</load_address>
         <run_address>0x18a6</run_address>
         <size>0x13d</size>
         <input_file_ref idref="fl-e"/>
      </object_component>
      <object_component id="oc-4a">
         <name>.debug_frame</name>
         <load_address>0x19e3</load_address>
         <run_address>0x19e3</run_address>
         <size>0xa6c</size>
         <input_file_ref idref="fl-f"/>
      </object_component>
      <object_component id="oc-4e">
         <name>.debug_frame</name>
         <load_address>0x244f</load_address>
         <run_address>0x244f</run_address>
         <size>0x10c</size>
         <input_file_ref idref="fl-10"/>
      </object_component>
      <object_component id="oc-52">
         <name>.debug_frame</name>
         <load_address>0x255b</load_address>
         <run_address>0x255b</run_address>
         <size>0x454</size>
         <input_file_ref idref="fl-11"/>
      </object_component>
      <object_component id="oc-56">
         <name>.debug_frame</name>
         <load_address>0x29af</load_address>
         <run_address>0x29af</run_address>
         <size>0x124</size>
         <input_file_ref idref="fl-12"/>
      </object_component>
      <object_component id="oc-5f">
         <name>.debug_frame</name>
         <load_address>0x2ad3</load_address>
         <run_address>0x2ad3</run_address>
         <size>0x26e</size>
         <input_file_ref idref="fl-14"/>
      </object_component>
      <object_component id="oc-63">
         <name>.debug_frame</name>
         <load_address>0x2d41</load_address>
         <run_address>0x2d41</run_address>
         <size>0x16c</size>
         <input_file_ref idref="fl-15"/>
      </object_component>
      <object_component id="oc-69">
         <name>.debug_frame</name>
         <load_address>0x2ead</load_address>
         <run_address>0x2ead</run_address>
         <size>0x578</size>
         <input_file_ref idref="fl-16"/>
      </object_component>
      <object_component id="oc-ab">
         <name>.debug_frame</name>
         <load_address>0x3425</load_address>
         <run_address>0x3425</run_address>
         <size>0x7c</size>
         <input_file_ref idref="fl-38"/>
      </object_component>
      <object_component id="oc-b1">
         <name>.debug_frame</name>
         <load_address>0x34a1</load_address>
         <run_address>0x34a1</run_address>
         <size>0x9d</size>
         <input_file_ref idref="fl-39"/>
      </object_component>
      <object_component id="oc-b7">
         <name>.debug_frame</name>
         <load_address>0x353e</load_address>
         <run_address>0x353e</run_address>
         <size>0xac</size>
         <input_file_ref idref="fl-3a"/>
      </object_component>
      <object_component id="oc-bb">
         <name>.debug_frame</name>
         <load_address>0x35ea</load_address>
         <run_address>0x35ea</run_address>
         <size>0x9e</size>
         <input_file_ref idref="fl-3b"/>
      </object_component>
      <object_component id="oc-c3">
         <name>.debug_frame</name>
         <load_address>0x3688</load_address>
         <run_address>0x3688</run_address>
         <size>0x82</size>
         <input_file_ref idref="fl-3d"/>
      </object_component>
      <object_component id="oc-c7">
         <name>.debug_frame</name>
         <load_address>0x370a</load_address>
         <run_address>0x370a</run_address>
         <size>0x94</size>
         <input_file_ref idref="fl-3e"/>
      </object_component>
      <object_component id="oc-d3">
         <name>.debug_frame</name>
         <load_address>0x379e</load_address>
         <run_address>0x379e</run_address>
         <size>0x9e</size>
         <input_file_ref idref="fl-41"/>
      </object_component>
      <object_component id="oc-db">
         <name>.debug_frame</name>
         <load_address>0x383c</load_address>
         <run_address>0x383c</run_address>
         <size>0x9e</size>
         <input_file_ref idref="fl-43"/>
      </object_component>
      <object_component id="oc-df">
         <name>.debug_frame</name>
         <load_address>0x38da</load_address>
         <run_address>0x38da</run_address>
         <size>0x9e</size>
         <input_file_ref idref="fl-44"/>
      </object_component>
      <object_component id="oc-e3">
         <name>.debug_frame</name>
         <load_address>0x3978</load_address>
         <run_address>0x3978</run_address>
         <size>0x8b</size>
         <input_file_ref idref="fl-45"/>
      </object_component>
      <object_component id="oc-1a">
         <name>.debug_line</name>
         <load_address>0x0</load_address>
         <run_address>0x0</run_address>
         <size>0x35c</size>
         <input_file_ref idref="fl-5"/>
      </object_component>
      <object_component id="oc-1e">
         <name>.debug_line</name>
         <load_address>0x35c</load_address>
         <run_address>0x35c</run_address>
         <size>0x583</size>
         <input_file_ref idref="fl-6"/>
      </object_component>
      <object_component id="oc-23">
         <name>.debug_line</name>
         <load_address>0x8df</load_address>
         <run_address>0x8df</run_address>
         <size>0x14a</size>
         <input_file_ref idref="fl-7"/>
      </object_component>
      <object_component id="oc-29">
         <name>.debug_line</name>
         <load_address>0xa29</load_address>
         <run_address>0xa29</run_address>
         <size>0x587</size>
         <input_file_ref idref="fl-8"/>
      </object_component>
      <object_component id="oc-2d">
         <name>.debug_line</name>
         <load_address>0xfb0</load_address>
         <run_address>0xfb0</run_address>
         <size>0x1d2</size>
         <input_file_ref idref="fl-9"/>
      </object_component>
      <object_component id="oc-31">
         <name>.debug_line</name>
         <load_address>0x1182</load_address>
         <run_address>0x1182</run_address>
         <size>0x2a5</size>
         <input_file_ref idref="fl-a"/>
      </object_component>
      <object_component id="oc-35">
         <name>.debug_line</name>
         <load_address>0x1427</load_address>
         <run_address>0x1427</run_address>
         <size>0xd2</size>
         <input_file_ref idref="fl-b"/>
      </object_component>
      <object_component id="oc-3a">
         <name>.debug_line</name>
         <load_address>0x14f9</load_address>
         <run_address>0x14f9</run_address>
         <size>0x32d</size>
         <input_file_ref idref="fl-c"/>
      </object_component>
      <object_component id="oc-3e">
         <name>.debug_line</name>
         <load_address>0x1826</load_address>
         <run_address>0x1826</run_address>
         <size>0x1e1</size>
         <input_file_ref idref="fl-d"/>
      </object_component>
      <object_component id="oc-47">
         <name>.debug_line</name>
         <load_address>0x1a07</load_address>
         <run_address>0x1a07</run_address>
         <size>0x596</size>
         <input_file_ref idref="fl-e"/>
      </object_component>
      <object_component id="oc-4b">
         <name>.debug_line</name>
         <load_address>0x1f9d</load_address>
         <run_address>0x1f9d</run_address>
         <size>0xa33</size>
         <input_file_ref idref="fl-f"/>
      </object_component>
      <object_component id="oc-4f">
         <name>.debug_line</name>
         <load_address>0x29d0</load_address>
         <run_address>0x29d0</run_address>
         <size>0x106</size>
         <input_file_ref idref="fl-10"/>
      </object_component>
      <object_component id="oc-53">
         <name>.debug_line</name>
         <load_address>0x2ad6</load_address>
         <run_address>0x2ad6</run_address>
         <size>0x40e</size>
         <input_file_ref idref="fl-11"/>
      </object_component>
      <object_component id="oc-57">
         <name>.debug_line</name>
         <load_address>0x2ee4</load_address>
         <run_address>0x2ee4</run_address>
         <size>0x11f</size>
         <input_file_ref idref="fl-12"/>
      </object_component>
      <object_component id="oc-5b">
         <name>.debug_line</name>
         <load_address>0x3003</load_address>
         <run_address>0x3003</run_address>
         <size>0x7e</size>
         <input_file_ref idref="fl-13"/>
      </object_component>
      <object_component id="oc-60">
         <name>.debug_line</name>
         <load_address>0x3081</load_address>
         <run_address>0x3081</run_address>
         <size>0x4bf</size>
         <input_file_ref idref="fl-14"/>
      </object_component>
      <object_component id="oc-64">
         <name>.debug_line</name>
         <load_address>0x3540</load_address>
         <run_address>0x3540</run_address>
         <size>0x169</size>
         <input_file_ref idref="fl-15"/>
      </object_component>
      <object_component id="oc-6a">
         <name>.debug_line</name>
         <load_address>0x36a9</load_address>
         <run_address>0x36a9</run_address>
         <size>0xd01</size>
         <input_file_ref idref="fl-16"/>
      </object_component>
      <object_component id="oc-6e">
         <name>.debug_line</name>
         <load_address>0x43aa</load_address>
         <run_address>0x43aa</run_address>
         <size>0x9f</size>
         <input_file_ref idref="fl-19"/>
      </object_component>
      <object_component id="oc-72">
         <name>.debug_line</name>
         <load_address>0x4449</load_address>
         <run_address>0x4449</run_address>
         <size>0x55</size>
         <input_file_ref idref="fl-1a"/>
      </object_component>
      <object_component id="oc-76">
         <name>.debug_line</name>
         <load_address>0x449e</load_address>
         <run_address>0x449e</run_address>
         <size>0xa6</size>
         <input_file_ref idref="fl-1b"/>
      </object_component>
      <object_component id="oc-7a">
         <name>.debug_line</name>
         <load_address>0x4544</load_address>
         <run_address>0x4544</run_address>
         <size>0x4f</size>
         <input_file_ref idref="fl-1c"/>
      </object_component>
      <object_component id="oc-7e">
         <name>.debug_line</name>
         <load_address>0x4593</load_address>
         <run_address>0x4593</run_address>
         <size>0xa8</size>
         <input_file_ref idref="fl-1d"/>
      </object_component>
      <object_component id="oc-82">
         <name>.debug_line</name>
         <load_address>0x463b</load_address>
         <run_address>0x463b</run_address>
         <size>0x8a</size>
         <input_file_ref idref="fl-1e"/>
      </object_component>
      <object_component id="oc-86">
         <name>.debug_line</name>
         <load_address>0x46c5</load_address>
         <run_address>0x46c5</run_address>
         <size>0x3e</size>
         <input_file_ref idref="fl-1f"/>
      </object_component>
      <object_component id="oc-8a">
         <name>.debug_line</name>
         <load_address>0x4703</load_address>
         <run_address>0x4703</run_address>
         <size>0x53</size>
         <input_file_ref idref="fl-20"/>
      </object_component>
      <object_component id="oc-8e">
         <name>.debug_line</name>
         <load_address>0x4756</load_address>
         <run_address>0x4756</run_address>
         <size>0x5b</size>
         <input_file_ref idref="fl-21"/>
      </object_component>
      <object_component id="oc-92">
         <name>.debug_line</name>
         <load_address>0x47b1</load_address>
         <run_address>0x47b1</run_address>
         <size>0x53</size>
         <input_file_ref idref="fl-22"/>
      </object_component>
      <object_component id="oc-96">
         <name>.debug_line</name>
         <load_address>0x4804</load_address>
         <run_address>0x4804</run_address>
         <size>0x56</size>
         <input_file_ref idref="fl-23"/>
      </object_component>
      <object_component id="oc-9a">
         <name>.debug_line</name>
         <load_address>0x485a</load_address>
         <run_address>0x485a</run_address>
         <size>0x4f</size>
         <input_file_ref idref="fl-24"/>
      </object_component>
      <object_component id="oc-9e">
         <name>.debug_line</name>
         <load_address>0x48a9</load_address>
         <run_address>0x48a9</run_address>
         <size>0x46</size>
         <input_file_ref idref="fl-25"/>
      </object_component>
      <object_component id="oc-a2">
         <name>.debug_line</name>
         <load_address>0x48ef</load_address>
         <run_address>0x48ef</run_address>
         <size>0x4c</size>
         <input_file_ref idref="fl-26"/>
      </object_component>
      <object_component id="oc-a8">
         <name>.debug_line</name>
         <load_address>0x493b</load_address>
         <run_address>0x493b</run_address>
         <size>0x70</size>
         <input_file_ref idref="fl-37"/>
      </object_component>
      <object_component id="oc-ac">
         <name>.debug_line</name>
         <load_address>0x49ab</load_address>
         <run_address>0x49ab</run_address>
         <size>0x56</size>
         <input_file_ref idref="fl-38"/>
      </object_component>
      <object_component id="oc-b2">
         <name>.debug_line</name>
         <load_address>0x4a01</load_address>
         <run_address>0x4a01</run_address>
         <size>0x5a</size>
         <input_file_ref idref="fl-39"/>
      </object_component>
      <object_component id="oc-b8">
         <name>.debug_line</name>
         <load_address>0x4a5b</load_address>
         <run_address>0x4a5b</run_address>
         <size>0x5b</size>
         <input_file_ref idref="fl-3a"/>
      </object_component>
      <object_component id="oc-bc">
         <name>.debug_line</name>
         <load_address>0x4ab6</load_address>
         <run_address>0x4ab6</run_address>
         <size>0x56</size>
         <input_file_ref idref="fl-3b"/>
      </object_component>
      <object_component id="oc-c4">
         <name>.debug_line</name>
         <load_address>0x4b0c</load_address>
         <run_address>0x4b0c</run_address>
         <size>0x41</size>
         <input_file_ref idref="fl-3d"/>
      </object_component>
      <object_component id="oc-c8">
         <name>.debug_line</name>
         <load_address>0x4b4d</load_address>
         <run_address>0x4b4d</run_address>
         <size>0x43</size>
         <input_file_ref idref="fl-3e"/>
      </object_component>
      <object_component id="oc-cc">
         <name>.debug_line</name>
         <load_address>0x4b90</load_address>
         <run_address>0x4b90</run_address>
         <size>0x5d</size>
         <input_file_ref idref="fl-3f"/>
      </object_component>
      <object_component id="oc-d0">
         <name>.debug_line</name>
         <load_address>0x4bed</load_address>
         <run_address>0x4bed</run_address>
         <size>0x50</size>
         <input_file_ref idref="fl-40"/>
      </object_component>
      <object_component id="oc-d4">
         <name>.debug_line</name>
         <load_address>0x4c3d</load_address>
         <run_address>0x4c3d</run_address>
         <size>0x70</size>
         <input_file_ref idref="fl-41"/>
      </object_component>
      <object_component id="oc-d8">
         <name>.debug_line</name>
         <load_address>0x4cad</load_address>
         <run_address>0x4cad</run_address>
         <size>0x66</size>
         <input_file_ref idref="fl-42"/>
      </object_component>
      <object_component id="oc-dc">
         <name>.debug_line</name>
         <load_address>0x4d13</load_address>
         <run_address>0x4d13</run_address>
         <size>0x50</size>
         <input_file_ref idref="fl-43"/>
      </object_component>
      <object_component id="oc-e0">
         <name>.debug_line</name>
         <load_address>0x4d63</load_address>
         <run_address>0x4d63</run_address>
         <size>0x4b</size>
         <input_file_ref idref="fl-44"/>
      </object_component>
      <object_component id="oc-e4">
         <name>.debug_line</name>
         <load_address>0x4dae</load_address>
         <run_address>0x4dae</run_address>
         <size>0x48</size>
         <input_file_ref idref="fl-45"/>
      </object_component>
      <object_component id="oc-1b">
         <name>.debug_abbrev</name>
         <load_address>0x0</load_address>
         <run_address>0x0</run_address>
         <size>0x17a</size>
         <input_file_ref idref="fl-5"/>
      </object_component>
      <object_component id="oc-1f">
         <name>.debug_abbrev</name>
         <load_address>0x17a</load_address>
         <run_address>0x17a</run_address>
         <size>0x15d</size>
         <input_file_ref idref="fl-6"/>
      </object_component>
      <object_component id="oc-24">
         <name>.debug_abbrev</name>
         <load_address>0x2d7</load_address>
         <run_address>0x2d7</run_address>
         <size>0x10a</size>
         <input_file_ref idref="fl-7"/>
      </object_component>
      <object_component id="oc-2a">
         <name>.debug_abbrev</name>
         <load_address>0x3e1</load_address>
         <run_address>0x3e1</run_address>
         <size>0x1c2</size>
         <input_file_ref idref="fl-8"/>
      </object_component>
      <object_component id="oc-2e">
         <name>.debug_abbrev</name>
         <load_address>0x5a3</load_address>
         <run_address>0x5a3</run_address>
         <size>0x14b</size>
         <input_file_ref idref="fl-9"/>
      </object_component>
      <object_component id="oc-32">
         <name>.debug_abbrev</name>
         <load_address>0x6ee</load_address>
         <run_address>0x6ee</run_address>
         <size>0x154</size>
         <input_file_ref idref="fl-a"/>
      </object_component>
      <object_component id="oc-36">
         <name>.debug_abbrev</name>
         <load_address>0x842</load_address>
         <run_address>0x842</run_address>
         <size>0xf8</size>
         <input_file_ref idref="fl-b"/>
      </object_component>
      <object_component id="oc-3b">
         <name>.debug_abbrev</name>
         <load_address>0x93a</load_address>
         <run_address>0x93a</run_address>
         <size>0x179</size>
         <input_file_ref idref="fl-c"/>
      </object_component>
      <object_component id="oc-3f">
         <name>.debug_abbrev</name>
         <load_address>0xab3</load_address>
         <run_address>0xab3</run_address>
         <size>0x15d</size>
         <input_file_ref idref="fl-d"/>
      </object_component>
      <object_component id="oc-48">
         <name>.debug_abbrev</name>
         <load_address>0xc10</load_address>
         <run_address>0xc10</run_address>
         <size>0x1d4</size>
         <input_file_ref idref="fl-e"/>
      </object_component>
      <object_component id="oc-4c">
         <name>.debug_abbrev</name>
         <load_address>0xde4</load_address>
         <run_address>0xde4</run_address>
         <size>0x166</size>
         <input_file_ref idref="fl-f"/>
      </object_component>
      <object_component id="oc-50">
         <name>.debug_abbrev</name>
         <load_address>0xf4a</load_address>
         <run_address>0xf4a</run_address>
         <size>0x10a</size>
         <input_file_ref idref="fl-10"/>
      </object_component>
      <object_component id="oc-54">
         <name>.debug_abbrev</name>
         <load_address>0x1054</load_address>
         <run_address>0x1054</run_address>
         <size>0x15d</size>
         <input_file_ref idref="fl-11"/>
      </object_component>
      <object_component id="oc-58">
         <name>.debug_abbrev</name>
         <load_address>0x11b1</load_address>
         <run_address>0x11b1</run_address>
         <size>0x10a</size>
         <input_file_ref idref="fl-12"/>
      </object_component>
      <object_component id="oc-5c">
         <name>.debug_abbrev</name>
         <load_address>0x12bb</load_address>
         <run_address>0x12bb</run_address>
         <size>0x2c</size>
         <input_file_ref idref="fl-13"/>
      </object_component>
      <object_component id="oc-61">
         <name>.debug_abbrev</name>
         <load_address>0x12e7</load_address>
         <run_address>0x12e7</run_address>
         <size>0x18b</size>
         <input_file_ref idref="fl-14"/>
      </object_component>
      <object_component id="oc-65">
         <name>.debug_abbrev</name>
         <load_address>0x1472</load_address>
         <run_address>0x1472</run_address>
         <size>0x10a</size>
         <input_file_ref idref="fl-15"/>
      </object_component>
      <object_component id="oc-6b">
         <name>.debug_abbrev</name>
         <load_address>0x157c</load_address>
         <run_address>0x157c</run_address>
         <size>0x21a</size>
         <input_file_ref idref="fl-16"/>
      </object_component>
      <object_component id="oc-6f">
         <name>.debug_abbrev</name>
         <load_address>0x1796</load_address>
         <run_address>0x1796</run_address>
         <size>0x35</size>
         <input_file_ref idref="fl-19"/>
      </object_component>
      <object_component id="oc-73">
         <name>.debug_abbrev</name>
         <load_address>0x17cb</load_address>
         <run_address>0x17cb</run_address>
         <size>0x35</size>
         <input_file_ref idref="fl-1a"/>
      </object_component>
      <object_component id="oc-77">
         <name>.debug_abbrev</name>
         <load_address>0x1800</load_address>
         <run_address>0x1800</run_address>
         <size>0x35</size>
         <input_file_ref idref="fl-1b"/>
      </object_component>
      <object_component id="oc-7b">
         <name>.debug_abbrev</name>
         <load_address>0x1835</load_address>
         <run_address>0x1835</run_address>
         <size>0x35</size>
         <input_file_ref idref="fl-1c"/>
      </object_component>
      <object_component id="oc-7f">
         <name>.debug_abbrev</name>
         <load_address>0x186a</load_address>
         <run_address>0x186a</run_address>
         <size>0x35</size>
         <input_file_ref idref="fl-1d"/>
      </object_component>
      <object_component id="oc-83">
         <name>.debug_abbrev</name>
         <load_address>0x189f</load_address>
         <run_address>0x189f</run_address>
         <size>0x35</size>
         <input_file_ref idref="fl-1e"/>
      </object_component>
      <object_component id="oc-87">
         <name>.debug_abbrev</name>
         <load_address>0x18d4</load_address>
         <run_address>0x18d4</run_address>
         <size>0x35</size>
         <input_file_ref idref="fl-1f"/>
      </object_component>
      <object_component id="oc-8b">
         <name>.debug_abbrev</name>
         <load_address>0x1909</load_address>
         <run_address>0x1909</run_address>
         <size>0x35</size>
         <input_file_ref idref="fl-20"/>
      </object_component>
      <object_component id="oc-8f">
         <name>.debug_abbrev</name>
         <load_address>0x193e</load_address>
         <run_address>0x193e</run_address>
         <size>0x35</size>
         <input_file_ref idref="fl-21"/>
      </object_component>
      <object_component id="oc-93">
         <name>.debug_abbrev</name>
         <load_address>0x1973</load_address>
         <run_address>0x1973</run_address>
         <size>0x35</size>
         <input_file_ref idref="fl-22"/>
      </object_component>
      <object_component id="oc-97">
         <name>.debug_abbrev</name>
         <load_address>0x19a8</load_address>
         <run_address>0x19a8</run_address>
         <size>0x35</size>
         <input_file_ref idref="fl-23"/>
      </object_component>
      <object_component id="oc-9b">
         <name>.debug_abbrev</name>
         <load_address>0x19dd</load_address>
         <run_address>0x19dd</run_address>
         <size>0x35</size>
         <input_file_ref idref="fl-24"/>
      </object_component>
      <object_component id="oc-9f">
         <name>.debug_abbrev</name>
         <load_address>0x1a12</load_address>
         <run_address>0x1a12</run_address>
         <size>0x35</size>
         <input_file_ref idref="fl-25"/>
      </object_component>
      <object_component id="oc-a3">
         <name>.debug_abbrev</name>
         <load_address>0x1a47</load_address>
         <run_address>0x1a47</run_address>
         <size>0x35</size>
         <input_file_ref idref="fl-26"/>
      </object_component>
      <object_component id="oc-a9">
         <name>.debug_abbrev</name>
         <load_address>0x1a7c</load_address>
         <run_address>0x1a7c</run_address>
         <size>0x43</size>
         <input_file_ref idref="fl-37"/>
      </object_component>
      <object_component id="oc-ad">
         <name>.debug_abbrev</name>
         <load_address>0x1abf</load_address>
         <run_address>0x1abf</run_address>
         <size>0xed</size>
         <input_file_ref idref="fl-38"/>
      </object_component>
      <object_component id="oc-b3">
         <name>.debug_abbrev</name>
         <load_address>0x1bac</load_address>
         <run_address>0x1bac</run_address>
         <size>0x10c</size>
         <input_file_ref idref="fl-39"/>
      </object_component>
      <object_component id="oc-b9">
         <name>.debug_abbrev</name>
         <load_address>0x1cb8</load_address>
         <run_address>0x1cb8</run_address>
         <size>0xa9</size>
         <input_file_ref idref="fl-3a"/>
      </object_component>
      <object_component id="oc-bd">
         <name>.debug_abbrev</name>
         <load_address>0x1d61</load_address>
         <run_address>0x1d61</run_address>
         <size>0xc9</size>
         <input_file_ref idref="fl-3b"/>
      </object_component>
      <object_component id="oc-c1">
         <name>.debug_abbrev</name>
         <load_address>0x1e2a</load_address>
         <run_address>0x1e2a</run_address>
         <size>0x35</size>
         <input_file_ref idref="fl-3c"/>
      </object_component>
      <object_component id="oc-c5">
         <name>.debug_abbrev</name>
         <load_address>0x1e5f</load_address>
         <run_address>0x1e5f</run_address>
         <size>0x94</size>
         <input_file_ref idref="fl-3d"/>
      </object_component>
      <object_component id="oc-c9">
         <name>.debug_abbrev</name>
         <load_address>0x1ef3</load_address>
         <run_address>0x1ef3</run_address>
         <size>0xa2</size>
         <input_file_ref idref="fl-3e"/>
      </object_component>
      <object_component id="oc-cd">
         <name>.debug_abbrev</name>
         <load_address>0x1f95</load_address>
         <run_address>0x1f95</run_address>
         <size>0x35</size>
         <input_file_ref idref="fl-3f"/>
      </object_component>
      <object_component id="oc-d1">
         <name>.debug_abbrev</name>
         <load_address>0x1fca</load_address>
         <run_address>0x1fca</run_address>
         <size>0x35</size>
         <input_file_ref idref="fl-40"/>
      </object_component>
      <object_component id="oc-d5">
         <name>.debug_abbrev</name>
         <load_address>0x1fff</load_address>
         <run_address>0x1fff</run_address>
         <size>0xc0</size>
         <input_file_ref idref="fl-41"/>
      </object_component>
      <object_component id="oc-d9">
         <name>.debug_abbrev</name>
         <load_address>0x20bf</load_address>
         <run_address>0x20bf</run_address>
         <size>0x35</size>
         <input_file_ref idref="fl-42"/>
      </object_component>
      <object_component id="oc-dd">
         <name>.debug_abbrev</name>
         <load_address>0x20f4</load_address>
         <run_address>0x20f4</run_address>
         <size>0xb9</size>
         <input_file_ref idref="fl-43"/>
      </object_component>
      <object_component id="oc-e1">
         <name>.debug_abbrev</name>
         <load_address>0x21ad</load_address>
         <run_address>0x21ad</run_address>
         <size>0xc0</size>
         <input_file_ref idref="fl-44"/>
      </object_component>
      <object_component id="oc-e5">
         <name>.debug_abbrev</name>
         <load_address>0x226d</load_address>
         <run_address>0x226d</run_address>
         <size>0xa9</size>
         <input_file_ref idref="fl-45"/>
      </object_component>
      <object_component id="oc-122">
         <name>.debug_abbrev</name>
         <load_address>0x2316</load_address>
         <run_address>0x2316</run_address>
         <size>0xd</size>
      </object_component>
   </object_component_list>
   <logical_group_list>
      <logical_group id="lg-2" display="no" color="cyan">
         <name>codestart</name>
         <run_address>0x0</run_address>
         <size>0x0</size>
         <contents>
         </contents>
      </logical_group>
      <logical_group id="lg-3" display="no" color="cyan">
         <name>ramfuncs</name>
         <load_address>0x11f</load_address>
         <run_address>0x11f</run_address>
         <size>0x36</size>
         <contents>
            <object_component_ref idref="oc-f4"/>
            <object_component_ref idref="oc-59"/>
         </contents>
      </logical_group>
      <logical_group id="lg-4" display="no" color="cyan">
         <name>.text</name>
         <load_address>0x8000</load_address>
         <run_address>0x8000</run_address>
         <size>0x26e4</size>
         <contents>
            <object_component_ref idref="oc-eb"/>
            <object_component_ref idref="oc-ec"/>
            <object_component_ref idref="oc-f1"/>
            <object_component_ref idref="oc-ed"/>
            <object_component_ref idref="oc-ea"/>
            <object_component_ref idref="oc-f5"/>
            <object_component_ref idref="oc-e8"/>
            <object_component_ref idref="oc-f0"/>
            <object_component_ref idref="oc-f3"/>
            <object_component_ref idref="oc-45"/>
            <object_component_ref idref="oc-fb"/>
            <object_component_ref idref="oc-ef"/>
            <object_component_ref idref="oc-100"/>
            <object_component_ref idref="oc-ff"/>
            <object_component_ref idref="oc-fd"/>
            <object_component_ref idref="oc-6c"/>
            <object_component_ref idref="oc-7c"/>
            <object_component_ref idref="oc-74"/>
            <object_component_ref idref="oc-f2"/>
            <object_component_ref idref="oc-80"/>
            <object_component_ref idref="oc-fa"/>
            <object_component_ref idref="oc-f8"/>
            <object_component_ref idref="oc-17"/>
            <object_component_ref idref="oc-101"/>
            <object_component_ref idref="oc-ee"/>
            <object_component_ref idref="oc-fc"/>
            <object_component_ref idref="oc-f6"/>
            <object_component_ref idref="oc-ca"/>
            <object_component_ref idref="oc-f7"/>
            <object_component_ref idref="oc-8c"/>
            <object_component_ref idref="oc-d6"/>
            <object_component_ref idref="oc-94"/>
            <object_component_ref idref="oc-f9"/>
            <object_component_ref idref="oc-70"/>
            <object_component_ref idref="oc-90"/>
            <object_component_ref idref="oc-88"/>
            <object_component_ref idref="oc-98"/>
            <object_component_ref idref="oc-ce"/>
            <object_component_ref idref="oc-e6"/>
            <object_component_ref idref="oc-e7"/>
            <object_component_ref idref="oc-78"/>
            <object_component_ref idref="oc-fe"/>
            <object_component_ref idref="oc-a0"/>
            <object_component_ref idref="oc-9c"/>
            <object_component_ref idref="oc-e9"/>
            <object_component_ref idref="oc-38"/>
            <object_component_ref idref="oc-84"/>
         </contents>
      </logical_group>
      <logical_group id="lg-5" display="no" color="cyan">
         <name>.cinit</name>
         <load_address>0x50</load_address>
         <run_address>0x50</run_address>
         <size>0xcf</size>
         <contents>
            <object_component_ref idref="oc-41"/>
            <object_component_ref idref="oc-b5"/>
            <object_component_ref idref="oc-af"/>
[...]
         <value>0xa46b</value>
         <object_component_ref idref="oc-ee"/>
      </symbol>
      <symbol id="sm-2bf">
         <name>_TIMER_disableInt</name>
         <value>0xa489</value>
         <object_component_ref idref="oc-ee"/>
      </symbol>
      <symbol id="sm-2c0">
         <name>_TIMER_setPreScaler</name>
         <value>0xa45d</value>
         <object_component_ref idref="oc-ee"/>
      </symbol>
      <symbol id="sm-2c1">
         <name>_TIMER_setDecimationFactor</name>
         <value>0xa46f</value>
         <object_component_ref idref="oc-ee"/>
      </symbol>
      <symbol id="sm-2c2">
         <name>_TIMER_getStatus</name>
         <value>0xa483</value>
         <object_component_ref idref="oc-ee"/>
      </symbol>
      <symbol id="sm-2c3">
         <name>_TIMER_init</name>
         <value>0xa47d</value>
         <object_component_ref idref="oc-ee"/>
      </symbol>
      <symbol id="sm-2c4">
         <name>_TIMER_clearFlag</name>
         <value>0xa48c</value>
         <object_component_ref idref="oc-ee"/>
      </symbol>
      <symbol id="sm-2c5">
         <name>_TIMER_enableInt</name>
         <value>0xa486</value>
         <object_component_ref idref="oc-ee"/>
      </symbol>
      <symbol id="sm-2cd">
         <name>_usDelay</name>
         <value>0x151</value>
         <object_component_ref idref="oc-59"/>
      </symbol>
      <symbol id="sm-2e5">
         <name>_USER_computeFlux_pu_to_VpHz_sf</name>
         <value>0x8ddb</value>
         <object_component_ref idref="oc-ec"/>
      </symbol>
      <symbol id="sm-2e6">
         <name>_USER_calcPIgains</name>
         <value>0x8e38</value>
         <object_component_ref idref="oc-ec"/>
      </symbol>
      <symbol id="sm-2e7">
         <name>_USER_computeTorque_Ls_Id_Iq_pu_to_Nm_sf</name>
         <value>0x8cfc</value>
         <object_component_ref idref="oc-ec"/>
      </symbol>
      <symbol id="sm-2e8">
         <name>_USER_computeTorque_lbin</name>
         <value>0x8c59</value>
         <object_component_ref idref="oc-ec"/>
      </symbol>
      <symbol id="sm-2e9">
         <name>_USER_getErrorCode</name>
         <value>0x8c56</value>
         <object_component_ref idref="oc-ec"/>
      </symbol>
      <symbol id="sm-2ea">
         <name>_USER_computeFlux</name>
         <value>0x8e26</value>
         <object_component_ref idref="oc-ec"/>
      </symbol>
      <symbol id="sm-2eb">
         <name>_USER_checkForErrors</name>
         <value>0x8e34</value>
         <object_component_ref idref="oc-ec"/>
      </symbol>
      <symbol id="sm-2ec">
         <name>_USER_computeFlux_pu_to_Wb_sf</name>
         <value>0x8d90</value>
         <object_component_ref idref="oc-ec"/>
      </symbol>
      <symbol id="sm-2ed">
         <name>_USER_computeTorque_Flux_Iq_pu_to_Nm_sf</name>
         <value>0x8d45</value>
         <object_component_ref idref="oc-ec"/>
      </symbol>
      <symbol id="sm-2ee">
         <name>_USER_softwareUpdate1p6</name>
         <value>0x8a8d</value>
         <object_component_ref idref="oc-ec"/>
      </symbol>
      <symbol id="sm-2ef">
         <name>_USER_setErrorCode</name>
         <value>0x8c53</value>
         <object_component_ref idref="oc-ec"/>
      </symbol>
      <symbol id="sm-2f0">
         <name>_USER_setParams</name>
         <value>0x8b1b</value>
         <object_component_ref idref="oc-ec"/>
      </symbol>
      <symbol id="sm-2f1">
         <name>_USER_computeTorque_Nm</name>
         <value>0x8cb0</value>
         <object_component_ref idref="oc-ec"/>
      </symbol>
      <symbol id="sm-2fc">
         <name>_WDOG_disableInt</name>
         <value>0xa3c4</value>
         <object_component_ref idref="oc-f8"/>
      </symbol>
      <symbol id="sm-2fd">
         <name>_WDOG_setPreScaler</name>
         <value>0xa394</value>
         <object_component_ref idref="oc-f8"/>
      </symbol>
      <symbol id="sm-2fe">
         <name>_WDOG_enableInt</name>
         <value>0xa3af</value>
         <object_component_ref idref="oc-f8"/>
      </symbol>
      <symbol id="sm-2ff">
         <name>_WDOG_enable</name>
         <value>0xa3b5</value>
         <object_component_ref idref="oc-f8"/>
      </symbol>
      <symbol id="sm-300">
         <name>_WDOG_setCount</name>
         <value>0xa39e</value>
         <object_component_ref idref="oc-f8"/>
      </symbol>
      <symbol id="sm-301">
         <name>_WDOG_init</name>
         <value>0xa3a0</value>
         <object_component_ref idref="oc-f8"/>
      </symbol>
      <symbol id="sm-302">
         <name>_WDOG_getIntStatus</name>
         <value>0xa3a6</value>
         <object_component_ref idref="oc-f8"/>
      </symbol>
      <symbol id="sm-303">
         <name>_WDOG_disable</name>
         <value>0xa3ca</value>
         <object_component_ref idref="oc-f8"/>
      </symbol>
      <symbol id="sm-304">
         <name>_WDOG_enableOverRide</name>
         <value>0xa3a9</value>
         <object_component_ref idref="oc-f8"/>
      </symbol>
      <symbol id="sm-305">
         <name>_WDOG_disableOverRide</name>
         <value>0xa3be</value>
         <object_component_ref idref="oc-f8"/>
      </symbol>
      <symbol id="sm-306">
         <name>_WDOG_clearCounter</name>
         <value>0xa3d2</value>
         <object_component_ref idref="oc-f8"/>
      </symbol>
      <symbol id="sm-334">
         <name>_HAL_cal</name>
         <value>0x8847</value>
         <object_component_ref idref="oc-eb"/>
      </symbol>
      <symbol id="sm-335">
         <name>_HAL_AdcCalChanSelect</name>
         <value>0x8580</value>
         <object_component_ref idref="oc-eb"/>
      </symbol>
      <symbol id="sm-336">
         <name>_HAL_setupSpiA</name>
         <value>0x808b</value>
         <object_component_ref idref="oc-eb"/>
      </symbol>
      <symbol id="sm-337">
         <name>_HAL_setupSpiB</name>
         <value>0x8055</value>
         <object_component_ref idref="oc-eb"/>
      </symbol>
      <symbol id="sm-338">
         <name>_HAL_setupGpios</name>
         <value>0x82bc</value>
         <object_component_ref idref="oc-eb"/>
      </symbol>
      <symbol id="sm-339">
         <name>_HAL_setupFlash</name>
         <value>0x846d</value>
         <object_component_ref idref="oc-eb"/>
      </symbol>
      <symbol id="sm-33a">
         <name>_HAL_setupFaults</name>
         <value>0x848b</value>
         <object_component_ref idref="oc-eb"/>
      </symbol>
      <symbol id="sm-33b">
         <name>_hal</name>
         <value>0xa880</value>
         <object_component_ref idref="oc-67"/>
      </symbol>
      <symbol id="sm-33c">
         <name>_HAL_AdcOffsetSelfCal</name>
         <value>0x872f</value>
         <object_component_ref idref="oc-eb"/>
      </symbol>
      <symbol id="sm-33d">
         <name>_HAL_enablePwmInt</name>
         <value>0x8a59</value>
         <object_component_ref idref="oc-eb"/>
      </symbol>
      <symbol id="sm-33e">
         <name>_HAL_setupPeripheralClks</name>
         <value>0x8265</value>
         <object_component_ref idref="oc-eb"/>
      </symbol>
      <symbol id="sm-33f">
         <name>_HAL_AdcCalConversion</name>
         <value>0x85d7</value>
         <object_component_ref idref="oc-eb"/>
      </symbol>
      <symbol id="sm-340">
         <name>_HAL_disableWdog</name>
         <value>0x897e</value>
         <object_component_ref idref="oc-eb"/>
      </symbol>
      <symbol id="sm-341">
         <name>_HAL_setupPie</name>
         <value>0x8249</value>
         <object_component_ref idref="oc-eb"/>
      </symbol>
      <symbol id="sm-342">
         <name>_HAL_init</name>
         <value>0x8983</value>
         <object_component_ref idref="oc-eb"/>
      </symbol>
      <symbol id="sm-343">
         <name>_HAL_setupAdcs</name>
         <value>0x84cb</value>
         <object_component_ref idref="oc-eb"/>
      </symbol>
      <symbol id="sm-344">
         <name>_HAL_setupPwmDacs</name>
         <value>0x8189</value>
         <object_component_ref idref="oc-eb"/>
      </symbol>
      <symbol id="sm-345">
         <name>_HAL_getOscTrimValue</name>
         <value>0x8762</value>
         <object_component_ref idref="oc-eb"/>
      </symbol>
      <symbol id="sm-346">
         <name>_HAL_disableGlobalInts</name>
         <value>0x8a89</value>
         <object_component_ref idref="oc-eb"/>
      </symbol>
      <symbol id="sm-347">
         <name>_HAL_osc1Comp</name>
         <value>0x8776</value>
         <object_component_ref idref="oc-eb"/>
      </symbol>
      <symbol id="sm-348">
         <name>_HAL_readDrvData</name>
         <value>0x8979</value>
         <object_component_ref idref="oc-eb"/>
      </symbol>
      <symbol id="sm-349">
         <name>_HAL_setupPll</name>
         <value>0x820b</value>
         <object_component_ref idref="oc-eb"/>
      </symbol>
      <symbol id="sm-34a">
         <name>_HAL_enableTimer0Int</name>
         <value>0x8a49</value>
         <object_component_ref idref="oc-eb"/>
      </symbol>
      <symbol id="sm-34b">
         <name>_HAL_setParams</name>
         <value>0x885e</value>
         <object_component_ref idref="oc-eb"/>
      </symbol>
      <symbol id="sm-34c">
         <name>_HAL_setupDrvSpi</name>
         <value>0x84aa</value>
         <object_component_ref idref="oc-eb"/>
      </symbol>
      <symbol id="sm-34d">
         <name>_HAL_enableAdcInts</name>
         <value>0x8a77</value>
         <object_component_ref idref="oc-eb"/>
      </symbol>
      <symbol id="sm-34e">
         <name>_HAL_enableGlobalInts</name>
         <value>0x8a6a</value>
         <object_component_ref idref="oc-eb"/>
      </symbol>
      <symbol id="sm-34f">
         <name>_HAL_enableDrv</name>
         <value>0x8a6e</value>
         <object_component_ref idref="oc-eb"/>
      </symbol>
      <symbol id="sm-350">
         <name>_HAL_setDacParameters</name>
         <value>0x8964</value>
         <object_component_ref idref="oc-eb"/>
      </symbol>
      <symbol id="sm-351">
         <name>_HAL_setupPwms</name>
         <value>0x80c1</value>
         <object_component_ref idref="oc-eb"/>
      </symbol>
      <symbol id="sm-352">
         <name>_HAL_writeDrvData</name>
         <value>0x8000</value>
         <object_component_ref idref="oc-eb"/>
      </symbol>
      <symbol id="sm-353">
         <name>_HAL_setupGate</name>
         <value>0x8458</value>
         <object_component_ref idref="oc-eb"/>
      </symbol>
      <symbol id="sm-354">
         <name>_HAL_osc2Comp</name>
         <value>0x87b5</value>
         <object_component_ref idref="oc-eb"/>
      </symbol>
      <symbol id="sm-355">
         <name>_HAL_setupClks</name>
         <value>0x84af</value>
         <object_component_ref idref="oc-eb"/>
      </symbol>
      <symbol id="sm-356">
         <name>_HAL_setupTimers</name>
         <value>0x8005</value>
         <object_component_ref idref="oc-eb"/>
      </symbol>
      <symbol id="sm-357">
         <name>_HAL_OscTempComp</name>
         <value>0x87f4</value>
         <object_component_ref idref="oc-eb"/>
      </symbol>
      <symbol id="sm-358">
         <name>_HAL_enableDebugInt</name>
         <value>0x8a73</value>
         <object_component_ref idref="oc-eb"/>
      </symbol>
      <symbol id="sm-366">
         <name>FD$$MPY</name>
         <value>0xa11a</value>
         <object_component_ref idref="oc-6c"/>
      </symbol>
      <symbol id="sm-371">
         <name>FD$$TOL</name>
         <value>0xa5c5</value>
         <object_component_ref idref="oc-70"/>
      </symbol>
      <symbol id="sm-387">
         <name>FS$$ADD</name>
         <value>0xa225</value>
         <object_component_ref idref="oc-74"/>
      </symbol>
      <symbol id="sm-388">
         <name>FS$$SUB</name>
         <value>0xa220</value>
         <object_component_ref idref="oc-74"/>
      </symbol>
      <symbol id="sm-396">
         <name>FS$$CMP</name>
         <value>0xa683</value>
         <object_component_ref idref="oc-78"/>
      </symbol>
      <symbol id="sm-3a3">
         <name>FS$$DIV</name>
         <value>0xa19d</value>
         <object_component_ref idref="oc-7c"/>
      </symbol>
      <symbol id="sm-3b0">
         <name>FS$$MPY</name>
         <value>0xa2f3</value>
         <object_component_ref idref="oc-80"/>
      </symbol>
      <symbol id="sm-3b9">
         <name>FS$$NEG</name>
         <value>0xa6df</value>
         <object_component_ref idref="oc-84"/>
      </symbol>
      <symbol id="sm-3c5">
         <name>FS$$TOFD</name>
         <value>0xa601</value>
         <object_component_ref idref="oc-88"/>
      </symbol>
      <symbol id="sm-3d2">
         <name>FS$$TOI</name>
         <value>0xa53d</value>
         <object_component_ref idref="oc-8c"/>
      </symbol>
      <symbol id="sm-3df">
         <name>FS$$TOU</name>
         <value>0xa5e4</value>
         <object_component_ref idref="oc-90"/>
      </symbol>
      <symbol id="sm-3ec">
         <name>FS$$TOUL</name>
         <value>0xa584</value>
         <object_component_ref idref="oc-94"/>
      </symbol>
      <symbol id="sm-3f7">
         <name>I$$TOFS</name>
         <value>0xa61d</value>
         <object_component_ref idref="oc-98"/>
      </symbol>
      <symbol id="sm-401">
         <name>U$$TOFS</name>
         <value>0xa6c1</value>
         <object_component_ref idref="oc-9c"/>
      </symbol>
      <symbol id="sm-40d">
         <name>UL$$TOFS</name>
         <value>0xa6ae</value>
         <object_component_ref idref="oc-a0"/>
      </symbol>
      <symbol id="sm-40f">
         <name>_CTRL_setGains</name>
         <value>0x3fa83e</value>
      </symbol>
      <symbol id="sm-411">
         <name>_EST_getFlux_pu</name>
         <value>0x3f96ab</value>
      </symbol>
      <symbol id="sm-413">
         <name>_EST_getLs_coarse_max_pu</name>
         <value>0x3f95ff</value>
      </symbol>
      <symbol id="sm-415">
         <name>_EST_getLs_d_H</name>
         <value>0x3f95f5</value>
      </symbol>
      <symbol id="sm-417">
         <name>_EST_getLs_d_pu</name>
         <value>0x3f95f0</value>
      </symbol>
      <symbol id="sm-419">
         <name>_EST_getLs_q_H</name>
         <value>0x3f95ce</value>
      </symbol>
      <symbol id="sm-41b">
         <name>_EST_getLs_q_pu</name>
         <value>0x3f95c9</value>
      </symbol>
      <symbol id="sm-41d">
         <name>_EST_getRs_Ohm</name>
         <value>0x3f9513</value>
      </symbol>
      <symbol id="sm-41f">
         <name>_EST_setLs_d_pu</name>
         <value>0x3f8b45</value>
      </symbol>
      <symbol id="sm-421">
         <name>_EST_setLs_qFmt</name>
         <value>0x3f8af1</value>
      </symbol>
      <symbol id="sm-423">
         <name>_EST_setLs_q_pu</name>
         <value>0x3f8ae7</value>
      </symbol>
      <symbol id="sm-425">
         <name>_OFFSET_init</name>
         <value>0x3fb4dc</value>
      </symbol>
      <symbol id="sm-427">
         <name>_OFFSET_setBeta</name>
         <value>0x3fb4c6</value>
      </symbol>
      <symbol id="sm-429">
         <name>_OFFSET_setInitCond</name>
         <value>0x3fb4bd</value>
      </symbol>
      <symbol id="sm-42b">
         <name>_OFFSET_setOffset</name>
         <value>0x3fb4bb</value>
      </symbol>
      <symbol id="sm-435">
         <name>__IQ30toF</name>
         <value>0xa928</value>
         <object_component_ref idref="oc-a4"/>
      </symbol>
      <symbol id="sm-449">
         <name>_c_int00</name>
         <value>0xa3da</value>
         <object_component_ref idref="oc-17"/>
      </symbol>
      <symbol id="sm-44a">
         <name>__stack</name>
         <value>0x400</value>
         <object_component_ref idref="oc-a5"/>
      </symbol>
      <symbol id="sm-456">
         <name>__args_main</name>
         <value>0xa651</value>
         <object_component_ref idref="oc-e6"/>
      </symbol>
      <symbol id="sm-457">
         <name>__TI_args_main</name>
         <value>0x1</value>
      </symbol>
      <symbol id="sm-468">
         <name>C$$EXIT</name>
         <value>0xa66a</value>
         <object_component_ref idref="oc-e7"/>
      </symbol>
      <symbol id="sm-469">
         <name>_exit</name>
         <value>0xa66c</value>
         <object_component_ref idref="oc-e7"/>
      </symbol>
      <symbol id="sm-46a">
         <name>___TI_cleanup_ptr</name>
         <value>0xa6e8</value>
         <object_component_ref idref="oc-b0"/>
      </symbol>
      <symbol id="sm-46b">
         <name>_abort</name>
         <value>0xa66a</value>
         <object_component_ref idref="oc-e7"/>
      </symbol>
      <symbol id="sm-46c">
         <name>___TI_dtors_ptr</name>
         <value>0xa6ea</value>
         <object_component_ref idref="oc-b0"/>
      </symbol>
      <symbol id="sm-47a">
         <name>__unlock</name>
         <value>0xa6e4</value>
         <object_component_ref idref="oc-b6"/>
      </symbol>
      <symbol id="sm-47b">
         <name>__lock</name>
         <value>0xa6e6</value>
         <object_component_ref idref="oc-b6"/>
      </symbol>
      <symbol id="sm-47c">
         <name>__register_lock</name>
         <value>0xa6d5</value>
         <object_component_ref idref="oc-e9"/>
      </symbol>
      <symbol id="sm-47d">
         <name>__nop</name>
         <value>0xa6d9</value>
         <object_component_ref idref="oc-e9"/>
      </symbol>
      <symbol id="sm-47e">
         <name>__register_unlock</name>
         <value>0xa6d1</value>
         <object_component_ref idref="oc-e9"/>
      </symbol>
      <symbol id="sm-48e">
         <name>_log</name>
         <value>0x9e16</value>
         <object_component_ref idref="oc-fb"/>
      </symbol>
      <symbol id="sm-498">
         <name>_errno</name>
         <value>0xa6ef</value>
         <object_component_ref idref="oc-c0"/>
      </symbol>
      <symbol id="sm-4a5">
         <name>_frexp</name>
         <value>0xa69a</value>
         <object_component_ref idref="oc-fe"/>
      </symbol>
      <symbol id="sm-4b2">
         <name>_modf</name>
         <value>0xa48f</value>
         <object_component_ref idref="oc-fc"/>
      </symbol>
      <symbol id="sm-4c1">
         <name>FS$$TOL</name>
         <value>0xa4ed</value>
         <object_component_ref idref="oc-ca"/>
      </symbol>
      <symbol id="sm-4cc">
         <name>L$$TOFS</name>
         <value>0xa637</value>
         <object_component_ref idref="oc-ce"/>
      </symbol>
      <symbol id="sm-4df">
         <name>_pow</name>
         <value>0xa093</value>
         <object_component_ref idref="oc-fd"/>
      </symbol>
      <symbol id="sm-4e9">
         <name>I$$MOD</name>
         <value>0xa573</value>
         <object_component_ref idref="oc-d6"/>
      </symbol>
      <symbol id="sm-4ea">
         <name>I$$DIV</name>
         <value>0xa562</value>
         <object_component_ref idref="oc-d6"/>
      </symbol>
      <symbol id="sm-4f6">
         <name>__log</name>
         <value>0xa006</value>
         <object_component_ref idref="oc-ff"/>
      </symbol>
      <symbol id="sm-504">
         <name>_exp</name>
         <value>0x9f69</value>
         <object_component_ref idref="oc-100"/>
      </symbol>
      <symbol id="sm-513">
         <name>_ldexp</name>
         <value>0xa41e</value>
         <object_component_ref idref="oc-101"/>
      </symbol>
   </symbol_table>
   <title>Link successful</title>
</link_info>
