******************************************************************************
             TMS320C2000 Linker PC v6.2.9                      
******************************************************************************
>> Linked Fri Apr 21 15:26:25 2017

OUTPUT FILE NAME:   <lab01_ECanBack2Back.out>
ENTRY POINT SYMBOL: "_c_int00"  address: 0000a3da


MEMORY CONFIGURATION

         name            origin    length      used     unused   attr    fill
----------------------  --------  ---------  --------  --------  ----  --------
PAGE 0:
  BEGIN                 00000000   00000002  00000000  00000002  RWIX
  RAMM0                 00000050   000003b0  00000105  000002ab  RWIX
  RAML0_L8              00008000   0000b800  00002948  00008eb8  RWIX
  FPUTABLES             003fd590   000006a0  00000000  000006a0  RWIX
  IQTABLES              003fdc30   00000b50  00000000  00000b50  RWIX
  IQTABLES2             003fe780   0000008c  00000000  0000008c  RWIX
  IQTABLES3             003fe80c   000000aa  00000000  000000aa  RWIX
  BOOTROM               003ff3b0   00000c10  00000000  00000c10  RWIX
  RESET                 003fffc0   00000002  00000000  00000002  RWIX

PAGE 1:
  BOOT_RSVD             00000002   0000004e  00000000  0000004e  RWIX
  RAMM1                 00000400   00000400  000003b0  00000050  RWIX
  ECANA                 00006000   00000040  00000034  0000000c  RWIX
  ECANA_LAM             00006040   00000040  00000000  00000040  RWIX
  ECANA_MOTS            00006080   00000040  00000000  00000040  RWIX
  ECANA_MOTO            000060c0   00000040  00000000  00000040  RWIX
  ECANA_MBOX            00006100   00000100  00000100  00000000  RWIX
  USB_RAM               00040000   00000800  00000000  00000800  RWIX


SECTION ALLOCATION MAP

 output                                  attributes/
section   page    origin      length       input sections
--------  ----  ----------  ----------   ----------------
.pinit     0    00000050    00000000     UNINITIALIZED

.cinit     0    00000050    000000cf     
                  00000050    000000b1     proj_lab01.obj (.cinit)
                  00000101    0000000a     rts2800_ml.lib : _lock.obj (.cinit)
                  0000010b    0000000a                    : exit.obj (.cinit)
                  00000115    00000004     drv8301.obj (.cinit)
                  00000119    00000004     rts2800_ml.lib : errno.obj (.cinit)
                  0000011d    00000002     --HOLE-- [fill = 0]

ramfuncs   0    0000011f    00000036     
                  0000011f    00000032     flash.obj (ramfuncs)
                  00000151    00000004     usDelay.obj (ramfuncs)

.text      0    00008000    000026e4     
                  00008000    00000a8d     hal.obj (.text)
                  00008a8d    0000045c     user.obj (.text)
                  00008ee9    000002f1     pwm.obj (.text)
                  000091da    000002b8     drv8301.obj (.text)
                  00009492    000002ac     proj_lab01.obj (.text)
                  0000973e    000001fb     adc.obj (.text)
                  00009939    00000194     gpio.obj (.text)
                  00009acd    0000018a     clk.obj (.text)
                  00009c57    0000010e     pie.obj (.text)
                  00009d65    000000b1     proj_lab01.obj (.text:retain)
                  00009e16    000000aa     rts2800_ml.lib : log.obj (.text)
                  00009ec0    000000a9     spi.obj (.text)
                  00009f69    0000009d     rts2800_ml.lib : exp.obj (.text)
                  0000a006    0000008d                    : _log.obj (.text)
                  0000a093    00000087                    : pow.obj (.text)
                  0000a11a    00000083                    : fd_mpy.obj (.text)
                  0000a19d    00000083                    : fs_div.obj (.text)
                  0000a220    00000078                    : fs_add.obj (.text)
                  0000a298    0000005b     pll.obj (.text)
                  0000a2f3    0000005a     rts2800_ml.lib : fs_mpy.obj (.text)
                  0000a34d    00000047     pwr.obj (.text)
                  0000a394    00000046     wdog.obj (.text)
                  0000a3da    00000044     rts2800_ml.lib : boot.obj (.text)
                  0000a41e    0000003f                    : ldexp.obj (.text)
                  0000a45d    00000032     timer.obj (.text)
                  0000a48f    00000031     rts2800_ml.lib : modf.obj (.text)
                  0000a4c0    0000002d     osc.obj (.text)
                  0000a4ed    00000029     rts2800_ml.lib : fs_tol.obj (.text)
                  0000a516    00000027     cpu.obj (.text)
                  0000a53d    00000025     rts2800_ml.lib : fs_toi.obj (.text)
                  0000a562    00000022                    : i_div.obj (.text)
                  0000a584    00000021                    : fs_toul.obj (.text)
                  0000a5a5    00000020     flash.obj (.text)
                  0000a5c5    0000001f     rts2800_ml.lib : fd_tol.obj (.text)
                  0000a5e4    0000001d                    : fs_tou.obj (.text)
                  0000a601    0000001c                    : fs_tofd.obj (.text)
                  0000a61d    0000001a                    : i_tofs.obj (.text)
                  0000a637    0000001a                    : l_tofs.obj (.text)
                  0000a651    00000019                    : args_main.obj (.text)
                  0000a66a    00000019                    : exit.obj (.text)
                  0000a683    00000017                    : fs_cmp.obj (.text)
                  0000a69a    00000014                    : frexp.obj (.text)
                  0000a6ae    00000013                    : ul_tofs.obj (.text)
                  0000a6c1    00000010                    : u_tofs.obj (.text)
                  0000a6d1    00000009                    : _lock.obj (.text)
                  0000a6da    00000005     pie.obj (.text:retain)
                  0000a6df    00000005     rts2800_ml.lib : fs_neg.obj (.text)

.ebss      0    0000a6e4    00000244     UNINITIALIZED
                  0000a6e4    00000004     rts2800_ml.lib : _lock.obj (.ebss)
                  0000a6e8    00000004                    : exit.obj (.ebss)
                  0000a6ec    00000002     drv8301.obj (.ebss)
                  0000a6ee    00000001     cpu.obj (.ebss)
                  0000a6ef    00000001     rts2800_ml.lib : errno.obj (.ebss)
                  0000a6f0    00000010     --HOLE--
                  0000a700    0000016c     proj_lab01.obj (.ebss)
                  0000a86c    00000014     --HOLE--
                  0000a880    000000a8     hal.obj (.ebss)

IQmath     0    0000a928    00000014     
                  0000a928    00000014     IQmath.lib : IQ30toF.obj (IQmath)

.econst    0    0000a93c    0000000c     
                  0000a93c    00000008     user.obj (.econst)
                  0000a944    00000004     hal.obj (.econst)

.reset     0    003fffc0    00000002     DSECT
                  003fffc0    00000002     rts2800_ml.lib : boot.obj (.reset)

.stack     1    00000400    000003b0     UNINITIALIZED
                  00000400    000003b0     --HOLE--

ECanaRegsFile 
*          1    00006000    00000034     UNINITIALIZED
                  00006000    00000034     proj_lab01.obj (ECanaRegsFile)

ECanaMboxesFile 
*          1    00006100    00000100     UNINITIALIZED
                  00006100    00000100     proj_lab01.obj (ECanaMboxesFile)


GLOBAL DATA SYMBOLS: SORTED BY DATA PAGE

address     data page           name
--------    ----------------    ----
00000400      10 (00000400)     __stack

00006000     180 (00006000)     _ECanaRegs

00006100     184 (00006100)     _ECanaMboxes

0000a6e4     29b (0000a6c0)     __unlock
0000a6e6     29b (0000a6c0)     __lock
0000a6e8     29b (0000a6c0)     ___TI_cleanup_ptr
0000a6ea     29b (0000a6c0)     ___TI_dtors_ptr
0000a6ee     29b (0000a6c0)     _cpu
0000a6ef     29b (0000a6c0)     _errno

0000a700     29c (0000a700)     _ErrorCount
0000a702     29c (0000a700)     _halHandle
0000a704     29c (0000a700)     _PassCount
0000a706     29c (0000a700)     _gLEDcnt
0000a708     29c (0000a700)     _TestMbox2
0000a70a     29c (0000a700)     _TestMbox3
0000a70c     29c (0000a700)     _MessageReceivedCount
0000a70e     29c (0000a700)     _TestMbox1
0000a710     29c (0000a700)     _gPwmData
0000a716     29c (0000a700)     _gAdcData
0000a724     29c (0000a700)     _gDrvSpi8301Vars

0000a740     29d (0000a740)     _gMotorVars

0000a7c0     29f (0000a7c0)     _gUserParams

0000a880     2a2 (0000a880)     _hal

0000a928     2a4 (0000a900)     __IQ30toF


GLOBAL SYMBOLS: SORTED ALPHABETICALLY BY Name 

address    name
--------   ----
00008000   .text
0000a66a   C$$EXIT
0000a11a   FD$$MPY
0000a5c5   FD$$TOL
0000a225   FS$$ADD
0000a683   FS$$CMP
0000a19d   FS$$DIV
0000a2f3   FS$$MPY
0000a6df   FS$$NEG
0000a220   FS$$SUB
0000a601   FS$$TOFD
0000a53d   FS$$TOI
0000a4ed   FS$$TOL
0000a5e4   FS$$TOU
0000a584   FS$$TOUL
0000a562   I$$DIV
0000a573   I$$MOD
0000a61d   I$$TOFS
0000a637   L$$TOFS
0000a6c1   U$$TOFS
0000a6ae   UL$$TOFS
0000992e   _ADC_disable
00009923   _ADC_disableBandGap
00009908   _ADC_disableInt
000098fd   _ADC_disableNoOverlapMode
000098f2   _ADC_disableRefBuffers
000098e7   _ADC_disableVoltRefLoConv
000098dc   _ADC_enable
000098d1   _ADC_enableBandGap
000098ba   _ADC_enableInt
000098af   _ADC_enableNoOverlapMode
000098a4   _ADC_enableRefBuffers
00009899   _ADC_enableVoltRefLoConv
00009891   _ADC_getDivideSelect
0000988a   _ADC_init
0000987f   _ADC_powerDown
00009874   _ADC_powerUp
00009869   _ADC_reset
00009857   _ADC_setDivideSelect
0000983a   _ADC_setIntMode
00009828   _ADC_setIntPulseGenMode
0000980b   _ADC_setIntSrc
00009804   _ADC_setOffTrim
000097ec   _ADC_setSampleMode
000097d7   _ADC_setSampleOverlapMode
000097c4   _ADC_setSocChanNumber
000097ba   _ADC_setSocFrc
000097b3   _ADC_setSocFrcWord
000097a0   _ADC_setSocSampleDelay
0000978d   _ADC_setSocTrigSrc
0000977b   _ADC_setTempSensorSrc
00009769   _ADC_setVoltRefSrc
0000973e   _ADC_setupSocTrigSrc
00009c50   _CLK_disableAdcClock
00009c49   _CLK_disableClaClock
00009c43   _CLK_disableClkIn
00009c3f   _CLK_disableCompClock
00009c38   _CLK_disableCpuTimerClock
00009c32   _CLK_disableCrystalOsc
00009c2b   _CLK_disableEcanaClock
00009c24   _CLK_disableEcap1Clock
00009c1d   _CLK_disableEqep1Clock
00009c16   _CLK_disableEqep2Clock
00009c0f   _CLK_disableGpioInputClock
00009c08   _CLK_disableHrPwmClock
00009c01   _CLK_disableI2cClock
00009bfa   _CLK_disableLinAClock
00009bf4   _CLK_disableOsc1
00009bee   _CLK_disableOsc1HaltMode
00009be8   _CLK_disableOsc2
00009be2   _CLK_disableOsc2HaltMode
00009bd8   _CLK_disablePwmClock
00009bd1   _CLK_disableSciaClock
00009bca   _CLK_disableScibClock
00009bc3   _CLK_disableSpiaClock
00009bbf   _CLK_disableSpibClock
00009bb8   _CLK_disableTbClockSync
00009bb2   _CLK_disableWatchDogHaltMode
00009bab   _CLK_enableAdcClock
00009ba4   _CLK_enableClaClock
00009b9e   _CLK_enableClkIn
00009b98   _CLK_enableCompClock
00009b92   _CLK_enableCpuTimerClock
00009b8c   _CLK_enableCrystalOsc
00009b85   _CLK_enableEcanaClock
00009b7e   _CLK_enableEcap1Clock
00009b77   _CLK_enableEqep1Clock
00009b70   _CLK_enableEqep2Clock
00009b69   _CLK_enableGpioInputClock
00009b62   _CLK_enableHrPwmClock
00009b5b   _CLK_enableI2cClock
00009b54   _CLK_enableLinAClock
00009b4e   _CLK_enableOsc1
00009b48   _CLK_enableOsc1HaltMode
00009b42   _CLK_enableOsc2
00009b3c   _CLK_enableOsc2HaltMode
00009b33   _CLK_enablePwmClock
00009b2c   _CLK_enableSciaClock
00009b25   _CLK_enableScibClock
00009b1e   _CLK_enableSpiaClock
00009b17   _CLK_enableSpibClock
00009b10   _CLK_enableTbClockSync
00009b0a   _CLK_enableWatchDogHaltMode
00009b04   _CLK_init
00009afd   _CLK_setClkOutPreScaler
00009af7   _CLK_setLowSpdPreScaler
00009af0   _CLK_setOsc2Src
00009ae9   _CLK_setOscSrc
00009ae2   _CLK_setTimer2PreScale
00009adb   _CLK_setTimer2Src
00009ad4   _CLK_setWatchDogSrc
00009acd   _CLK_setXClkInSrc
0000a53a   _CPU_clearIntFlags
0000a537   _CPU_disableDebugInt
0000a534   _CPU_disableGlobalInts
0000a52f   _CPU_disableInt
0000a52c   _CPU_disableInts
0000a529   _CPU_disableProtectedRegisterWrite
0000a526   _CPU_enableDebugInt
0000a523   _CPU_enableGlobalInts
0000a51f   _CPU_enableInt
0000a51c   _CPU_enableProtectedRegisterWrite
0000a516   _CPU_init
003fa83e   _CTRL_setGains
00009470   _DRV8301_enable
0000945e   _DRV8301_getDcCalMode
00009443   _DRV8301_getFaultType
0000943d   _DRV8301_getId
00009436   _DRV8301_getOcLevel
0000942f   _DRV8301_getOcMode
00009428   _DRV8301_getOcOffTimeMode
00009421   _DRV8301_getOcTwMode
0000941a   _DRV8301_getPeakCurrent
00009413   _DRV8301_getPwmMode
0000940c   _DRV8301_getShuntAmpGain
00009403   _DRV8301_init
000093fd   _DRV8301_isFault
000093f6   _DRV8301_isReset
0000938b   _DRV8301_readData
00009219   _DRV8301_readSpi
0000937c   _DRV8301_reset
0000935d   _DRV8301_setDcCalMode
0000935b   _DRV8301_setGpioHandle
00009359   _DRV8301_setGpioNumber
00009345   _DRV8301_setOcLevel
00009331   _DRV8301_setOcMode
0000931d   _DRV8301_setOcOffTimeMode
00009309   _DRV8301_setOcTwMode
000092f5   _DRV8301_setPeakCurrent
000092e1   _DRV8301_setPwmMode
000092cd   _DRV8301_setShuntAmpGain
000092cb   _DRV8301_setSpiHandle
0000924f   _DRV8301_setupSpi
000091f0   _DRV8301_writeData
000091da   _DRV8301_writeSpi
00006100   _ECanaMboxes
00006000   _ECanaRegs
003f96ab   _EST_getFlux_pu
003f95ff   _EST_getLs_coarse_max_pu
003f95f5   _EST_getLs_d_H
003f95f0   _EST_getLs_d_pu
003f95ce   _EST_getLs_q_H
003f95c9   _EST_getLs_q_pu
003f9513   _EST_getRs_Ohm
003f8b45   _EST_setLs_d_pu
003f8af1   _EST_setLs_qFmt
003f8ae7   _EST_setLs_q_pu
0000a700   _ErrorCount
0000a5bf   _FLASH_clear3VStatus
0000014b   _FLASH_disablePipelineMode
00000145   _FLASH_enablePipelineMode
0000a5bc   _FLASH_get3VStatus
0000a5b9   _FLASH_getActiveWaitCount
0000a5b5   _FLASH_getActiveWaitStatus
0000a5b2   _FLASH_getPowerMode
0000a5af   _FLASH_getStandbyWaitCount
0000a5ab   _FLASH_getStandbyWaitStatus
0000a5a5   _FLASH_init
00000140   _FLASH_setActiveWaitCount
00000139   _FLASH_setNumPagedReadWaitStates
00000132   _FLASH_setNumRandomReadWaitStates
0000012b   _FLASH_setOtpWaitStates
00000124   _FLASH_setPowerMode
0000011f   _FLASH_setStandbyWaitCount
00009abd   _GPIO_getData
00009ab6   _GPIO_getPortData
00009ab0   _GPIO_init
00009aa6   _GPIO_lpmSelect
00009a80   _GPIO_read
00009a65   _GPIO_setDirection
00009a5a   _GPIO_setExtInt
00009a47   _GPIO_setHigh
00009a34   _GPIO_setLow
000099fa   _GPIO_setMode
000099ee   _GPIO_setPortData
000099d3   _GPIO_setPullup
00009993   _GPIO_setQualification
0000994c   _GPIO_setQualificationPeriod
00009939   _GPIO_toggle
00008580   _HAL_AdcCalChanSelect
000085d7   _HAL_AdcCalConversion
0000872f   _HAL_AdcOffsetSelfCal
000087f4   _HAL_OscTempComp
00008847   _HAL_cal
00008a89   _HAL_disableGlobalInts
0000897e   _HAL_disableWdog
00008a77   _HAL_enableAdcInts
00008a73   _HAL_enableDebugInt
00008a6e   _HAL_enableDrv
00008a6a   _HAL_enableGlobalInts
00008a59   _HAL_enablePwmInt
00008a49   _HAL_enableTimer0Int
00008762   _HAL_getOscTrimValue
00008983   _HAL_init
00008776   _HAL_osc1Comp
000087b5   _HAL_osc2Comp
00008979   _HAL_readDrvData
00008964   _HAL_setDacParameters
0000885e   _HAL_setParams
000084cb   _HAL_setupAdcs
000084af   _HAL_setupClks
000084aa   _HAL_setupDrvSpi
0000848b   _HAL_setupFaults
0000846d   _HAL_setupFlash
00008458   _HAL_setupGate
000082bc   _HAL_setupGpios
00008265   _HAL_setupPeripheralClks
00008249   _HAL_setupPie
0000820b   _HAL_setupPll
00008189   _HAL_setupPwmDacs
000080c1   _HAL_setupPwms
0000808b   _HAL_setupSpiA
00008055   _HAL_setupSpiB
00008005   _HAL_setupTimers
00008000   _HAL_writeDrvData
00009492   _InitECana
0000a70c   _MessageReceivedCount
003fb4dc   _OFFSET_init
003fb4c6   _OFFSET_setBeta
003fb4bd   _OFFSET_setInitCond
003fb4bb   _OFFSET_setOffset
0000a4e7   _OSC_init
0000a4da   _OSC_setCoarseTrim
0000a4c9   _OSC_setFineTrim
0000a4c0   _OSC_setTrim
00009d5b   _PIE_clearAllFlags
00009d58   _PIE_clearAllInts
00009d55   _PIE_disable
00009d4b   _PIE_disableAllInts
00009d47   _PIE_disableCaptureInt
00009d3a   _PIE_disableExtInt
00009d2f   _PIE_disableInt
00009d2c   _PIE_enable
00009d10   _PIE_enableAdcInt
00009d0c   _PIE_enableCaptureInt
00009ce9   _PIE_enableExtInt
00009cdf   _PIE_enableInt
00009cda   _PIE_enablePwmInt
00009cd5   _PIE_enablePwmTzInt
00009cd2   _PIE_enableTimer0Int
00009cc8   _PIE_forceInt
00009cc0   _PIE_getExtIntCount
00009cb9   _PIE_getIntEnables
00009cb2   _PIE_getIntFlags
0000a6da   _PIE_illegalIsr
00009cab   _PIE_init
00009c9c   _PIE_registerPieIntHandler
00009c91   _PIE_registerSystemIntHandler
00009c85   _PIE_setDefaultIntVectorTable
00009c75   _PIE_setExtIntPolarity
00009c64   _PIE_unregisterPieIntHandler
00009c57   _PIE_unregisterSystemIntHandler
0000a2ed   _PLL_disable
0000a2e7   _PLL_disableClkDetect
0000a2e1   _PLL_disableNormRdy
0000a2db   _PLL_disableOsc
0000a2d5   _PLL_enable
0000a2cf   _PLL_enableClkDetect
0000a2c9   _PLL_enableNormRdy
0000a2c3   _PLL_enableOsc
0000a2bf   _PLL_getClkFreq
0000a2bc   _PLL_getClkStatus
0000a2b9   _PLL_getDivideSelect
0000a2b6   _PLL_getLockStatus
0000a2b0   _PLL_init
0000a2aa   _PLL_resetClkDetect
0000a2a4   _PLL_setClkFreq
0000a29d   _PLL_setDivideSelect
0000a298   _PLL_setLockPeriod
000091d4   _PWM_clearTripZone
000091d1   _PWM_decrementDeadBandFallingEdgeDelay
000091ce   _PWM_decrementDeadBandRisingEdgeDelay
000091c7   _PWM_disableAutoConvert
000091c3   _PWM_disableChopping
000091c0   _PWM_disableCounterLoad
000091bd   _PWM_disableDeadBand
000091b9   _PWM_disableDeadBandHalfCycle
000091b2   _PWM_disableDigitalCompareBlankingWindow
000091ab   _PWM_disableDigitalCompareBlankingWindowInversion
000091a4   _PWM_disableHrPeriod
0000919d   _PWM_disableHrPhaseSync
00009199   _PWM_disableInt
00009195   _PWM_disableSocAPulse
00009191   _PWM_disableSocBPulse
0000918a   _PWM_disableTripZoneInt
00009183   _PWM_disableTripZoneSrc
0000917d   _PWM_disableTripZones
00009176   _PWM_enableAutoConvert
00009172   _PWM_enableChopping
0000916f   _PWM_enableCounterLoad
0000916b   _PWM_enableDeadBandHalfCycle
00009164   _PWM_enableDigitalCompareBlankingWindow
0000915d   _PWM_enableDigitalCompareBlankingWindowInversion
00009156   _PWM_enableHrPeriod
0000914f   _PWM_enableHrPhaseSync
0000914b   _PWM_enableInt
00009147   _PWM_enableSocAPulse
00009143   _PWM_enableSocBPulse
0000913d   _PWM_enableTripZoneInt
00009137   _PWM_enableTripZoneSrc
00009134   _PWM_getDeadBandFallingEdgeDelay
00009131   _PWM_getDeadBandRisingEdgeDelay
0000912d   _PWM_getIntCount
00009129   _PWM_getShadowStatus_CmpA
00009125   _PWM_getShadowStatus_CmpB
00009120   _PWM_getSocACount
0000911b   _PWM_getSocBCount
00009118   _PWM_incrementDeadBandFallingEdgeDelay
00009115   _PWM_incrementDeadBandRisingEdgeDelay
0000910f   _PWM_init
00009108   _PWM_setActionQualContSWForce_PwmA
000090ff   _PWM_setActionQualContSWForce_PwmB
000090f6   _PWM_setActionQual_CntDown_CmpA_PwmA
000090ed   _PWM_setActionQual_CntDown_CmpA_PwmB
000090e4   _PWM_setActionQual_CntDown_CmpB_PwmA
000090db   _PWM_setActionQual_CntDown_CmpB_PwmB
000090d2   _PWM_setActionQual_CntUp_CmpA_PwmA
000090c9   _PWM_setActionQual_CntUp_CmpA_PwmB
000090c0   _PWM_setActionQual_CntUp_CmpB_PwmA
000090b7   _PWM_setActionQual_CntUp_CmpB_PwmB
000090ae   _PWM_setActionQual_Period_PwmA
000090a5   _PWM_setActionQual_Period_PwmB
0000909e   _PWM_setActionQual_Zero_PwmA
00009097   _PWM_setActionQual_Zero_PwmB
00009090   _PWM_setChoppingClkFreq
00009089   _PWM_setChoppingDutyCycle
00009082   _PWM_setChoppingPulseWidth
0000907e   _PWM_setClkDiv
0000907c   _PWM_setCount
00009078   _PWM_setCounterMode
00009075   _PWM_setDeadBandFallingEdgeDelay
0000906e   _PWM_setDeadBandInputMode
00009067   _PWM_setDeadBandOutputMode
00009060   _PWM_setDeadBandPolarity
0000905d   _PWM_setDeadBandRisingEdgeDelay
00009046   _PWM_setDigitalCompareAEvent1
00009036   _PWM_setDigitalCompareAEvent2
0000901f   _PWM_setDigitalCompareBEvent1
0000900f   _PWM_setDigitalCompareBEvent2
00009003   _PWM_setDigitalCompareBlankingPulse
00009000   _PWM_setDigitalCompareFilterOffset
00008ff6   _PWM_setDigitalCompareFilterSource
00008ff3   _PWM_setDigitalCompareFilterWindow
00008fe4   _PWM_setDigitalCompareInput
00008fe0   _PWM_setHighSpeedClkDiv
00008fd6   _PWM_setHrControlMode
00008fcc   _PWM_setHrEdgeMode
00008fc2   _PWM_setHrShadowMode
00008fbb   _PWM_setIntMode
00008fb4   _PWM_setIntPeriod
00008fb0   _PWM_setLoadMode_CmpA
00008faa   _PWM_setLoadMode_CmpB
00008fa8   _PWM_setPeriod
00008fa3   _PWM_setPeriodHr
00008f9f   _PWM_setPeriodLoad
00008f9d   _PWM_setPhase
00008f99   _PWM_setPhaseDir
00008f95   _PWM_setRunMode
00008f8f   _PWM_setShadowMode_CmpA
00008f89   _PWM_setShadowMode_CmpB
00008f80   _PWM_setSocAPeriod
00008f76   _PWM_setSocAPulseSrc
00008f6d   _PWM_setSocBPeriod
00008f64   _PWM_setSocBPulseSrc
00008f61   _PWM_setSwSync
00008f5d   _PWM_setSyncMode
00008f53   _PWM_setTripZoneDCEventSelect_DCAEVT1
00008f47   _PWM_setTripZoneDCEventSelect_DCAEVT2
00008f3b   _PWM_setTripZoneDCEventSelect_DCBEVT1
00008f2f   _PWM_setTripZoneDCEventSelect_DCBEVT2
00008f23   _PWM_setTripZoneState_DCAEVT1
00008f17   _PWM_setTripZoneState_DCAEVT2
00008f0b   _PWM_setTripZoneState_DCBEVT1
00008eff   _PWM_setTripZoneState_DCBEVT2
00008ef5   _PWM_setTripZoneState_TZA
00008ee9   _PWM_setTripZoneState_TZB
0000a391   _PWR_disableBrownOutReset
0000a386   _PWR_disableWatchDogInt
0000a383   _PWR_enableBrownOutReset
0000a378   _PWR_enableWatchDogInt
0000a371   _PWR_init
0000a35f   _PWR_setLowPowerMode
0000a34d   _PWR_setNumStandByClocks
0000a704   _PassCount
00000155   _RamfuncsLoadEnd
00000036   _RamfuncsLoadSize
0000011f   _RamfuncsLoadStart
0000011f   _RamfuncsRunStart
00009f65   _SPI_clearRxFifoInt
00009f61   _SPI_clearRxFifoOvf
00009f5d   _SPI_clearTxFifoInt
00009f5a   _SPI_disableInt
00009f57   _SPI_disableLoopBack
00009f54   _SPI_disableOverRunInt
00009f50   _SPI_disableRxFifoInt
00009f4d   _SPI_disableTx
00009f49   _SPI_disableTxFifoEnh
00009f45   _SPI_disableTxFifoInt
00009f42   _SPI_enable
00009f3e   _SPI_enableChannels
00009f3b   _SPI_enableInt
00009f38   _SPI_enableLoopBack
00009f35   _SPI_enableOverRunInt
00009f31   _SPI_enableRxFifo
00009f2d   _SPI_enableRxFifoInt
00009f2a   _SPI_enableTx
00009f26   _SPI_enableTxFifo
00009f22   _SPI_enableTxFifoEnh
00009f1e   _SPI_enableTxFifoInt
00009f1b   _SPI_getIntFlagStatus
00009f17   _SPI_getRxFifoStatus
00009f14   _SPI_getTxBufferStatus
00009f10   _SPI_getTxFifoStatus
00009f0a   _SPI_init
00009f07   _SPI_reset
00009f03   _SPI_resetChannels
00009eff   _SPI_resetRxFifo
00009efb   _SPI_resetTxFifo
00009ef9   _SPI_setBaudRate
00009ef5   _SPI_setCharLength
00009ef3   _SPI_setClkPhase
00009eef   _SPI_setClkPolarity
00009eed   _SPI_setMode
00009ee6   _SPI_setPriority
00009edf   _SPI_setRxFifoIntLevel
00009ed8   _SPI_setSteInv
00009ed1   _SPI_setSuspend
00009eca   _SPI_setTriWire
00009ec7   _SPI_setTxDelay
00009ec0   _SPI_setTxFifoIntLevel
0000a48c   _TIMER_clearFlag
0000a489   _TIMER_disableInt
0000a486   _TIMER_enableInt
0000a483   _TIMER_getStatus
0000a47d   _TIMER_init
0000a46f   _TIMER_setDecimationFactor
0000a46b   _TIMER_setEmulationMode
0000a45d   _TIMER_setPreScaler
0000a70e   _TestMbox1
0000a708   _TestMbox2
0000a70a   _TestMbox3
00008e38   _USER_calcPIgains
00008e34   _USER_checkForErrors
00008e26   _USER_computeFlux
00008ddb   _USER_computeFlux_pu_to_VpHz_sf
00008d90   _USER_computeFlux_pu_to_Wb_sf
00008d45   _USER_computeTorque_Flux_Iq_pu_to_Nm_sf
00008cfc   _USER_computeTorque_Ls_Id_Iq_pu_to_Nm_sf
00008cb0   _USER_computeTorque_Nm
00008c59   _USER_computeTorque_lbin
00008c56   _USER_getErrorCode
00008c53   _USER_setErrorCode
00008b1b   _USER_setParams
00008a8d   _USER_softwareUpdate1p6
0000a3d2   _WDOG_clearCounter
0000a3ca   _WDOG_disable
0000a3c4   _WDOG_disableInt
0000a3be   _WDOG_disableOverRide
0000a3b5   _WDOG_enable
0000a3af   _WDOG_enableInt
0000a3a9   _WDOG_enableOverRide
0000a3a6   _WDOG_getIntStatus
0000a3a0   _WDOG_init
0000a39e   _WDOG_setCount
0000a394   _WDOG_setPreScaler
0000a928   __IQ30toF
000007b0   __STACK_END
000003b0   __STACK_SIZE
00000001   __TI_args_main
0000a6e8   ___TI_cleanup_ptr
0000a6ea   ___TI_dtors_ptr
ffffffff   ___binit__
ffffffff   ___c_args__
00000050   ___cinit__
0000a6e4   ___etext__
ffffffff   ___pinit__
00008000   ___text__
0000a651   __args_main
0000a6e6   __lock
0000a006   __log
0000a6d9   __nop
0000a6d5   __register_lock
0000a6d1   __register_unlock
00000400   __stack
0000a6e4   __unlock
0000a66a   _abort
0000a3da   _c_int00
0000a6ee   _cpu
0000a6ef   _errno
0000a66c   _exit
00009f69   _exp
0000a69a   _frexp
0000a716   _gAdcData
0000a724   _gDrvSpi8301Vars
0000a706   _gLEDcnt
0000a740   _gMotorVars
0000a710   _gPwmData
0000a7c0   _gUserParams
0000a880   _hal
0000a702   _halHandle
0000a41e   _ldexp
00009e16   _log
0000950b   _mailbox_check
000094fb   _mailbox_read
00009522   _main
00009d65   _mainISR
0000a48f   _modf
0000a093   _pow
00000151   _usDelay
ffffffff   binit
00000050   cinit
0000a6e4   etext
ffffffff   pinit


GLOBAL SYMBOLS: SORTED BY Symbol Address 

address    name
--------   ----
00000001   __TI_args_main
00000036   _RamfuncsLoadSize
00000050   ___cinit__
00000050   cinit
0000011f   _FLASH_setStandbyWaitCount
0000011f   _RamfuncsLoadStart
0000011f   _RamfuncsRunStart
00000124   _FLASH_setPowerMode
0000012b   _FLASH_setOtpWaitStates
00000132   _FLASH_setNumRandomReadWaitStates
00000139   _FLASH_setNumPagedReadWaitStates
00000140   _FLASH_setActiveWaitCount
00000145   _FLASH_enablePipelineMode
0000014b   _FLASH_disablePipelineMode
00000151   _usDelay
00000155   _RamfuncsLoadEnd
000003b0   __STACK_SIZE
00000400   __stack
000007b0   __STACK_END
00006000   _ECanaRegs
00006100   _ECanaMboxes
00008000   .text
00008000   _HAL_writeDrvData
00008000   ___text__
00008005   _HAL_setupTimers
00008055   _HAL_setupSpiB
0000808b   _HAL_setupSpiA
000080c1   _HAL_setupPwms
00008189   _HAL_setupPwmDacs
0000820b   _HAL_setupPll
00008249   _HAL_setupPie
00008265   _HAL_setupPeripheralClks
000082bc   _HAL_setupGpios
00008458   _HAL_setupGate
0000846d   _HAL_setupFlash
0000848b   _HAL_setupFaults
000084aa   _HAL_setupDrvSpi
000084af   _HAL_setupClks
000084cb   _HAL_setupAdcs
00008580   _HAL_AdcCalChanSelect
000085d7   _HAL_AdcCalConversion
0000872f   _HAL_AdcOffsetSelfCal
00008762   _HAL_getOscTrimValue
00008776   _HAL_osc1Comp
000087b5   _HAL_osc2Comp
000087f4   _HAL_OscTempComp
00008847   _HAL_cal
0000885e   _HAL_setParams
00008964   _HAL_setDacParameters
00008979   _HAL_readDrvData
0000897e   _HAL_disableWdog
00008983   _HAL_init
00008a49   _HAL_enableTimer0Int
00008a59   _HAL_enablePwmInt
00008a6a   _HAL_enableGlobalInts
00008a6e   _HAL_enableDrv
00008a73   _HAL_enableDebugInt
00008a77   _HAL_enableAdcInts
00008a89   _HAL_disableGlobalInts
00008a8d   _USER_softwareUpdate1p6
00008b1b   _USER_setParams
00008c53   _USER_setErrorCode
00008c56   _USER_getErrorCode
00008c59   _USER_computeTorque_lbin
00008cb0   _USER_computeTorque_Nm
00008cfc   _USER_computeTorque_Ls_Id_Iq_pu_to_Nm_sf
00008d45   _USER_computeTorque_Flux_Iq_pu_to_Nm_sf
00008d90   _USER_computeFlux_pu_to_Wb_sf
00008ddb   _USER_computeFlux_pu_to_VpHz_sf
00008e26   _USER_computeFlux
00008e34   _USER_checkForErrors
00008e38   _USER_calcPIgains
00008ee9   _PWM_setTripZoneState_TZB
00008ef5   _PWM_setTripZoneState_TZA
00008eff   _PWM_setTripZoneState_DCBEVT2
00008f0b   _PWM_setTripZoneState_DCBEVT1
00008f17   _PWM_setTripZoneState_DCAEVT2
00008f23   _PWM_setTripZoneState_DCAEVT1
00008f2f   _PWM_setTripZoneDCEventSelect_DCBEVT2
00008f3b   _PWM_setTripZoneDCEventSelect_DCBEVT1
00008f47   _PWM_setTripZoneDCEventSelect_DCAEVT2
00008f53   _PWM_setTripZoneDCEventSelect_DCAEVT1
00008f5d   _PWM_setSyncMode
00008f61   _PWM_setSwSync
00008f64   _PWM_setSocBPulseSrc
00008f6d   _PWM_setSocBPeriod
00008f76   _PWM_setSocAPulseSrc
00008f80   _PWM_setSocAPeriod
00008f89   _PWM_setShadowMode_CmpB
00008f8f   _PWM_setShadowMode_CmpA
00008f95   _PWM_setRunMode
00008f99   _PWM_setPhaseDir
00008f9d   _PWM_setPhase
00008f9f   _PWM_setPeriodLoad
00008fa3   _PWM_setPeriodHr
00008fa8   _PWM_setPeriod
00008faa   _PWM_setLoadMode_CmpB
00008fb0   _PWM_setLoadMode_CmpA
00008fb4   _PWM_setIntPeriod
00008fbb   _PWM_setIntMode
00008fc2   _PWM_setHrShadowMode
00008fcc   _PWM_setHrEdgeMode
00008fd6   _PWM_setHrControlMode
00008fe0   _PWM_setHighSpeedClkDiv
00008fe4   _PWM_setDigitalCompareInput
00008ff3   _PWM_setDigitalCompareFilterWindow
00008ff6   _PWM_setDigitalCompareFilterSource
00009000   _PWM_setDigitalCompareFilterOffset
00009003   _PWM_setDigitalCompareBlankingPulse
0000900f   _PWM_setDigitalCompareBEvent2
0000901f   _PWM_setDigitalCompareBEvent1
00009036   _PWM_setDigitalCompareAEvent2
00009046   _PWM_setDigitalCompareAEvent1
0000905d   _PWM_setDeadBandRisingEdgeDelay
00009060   _PWM_setDeadBandPolarity
00009067   _PWM_setDeadBandOutputMode
0000906e   _PWM_setDeadBandInputMode
00009075   _PWM_setDeadBandFallingEdgeDelay
00009078   _PWM_setCounterMode
0000907c   _PWM_setCount
0000907e   _PWM_setClkDiv
00009082   _PWM_setChoppingPulseWidth
00009089   _PWM_setChoppingDutyCycle
00009090   _PWM_setChoppingClkFreq
00009097   _PWM_setActionQual_Zero_PwmB
0000909e   _PWM_setActionQual_Zero_PwmA
000090a5   _PWM_setActionQual_Period_PwmB
000090ae   _PWM_setActionQual_Period_PwmA
000090b7   _PWM_setActionQual_CntUp_CmpB_PwmB
000090c0   _PWM_setActionQual_CntUp_CmpB_PwmA
000090c9   _PWM_setActionQual_CntUp_CmpA_PwmB
000090d2   _PWM_setActionQual_CntUp_CmpA_PwmA
000090db   _PWM_setActionQual_CntDown_CmpB_PwmB
000090e4   _PWM_setActionQual_CntDown_CmpB_PwmA
000090ed   _PWM_setActionQual_CntDown_CmpA_PwmB
000090f6   _PWM_setActionQual_CntDown_CmpA_PwmA
000090ff   _PWM_setActionQualContSWForce_PwmB
00009108   _PWM_setActionQualContSWForce_PwmA
0000910f   _PWM_init
00009115   _PWM_incrementDeadBandRisingEdgeDelay
00009118   _PWM_incrementDeadBandFallingEdgeDelay
0000911b   _PWM_getSocBCount
00009120   _PWM_getSocACount
00009125   _PWM_getShadowStatus_CmpB
00009129   _PWM_getShadowStatus_CmpA
0000912d   _PWM_getIntCount
00009131   _PWM_getDeadBandRisingEdgeDelay
00009134   _PWM_getDeadBandFallingEdgeDelay
00009137   _PWM_enableTripZoneSrc
0000913d   _PWM_enableTripZoneInt
00009143   _PWM_enableSocBPulse
00009147   _PWM_enableSocAPulse
0000914b   _PWM_enableInt
0000914f   _PWM_enableHrPhaseSync
00009156   _PWM_enableHrPeriod
0000915d   _PWM_enableDigitalCompareBlankingWindowInversion
00009164   _PWM_enableDigitalCompareBlankingWindow
0000916b   _PWM_enableDeadBandHalfCycle
0000916f   _PWM_enableCounterLoad
00009172   _PWM_enableChopping
00009176   _PWM_enableAutoConvert
0000917d   _PWM_disableTripZones
00009183   _PWM_disableTripZoneSrc
0000918a   _PWM_disableTripZoneInt
00009191   _PWM_disableSocBPulse
00009195   _PWM_disableSocAPulse
00009199   _PWM_disableInt
0000919d   _PWM_disableHrPhaseSync
000091a4   _PWM_disableHrPeriod
000091ab   _PWM_disableDigitalCompareBlankingWindowInversion
000091b2   _PWM_disableDigitalCompareBlankingWindow
000091b9   _PWM_disableDeadBandHalfCycle
000091bd   _PWM_disableDeadBand
000091c0   _PWM_disableCounterLoad
000091c3   _PWM_disableChopping
000091c7   _PWM_disableAutoConvert
000091ce   _PWM_decrementDeadBandRisingEdgeDelay
000091d1   _PWM_decrementDeadBandFallingEdgeDelay
000091d4   _PWM_clearTripZone
000091da   _DRV8301_writeSpi
000091f0   _DRV8301_writeData
00009219   _DRV8301_readSpi
0000924f   _DRV8301_setupSpi
000092cb   _DRV8301_setSpiHandle
000092cd   _DRV8301_setShuntAmpGain
000092e1   _DRV8301_setPwmMode
000092f5   _DRV8301_setPeakCurrent
00009309   _DRV8301_setOcTwMode
0000931d   _DRV8301_setOcOffTimeMode
00009331   _DRV8301_setOcMode
00009345   _DRV8301_setOcLevel
00009359   _DRV8301_setGpioNumber
0000935b   _DRV8301_setGpioHandle
0000935d   _DRV8301_setDcCalMode
0000937c   _DRV8301_reset
0000938b   _DRV8301_readData
000093f6   _DRV8301_isReset
000093fd   _DRV8301_isFault
00009403   _DRV8301_init
0000940c   _DRV8301_getShuntAmpGain
00009413   _DRV8301_getPwmMode
0000941a   _DRV8301_getPeakCurrent
00009421   _DRV8301_getOcTwMode
00009428   _DRV8301_getOcOffTimeMode
0000942f   _DRV8301_getOcMode
00009436   _DRV8301_getOcLevel
0000943d   _DRV8301_getId
00009443   _DRV8301_getFaultType
0000945e   _DRV8301_getDcCalMode
00009470   _DRV8301_enable
00009492   _InitECana
000094fb   _mailbox_read
0000950b   _mailbox_check
00009522   _main
0000973e   _ADC_setupSocTrigSrc
00009769   _ADC_setVoltRefSrc
0000977b   _ADC_setTempSensorSrc
0000978d   _ADC_setSocTrigSrc
000097a0   _ADC_setSocSampleDelay
000097b3   _ADC_setSocFrcWord
000097ba   _ADC_setSocFrc
000097c4   _ADC_setSocChanNumber
000097d7   _ADC_setSampleOverlapMode
000097ec   _ADC_setSampleMode
00009804   _ADC_setOffTrim
0000980b   _ADC_setIntSrc
00009828   _ADC_setIntPulseGenMode
0000983a   _ADC_setIntMode
00009857   _ADC_setDivideSelect
00009869   _ADC_reset
00009874   _ADC_powerUp
0000987f   _ADC_powerDown
0000988a   _ADC_init
00009891   _ADC_getDivideSelect
00009899   _ADC_enableVoltRefLoConv
000098a4   _ADC_enableRefBuffers
000098af   _ADC_enableNoOverlapMode
000098ba   _ADC_enableInt
000098d1   _ADC_enableBandGap
000098dc   _ADC_enable
000098e7   _ADC_disableVoltRefLoConv
000098f2   _ADC_disableRefBuffers
000098fd   _ADC_disableNoOverlapMode
00009908   _ADC_disableInt
00009923   _ADC_disableBandGap
0000992e   _ADC_disable
00009939   _GPIO_toggle
0000994c   _GPIO_setQualificationPeriod
00009993   _GPIO_setQualification
000099d3   _GPIO_setPullup
000099ee   _GPIO_setPortData
000099fa   _GPIO_setMode
00009a34   _GPIO_setLow
00009a47   _GPIO_setHigh
00009a5a   _GPIO_setExtInt
00009a65   _GPIO_setDirection
00009a80   _GPIO_read
00009aa6   _GPIO_lpmSelect
00009ab0   _GPIO_init
00009ab6   _GPIO_getPortData
00009abd   _GPIO_getData
00009acd   _CLK_setXClkInSrc
00009ad4   _CLK_setWatchDogSrc
00009adb   _CLK_setTimer2Src
00009ae2   _CLK_setTimer2PreScale
00009ae9   _CLK_setOscSrc
00009af0   _CLK_setOsc2Src
00009af7   _CLK_setLowSpdPreScaler
00009afd   _CLK_setClkOutPreScaler
00009b04   _CLK_init
00009b0a   _CLK_enableWatchDogHaltMode
00009b10   _CLK_enableTbClockSync
00009b17   _CLK_enableSpibClock
00009b1e   _CLK_enableSpiaClock
00009b25   _CLK_enableScibClock
00009b2c   _CLK_enableSciaClock
00009b33   _CLK_enablePwmClock
00009b3c   _CLK_enableOsc2HaltMode
00009b42   _CLK_enableOsc2
00009b48   _CLK_enableOsc1HaltMode
00009b4e   _CLK_enableOsc1
00009b54   _CLK_enableLinAClock
00009b5b   _CLK_enableI2cClock
00009b62   _CLK_enableHrPwmClock
00009b69   _CLK_enableGpioInputClock
00009b70   _CLK_enableEqep2Clock
00009b77   _CLK_enableEqep1Clock
00009b7e   _CLK_enableEcap1Clock
00009b85   _CLK_enableEcanaClock
00009b8c   _CLK_enableCrystalOsc
00009b92   _CLK_enableCpuTimerClock
00009b98   _CLK_enableCompClock
00009b9e   _CLK_enableClkIn
00009ba4   _CLK_enableClaClock
00009bab   _CLK_enableAdcClock
00009bb2   _CLK_disableWatchDogHaltMode
00009bb8   _CLK_disableTbClockSync
00009bbf   _CLK_disableSpibClock
00009bc3   _CLK_disableSpiaClock
00009bca   _CLK_disableScibClock
00009bd1   _CLK_disableSciaClock
00009bd8   _CLK_disablePwmClock
00009be2   _CLK_disableOsc2HaltMode
00009be8   _CLK_disableOsc2
00009bee   _CLK_disableOsc1HaltMode
00009bf4   _CLK_disableOsc1
00009bfa   _CLK_disableLinAClock
00009c01   _CLK_disableI2cClock
00009c08   _CLK_disableHrPwmClock
00009c0f   _CLK_disableGpioInputClock
00009c16   _CLK_disableEqep2Clock
00009c1d   _CLK_disableEqep1Clock
00009c24   _CLK_disableEcap1Clock
00009c2b   _CLK_disableEcanaClock
00009c32   _CLK_disableCrystalOsc
00009c38   _CLK_disableCpuTimerClock
00009c3f   _CLK_disableCompClock
00009c43   _CLK_disableClkIn
00009c49   _CLK_disableClaClock
00009c50   _CLK_disableAdcClock
00009c57   _PIE_unregisterSystemIntHandler
00009c64   _PIE_unregisterPieIntHandler
00009c75   _PIE_setExtIntPolarity
00009c85   _PIE_setDefaultIntVectorTable
00009c91   _PIE_registerSystemIntHandler
00009c9c   _PIE_registerPieIntHandler
00009cab   _PIE_init
00009cb2   _PIE_getIntFlags
00009cb9   _PIE_getIntEnables
00009cc0   _PIE_getExtIntCount
00009cc8   _PIE_forceInt
00009cd2   _PIE_enableTimer0Int
00009cd5   _PIE_enablePwmTzInt
00009cda   _PIE_enablePwmInt
00009cdf   _PIE_enableInt
00009ce9   _PIE_enableExtInt
00009d0c   _PIE_enableCaptureInt
00009d10   _PIE_enableAdcInt
00009d2c   _PIE_enable
00009d2f   _PIE_disableInt
00009d3a   _PIE_disableExtInt
00009d47   _PIE_disableCaptureInt
00009d4b   _PIE_disableAllInts
00009d55   _PIE_disable
00009d58   _PIE_clearAllInts
00009d5b   _PIE_clearAllFlags
00009d65   _mainISR
00009e16   _log
00009ec0   _SPI_setTxFifoIntLevel
00009ec7   _SPI_setTxDelay
00009eca   _SPI_setTriWire
00009ed1   _SPI_setSuspend
00009ed8   _SPI_setSteInv
00009edf   _SPI_setRxFifoIntLevel
00009ee6   _SPI_setPriority
00009eed   _SPI_setMode
00009eef   _SPI_setClkPolarity
00009ef3   _SPI_setClkPhase
00009ef5   _SPI_setCharLength
00009ef9   _SPI_setBaudRate
00009efb   _SPI_resetTxFifo
00009eff   _SPI_resetRxFifo
00009f03   _SPI_resetChannels
00009f07   _SPI_reset
00009f0a   _SPI_init
00009f10   _SPI_getTxFifoStatus
00009f14   _SPI_getTxBufferStatus
00009f17   _SPI_getRxFifoStatus
00009f1b   _SPI_getIntFlagStatus
00009f1e   _SPI_enableTxFifoInt
00009f22   _SPI_enableTxFifoEnh
00009f26   _SPI_enableTxFifo
00009f2a   _SPI_enableTx
00009f2d   _SPI_enableRxFifoInt
00009f31   _SPI_enableRxFifo
00009f35   _SPI_enableOverRunInt
00009f38   _SPI_enableLoopBack
00009f3b   _SPI_enableInt
00009f3e   _SPI_enableChannels
00009f42   _SPI_enable
00009f45   _SPI_disableTxFifoInt
00009f49   _SPI_disableTxFifoEnh
00009f4d   _SPI_disableTx
00009f50   _SPI_disableRxFifoInt
00009f54   _SPI_disableOverRunInt
00009f57   _SPI_disableLoopBack
00009f5a   _SPI_disableInt
00009f5d   _SPI_clearTxFifoInt
00009f61   _SPI_clearRxFifoOvf
00009f65   _SPI_clearRxFifoInt
00009f69   _exp
0000a006   __log
0000a093   _pow
0000a11a   FD$$MPY
0000a19d   FS$$DIV
0000a220   FS$$SUB
0000a225   FS$$ADD
0000a298   _PLL_setLockPeriod
0000a29d   _PLL_setDivideSelect
0000a2a4   _PLL_setClkFreq
0000a2aa   _PLL_resetClkDetect
0000a2b0   _PLL_init
0000a2b6   _PLL_getLockStatus
0000a2b9   _PLL_getDivideSelect
0000a2bc   _PLL_getClkStatus
0000a2bf   _PLL_getClkFreq
0000a2c3   _PLL_enableOsc
0000a2c9   _PLL_enableNormRdy
0000a2cf   _PLL_enableClkDetect
0000a2d5   _PLL_enable
0000a2db   _PLL_disableOsc
0000a2e1   _PLL_disableNormRdy
0000a2e7   _PLL_disableClkDetect
0000a2ed   _PLL_disable
0000a2f3   FS$$MPY
0000a34d   _PWR_setNumStandByClocks
0000a35f   _PWR_setLowPowerMode
0000a371   _PWR_init
0000a378   _PWR_enableWatchDogInt
0000a383   _PWR_enableBrownOutReset
0000a386   _PWR_disableWatchDogInt
0000a391   _PWR_disableBrownOutReset
0000a394   _WDOG_setPreScaler
0000a39e   _WDOG_setCount
0000a3a0   _WDOG_init
0000a3a6   _WDOG_getIntStatus
0000a3a9   _WDOG_enableOverRide
0000a3af   _WDOG_enableInt
0000a3b5   _WDOG_enable
0000a3be   _WDOG_disableOverRide
0000a3c4   _WDOG_disableInt
0000a3ca   _WDOG_disable
0000a3d2   _WDOG_clearCounter
0000a3da   _c_int00
0000a41e   _ldexp
0000a45d   _TIMER_setPreScaler
0000a46b   _TIMER_setEmulationMode
0000a46f   _TIMER_setDecimationFactor
0000a47d   _TIMER_init
0000a483   _TIMER_getStatus
0000a486   _TIMER_enableInt
0000a489   _TIMER_disableInt
0000a48c   _TIMER_clearFlag
0000a48f   _modf
0000a4c0   _OSC_setTrim
0000a4c9   _OSC_setFineTrim
0000a4da   _OSC_setCoarseTrim
0000a4e7   _OSC_init
0000a4ed   FS$$TOL
0000a516   _CPU_init
0000a51c   _CPU_enableProtectedRegisterWrite
0000a51f   _CPU_enableInt
0000a523   _CPU_enableGlobalInts
0000a526   _CPU_enableDebugInt
0000a529   _CPU_disableProtectedRegisterWrite
0000a52c   _CPU_disableInts
0000a52f   _CPU_disableInt
0000a534   _CPU_disableGlobalInts
0000a537   _CPU_disableDebugInt
0000a53a   _CPU_clearIntFlags
0000a53d   FS$$TOI
0000a562   I$$DIV
0000a573   I$$MOD
0000a584   FS$$TOUL
0000a5a5   _FLASH_init
0000a5ab   _FLASH_getStandbyWaitStatus
0000a5af   _FLASH_getStandbyWaitCount
0000a5b2   _FLASH_getPowerMode
0000a5b5   _FLASH_getActiveWaitStatus
0000a5b9   _FLASH_getActiveWaitCount
0000a5bc   _FLASH_get3VStatus
0000a5bf   _FLASH_clear3VStatus
0000a5c5   FD$$TOL
0000a5e4   FS$$TOU
0000a601   FS$$TOFD
0000a61d   I$$TOFS
0000a637   L$$TOFS
0000a651   __args_main
0000a66a   C$$EXIT
0000a66a   _abort
0000a66c   _exit
0000a683   FS$$CMP
0000a69a   _frexp
0000a6ae   UL$$TOFS
0000a6c1   U$$TOFS
0000a6d1   __register_unlock
0000a6d5   __register_lock
0000a6d9   __nop
0000a6da   _PIE_illegalIsr
0000a6df   FS$$NEG
0000a6e4   ___etext__
0000a6e4   __unlock
0000a6e4   etext
0000a6e6   __lock
0000a6e8   ___TI_cleanup_ptr
0000a6ea   ___TI_dtors_ptr
0000a6ee   _cpu
0000a6ef   _errno
0000a700   _ErrorCount
0000a702   _halHandle
0000a704   _PassCount
0000a706   _gLEDcnt
0000a708   _TestMbox2
0000a70a   _TestMbox3
0000a70c   _MessageReceivedCount
0000a70e   _TestMbox1
0000a710   _gPwmData
0000a716   _gAdcData
0000a724   _gDrvSpi8301Vars
0000a740   _gMotorVars
0000a7c0   _gUserParams
0000a880   _hal
0000a928   __IQ30toF
003f8ae7   _EST_setLs_q_pu
003f8af1   _EST_setLs_qFmt
003f8b45   _EST_setLs_d_pu
003f9513   _EST_getRs_Ohm
003f95c9   _EST_getLs_q_pu
003f95ce   _EST_getLs_q_H
003f95f0   _EST_getLs_d_pu
003f95f5   _EST_getLs_d_H
003f95ff   _EST_getLs_coarse_max_pu
003f96ab   _EST_getFlux_pu
003fa83e   _CTRL_setGains
003fb4bb   _OFFSET_setOffset
003fb4bd   _OFFSET_setInitCond
003fb4c6   _OFFSET_setBeta
003fb4dc   _OFFSET_init
ffffffff   ___binit__
ffffffff   ___c_args__
ffffffff   ___pinit__
ffffffff   binit
ffffffff   pinit

[533 symbols]
