<?xml version="1.0"?>
<link_info>
   <banner>TMS320C2000 Linker PC v17.3.0.STS</banner>
   <copyright>Copyright (c) 1996-2017 Texas Instruments Incorporated</copyright>
   <link_time>0x58fba06d</link_time>
   <link_errors>0x0</link_errors>
   <output_file>lab09a_ECanCmd.out</output_file>
   <entry_point>
      <name>_c_int00</name>
      <address>0xc092</address>
   </entry_point>
   <input_file_list>
      <input_file id="fl-5">
         <path>.\</path>
         <kind>object</kind>
         <file>CodeStartBranch.obj</file>
         <name>CodeStartBranch.obj</name>
      </input_file>
      <input_file id="fl-6">
         <path>.\</path>
         <kind>object</kind>
         <file>adc.obj</file>
         <name>adc.obj</name>
      </input_file>
      <input_file id="fl-7">
         <path>.\</path>
         <kind>object</kind>
         <file>clarke.obj</file>
         <name>clarke.obj</name>
      </input_file>
      <input_file id="fl-8">
         <path>.\</path>
         <kind>object</kind>
         <file>clk.obj</file>
         <name>clk.obj</name>
      </input_file>
      <input_file id="fl-9">
         <path>.\</path>
         <kind>object</kind>
         <file>cpu.obj</file>
         <name>cpu.obj</name>
      </input_file>
      <input_file id="fl-a">
         <path>.\</path>
         <kind>object</kind>
         <file>ctrl.obj</file>
         <name>ctrl.obj</name>
      </input_file>
      <input_file id="fl-b">
         <path>.\</path>
         <kind>object</kind>
         <file>drv8305.obj</file>
         <name>drv8305.obj</name>
      </input_file>
      <input_file id="fl-c">
         <path>.\</path>
         <kind>object</kind>
         <file>filter_fo.obj</file>
         <name>filter_fo.obj</name>
      </input_file>
      <input_file id="fl-d">
         <path>.\</path>
         <kind>object</kind>
         <file>flash.obj</file>
         <name>flash.obj</name>
      </input_file>
      <input_file id="fl-e">
         <path>.\</path>
         <kind>object</kind>
         <file>fw.obj</file>
         <name>fw.obj</name>
      </input_file>
      <input_file id="fl-f">
         <path>.\</path>
         <kind>object</kind>
         <file>gpio.obj</file>
         <name>gpio.obj</name>
      </input_file>
      <input_file id="fl-10">
         <path>.\</path>
         <kind>object</kind>
         <file>ipark.obj</file>
         <name>ipark.obj</name>
      </input_file>
      <input_file id="fl-11">
         <path>.\</path>
         <kind>object</kind>
         <file>offset.obj</file>
         <name>offset.obj</name>
      </input_file>
      <input_file id="fl-12">
         <path>.\</path>
         <kind>object</kind>
         <file>osc.obj</file>
         <name>osc.obj</name>
      </input_file>
      <input_file id="fl-13">
         <path>.\</path>
         <kind>object</kind>
         <file>park.obj</file>
         <name>park.obj</name>
      </input_file>
      <input_file id="fl-14">
         <path>.\</path>
         <kind>object</kind>
         <file>pid.obj</file>
         <name>pid.obj</name>
      </input_file>
      <input_file id="fl-15">
         <path>.\</path>
         <kind>object</kind>
         <file>pie.obj</file>
         <name>pie.obj</name>
      </input_file>
      <input_file id="fl-16">
         <path>.\</path>
         <kind>object</kind>
         <file>pll.obj</file>
         <name>pll.obj</name>
      </input_file>
      <input_file id="fl-17">
         <path>.\</path>
         <kind>object</kind>
         <file>proj_lab09a.obj</file>
         <name>proj_lab09a.obj</name>
      </input_file>
      <input_file id="fl-18">
         <path>.\</path>
         <kind>object</kind>
         <file>pwm.obj</file>
         <name>pwm.obj</name>
      </input_file>
      <input_file id="fl-19">
         <path>.\</path>
         <kind>object</kind>
         <file>pwr.obj</file>
         <name>pwr.obj</name>
      </input_file>
      <input_file id="fl-1a">
         <path>.\</path>
         <kind>object</kind>
         <file>spi.obj</file>
         <name>spi.obj</name>
      </input_file>
      <input_file id="fl-1b">
         <path>.\</path>
         <kind>object</kind>
         <file>svgen.obj</file>
         <name>svgen.obj</name>
      </input_file>
      <input_file id="fl-1c">
         <path>.\</path>
         <kind>object</kind>
         <file>svgen_current.obj</file>
         <name>svgen_current.obj</name>
      </input_file>
      <input_file id="fl-1d">
         <path>.\</path>
         <kind>object</kind>
         <file>timer.obj</file>
         <name>timer.obj</name>
      </input_file>
      <input_file id="fl-1e">
         <path>.\</path>
         <kind>object</kind>
         <file>traj.obj</file>
         <name>traj.obj</name>
      </input_file>
      <input_file id="fl-1f">
         <path>.\</path>
         <kind>object</kind>
         <file>usDelay.obj</file>
         <name>usDelay.obj</name>
      </input_file>
      <input_file id="fl-20">
         <path>.\</path>
         <kind>object</kind>
         <file>user.obj</file>
         <name>user.obj</name>
      </input_file>
      <input_file id="fl-21">
         <path>.\</path>
         <kind>object</kind>
         <file>wdog.obj</file>
         <name>wdog.obj</name>
      </input_file>
      <input_file id="fl-22">
         <path>.\include\hal\</path>
         <kind>object</kind>
         <file>hal.obj</file>
         <name>hal.obj</name>
      </input_file>
      <input_file id="fl-23">
         <path>.\include\can\</path>
         <kind>object</kind>
         <file>can.obj</file>
         <name>can.obj</name>
      </input_file>
      <input_file id="fl-26">
         <kind>object</kind>
         <file>&lt;internal&gt;</file>
         <name>&lt;internal&gt;</name>
      </input_file>
      <input_file id="fl-27">
         <path>D:\ti\ccsv6\tools\compiler\ti-cgt-c2000_17.3.0.STS\lib\</path>
         <kind>archive</kind>
         <file>rts2800_fpu32.lib</file>
         <name>fd_mpy28.obj</name>
      </input_file>
      <input_file id="fl-28">
         <path>D:\ti\ccsv6\tools\compiler\ti-cgt-c2000_17.3.0.STS\lib\</path>
         <kind>archive</kind>
         <file>rts2800_fpu32.lib</file>
         <name>fd_tol28.obj</name>
      </input_file>
      <input_file id="fl-29">
         <path>D:\ti\ccsv6\tools\compiler\ti-cgt-c2000_17.3.0.STS\lib\</path>
         <kind>archive</kind>
         <file>rts2800_fpu32.lib</file>
         <name>fs_div28.obj</name>
      </input_file>
      <input_file id="fl-2a">
         <path>D:\ti\ccsv6\tools\compiler\ti-cgt-c2000_17.3.0.STS\lib\</path>
         <kind>archive</kind>
         <file>rts2800_fpu32.lib</file>
         <name>fs_tofdfpu32.obj</name>
      </input_file>
      <input_file id="fl-2b">
         <path>C:\ti\motorware\motorware_1_01_00_18\sw\modules\fast\lib\32b\f28x\f2806x\</path>
         <kind>archive</kind>
         <file>2806xRevB_FastSpinROMSymbols_fpu32.lib</file>
         <name>TMS320x2806x_REVB_boot_rom_out__CTRL_getVersion_tmp.obj</name>
      </input_file>
      <input_file id="fl-2c">
         <path>C:\ti\motorware\motorware_1_01_00_18\sw\modules\fast\lib\32b\f28x\f2806x\</path>
         <kind>archive</kind>
         <file>2806xRevB_FastSpinROMSymbols_fpu32.lib</file>
         <name>TMS320x2806x_REVB_boot_rom_out__CTRL_initCtrl_tmp.obj</name>
      </input_file>
      <input_file id="fl-2d">
         <path>C:\ti\motorware\motorware_1_01_00_18\sw\modules\fast\lib\32b\f28x\f2806x\</path>
         <kind>archive</kind>
         <file>2806xRevB_FastSpinROMSymbols_fpu32.lib</file>
         <name>TMS320x2806x_REVB_boot_rom_out__CTRL_runTraj_tmp.obj</name>
      </input_file>
      <input_file id="fl-2e">
         <path>C:\ti\motorware\motorware_1_01_00_18\sw\modules\fast\lib\32b\f28x\f2806x\</path>
         <kind>archive</kind>
         <file>2806xRevB_FastSpinROMSymbols_fpu32.lib</file>
         <name>TMS320x2806x_REVB_boot_rom_out__CTRL_setEstParams_tmp.obj</name>
      </input_file>
      <input_file id="fl-2f">
         <path>C:\ti\motorware\motorware_1_01_00_18\sw\modules\fast\lib\32b\f28x\f2806x\</path>
         <kind>archive</kind>
         <file>2806xRevB_FastSpinROMSymbols_fpu32.lib</file>
         <name>TMS320x2806x_REVB_boot_rom_out__CTRL_setUserMotorParams_tmp.obj</name>
      </input_file>
      <input_file id="fl-30">
         <path>C:\ti\motorware\motorware_1_01_00_18\sw\modules\fast\lib\32b\f28x\f2806x\</path>
         <kind>archive</kind>
         <file>2806xRevB_FastSpinROMSymbols_fpu32.lib</file>
         <name>TMS320x2806x_REVB_boot_rom_out__CTRL_setupCtrl_tmp.obj</name>
      </input_file>
      <input_file id="fl-31">
         <path>C:\ti\motorware\motorware_1_01_00_18\sw\modules\fast\lib\32b\f28x\f2806x\</path>
         <kind>archive</kind>
         <file>2806xRevB_FastSpinROMSymbols_fpu32.lib</file>
         <name>TMS320x2806x_REVB_boot_rom_out__CTRL_setupEstIdleState_tmp.obj</name>
      </input_file>
      <input_file id="fl-32">
         <path>C:\ti\motorware\motorware_1_01_00_18\sw\modules\fast\lib\32b\f28x\f2806x\</path>
         <kind>archive</kind>
         <file>2806xRevB_FastSpinROMSymbols_fpu32.lib</file>
         <name>TMS320x2806x_REVB_boot_rom_out__CTRL_setupEstOnLineState_tmp.obj</name>
      </input_file>
      <input_file id="fl-33">
         <path>C:\ti\motorware\motorware_1_01_00_18\sw\modules\fast\lib\32b\f28x\f2806x\</path>
         <kind>archive</kind>
         <file>2806xRevB_FastSpinROMSymbols_fpu32.lib</file>
         <name>TMS320x2806x_REVB_boot_rom_out__CTRL_setupTraj_tmp.obj</name>
      </input_file>
      <input_file id="fl-34">
         <path>C:\ti\motorware\motorware_1_01_00_18\sw\modules\fast\lib\32b\f28x\f2806x\</path>
         <kind>archive</kind>
         <file>2806xRevB_FastSpinROMSymbols_fpu32.lib</file>
         <name>TMS320x2806x_REVB_boot_rom_out__EST_doCurrentCtrl_tmp.obj</name>
      </input_file>
      <input_file id="fl-35">
         <path>C:\ti\motorware\motorware_1_01_00_18\sw\modules\fast\lib\32b\f28x\f2806x\</path>
         <kind>archive</kind>
         <file>2806xRevB_FastSpinROMSymbols_fpu32.lib</file>
         <name>TMS320x2806x_REVB_boot_rom_out__EST_doSpeedCtrl_tmp.obj</name>
      </input_file>
      <input_file id="fl-36">
         <path>C:\ti\motorware\motorware_1_01_00_18\sw\modules\fast\lib\32b\f28x\f2806x\</path>
         <kind>archive</kind>
         <file>2806xRevB_FastSpinROMSymbols_fpu32.lib</file>
         <name>TMS320x2806x_REVB_boot_rom_out__EST_getAngle_pu_tmp.obj</name>
      </input_file>
      <input_file id="fl-37">
         <path>C:\ti\motorware\motorware_1_01_00_18\sw\modules\fast\lib\32b\f28x\f2806x\</path>
         <kind>archive</kind>
         <file>2806xRevB_FastSpinROMSymbols_fpu32.lib</file>
         <name>TMS320x2806x_REVB_boot_rom_out__EST_getFlux_VpHz_tmp.obj</name>
      </input_file>
      <input_file id="fl-38">
         <path>C:\ti\motorware\motorware_1_01_00_18\sw\modules\fast\lib\32b\f28x\f2806x\</path>
         <kind>archive</kind>
         <file>2806xRevB_FastSpinROMSymbols_fpu32.lib</file>
         <name>TMS320x2806x_REVB_boot_rom_out__EST_getFlux_pu_tmp.obj</name>
      </input_file>
      <input_file id="fl-39">
         <path>C:\ti\motorware\motorware_1_01_00_18\sw\modules\fast\lib\32b\f28x\f2806x\</path>
         <kind>archive</kind>
         <file>2806xRevB_FastSpinROMSymbols_fpu32.lib</file>
         <name>TMS320x2806x_REVB_boot_rom_out__EST_getFm_pu_tmp.obj</name>
      </input_file>
      <input_file id="fl-3a">
         <path>C:\ti\motorware\motorware_1_01_00_18\sw\modules\fast\lib\32b\f28x\f2806x\</path>
         <kind>archive</kind>
         <file>2806xRevB_FastSpinROMSymbols_fpu32.lib</file>
         <name>TMS320x2806x_REVB_boot_rom_out__EST_getIdRated_tmp.obj</name>
      </input_file>
      <input_file id="fl-3b">
         <path>C:\ti\motorware\motorware_1_01_00_18\sw\modules\fast\lib\32b\f28x\f2806x\</path>
         <kind>archive</kind>
         <file>2806xRevB_FastSpinROMSymbols_fpu32.lib</file>
         <name>TMS320x2806x_REVB_boot_rom_out__EST_getLs_coarse_max_pu_tmp.obj</name>
      </input_file>
      <input_file id="fl-3c">
         <path>C:\ti\motorware\motorware_1_01_00_18\sw\modules\fast\lib\32b\f28x\f2806x\</path>
         <kind>archive</kind>
         <file>2806xRevB_FastSpinROMSymbols_fpu32.lib</file>
         <name>TMS320x2806x_REVB_boot_rom_out__EST_getLs_d_H_tmp.obj</name>
      </input_file>
      <input_file id="fl-3d">
         <path>C:\ti\motorware\motorware_1_01_00_18\sw\modules\fast\lib\32b\f28x\f2806x\</path>
         <kind>archive</kind>
         <file>2806xRevB_FastSpinROMSymbols_fpu32.lib</file>
         <name>TMS320x2806x_REVB_boot_rom_out__EST_getLs_d_pu_tmp.obj</name>
      </input_file>
      <input_file id="fl-3e">
         <path>C:\ti\motorware\motorware_1_01_00_18\sw\modules\fast\lib\32b\f28x\f2806x\</path>
         <kind>archive</kind>
         <file>2806xRevB_FastSpinROMSymbols_fpu32.lib</file>
         <name>TMS320x2806x_REVB_boot_rom_out__EST_getLs_q_H_tmp.obj</name>
      </input_file>
      <input_file id="fl-3f">
         <path>C:\ti\motorware\motorware_1_01_00_18\sw\modules\fast\lib\32b\f28x\f2806x\</path>
         <kind>archive</kind>
         <file>2806xRevB_FastSpinROMSymbols_fpu32.lib</file>
         <name>TMS320x2806x_REVB_boot_rom_out__EST_getLs_q_pu_tmp.obj</name>
      </input_file>
      <input_file id="fl-40">
         <path>C:\ti\motorware\motorware_1_01_00_18\sw\modules\fast\lib\32b\f28x\f2806x\</path>
         <kind>archive</kind>
         <file>2806xRevB_FastSpinROMSymbols_fpu32.lib</file>
         <name>TMS320x2806x_REVB_boot_rom_out__EST_getMaxCurrentSlope_pu_tmp.obj</name>
      </input_file>
      <input_file id="fl-41">
         <path>C:\ti\motorware\motorware_1_01_00_18\sw\modules\fast\lib\32b\f28x\f2806x\</path>
         <kind>archive</kind>
         <file>2806xRevB_FastSpinROMSymbols_fpu32.lib</file>
         <name>TMS320x2806x_REVB_boot_rom_out__EST_getOneOverDcBus_pu_tmp.obj</name>
      </input_file>
      <input_file id="fl-42">
         <path>C:\ti\motorware\motorware_1_01_00_18\sw\modules\fast\lib\32b\f28x\f2806x\</path>
         <kind>archive</kind>
         <file>2806xRevB_FastSpinROMSymbols_fpu32.lib</file>
         <name>TMS320x2806x_REVB_boot_rom_out__EST_getRr_Ohm_tmp.obj</name>
      </input_file>
      <input_file id="fl-43">
         <path>C:\ti\motorware\motorware_1_01_00_18\sw\modules\fast\lib\32b\f28x\f2806x\</path>
         <kind>archive</kind>
         <file>2806xRevB_FastSpinROMSymbols_fpu32.lib</file>
         <name>TMS320x2806x_REVB_boot_rom_out__EST_getRs_Ohm_tmp.obj</name>
      </input_file>
      <input_file id="fl-44">
         <path>C:\ti\motorware\motorware_1_01_00_18\sw\modules\fast\lib\32b\f28x\f2806x\</path>
         <kind>archive</kind>
         <file>2806xRevB_FastSpinROMSymbols_fpu32.lib</file>
         <name>TMS320x2806x_REVB_boot_rom_out__EST_getSpeed_krpm_tmp.obj</name>
      </input_file>
      <input_file id="fl-45">
         <path>C:\ti\motorware\motorware_1_01_00_18\sw\modules\fast\lib\32b\f28x\f2806x\</path>
         <kind>archive</kind>
         <file>2806xRevB_FastSpinROMSymbols_fpu32.lib</file>
         <name>TMS320x2806x_REVB_boot_rom_out__EST_getState_tmp.obj</name>
      </input_file>
      <input_file id="fl-46">
         <path>C:\ti\motorware\motorware_1_01_00_18\sw\modules\fast\lib\32b\f28x\f2806x\</path>
         <kind>archive</kind>
         <file>2806xRevB_FastSpinROMSymbols_fpu32.lib</file>
         <name>TMS320x2806x_REVB_boot_rom_out__EST_get_krpm_to_pu_sf_tmp.obj</name>
      </input_file>
      <input_file id="fl-47">
         <path>C:\ti\motorware\motorware_1_01_00_18\sw\modules\fast\lib\32b\f28x\f2806x\</path>
         <kind>archive</kind>
         <file>2806xRevB_FastSpinROMSymbols_fpu32.lib</file>
         <name>TMS320x2806x_REVB_boot_rom_out__EST_get_pu_to_krpm_sf_tmp.obj</name>
      </input_file>
      <input_file id="fl-48">
         <path>C:\ti\motorware\motorware_1_01_00_18\sw\modules\fast\lib\32b\f28x\f2806x\</path>
         <kind>archive</kind>
         <file>2806xRevB_FastSpinROMSymbols_fpu32.lib</file>
         <name>TMS320x2806x_REVB_boot_rom_out__EST_isError_tmp.obj</name>
      </input_file>
      <input_file id="fl-49">
         <path>C:\ti\motorware\motorware_1_01_00_18\sw\modules\fast\lib\32b\f28x\f2806x\</path>
         <kind>archive</kind>
         <file>2806xRevB_FastSpinROMSymbols_fpu32.lib</file>
         <name>TMS320x2806x_REVB_boot_rom_out__EST_isIdle_tmp.obj</name>
      </input_file>
      <input_file id="fl-4a">
         <path>C:\ti\motorware\motorware_1_01_00_18\sw\modules\fast\lib\32b\f28x\f2806x\</path>
         <kind>archive</kind>
         <file>2806xRevB_FastSpinROMSymbols_fpu32.lib</file>
         <name>TMS320x2806x_REVB_boot_rom_out__EST_isLockRotor_tmp.obj</name>
      </input_file>
      <input_file id="fl-4b">
         <path>C:\ti\motorware\motorware_1_01_00_18\sw\modules\fast\lib\32b\f28x\f2806x\</path>
         <kind>archive</kind>
         <file>2806xRevB_FastSpinROMSymbols_fpu32.lib</file>
         <name>TMS320x2806x_REVB_boot_rom_out__EST_isMotorIdentified_tmp.obj</name>
      </input_file>
      <input_file id="fl-4c">
         <path>C:\ti\motorware\motorware_1_01_00_18\sw\modules\fast\lib\32b\f28x\f2806x\</path>
         <kind>archive</kind>
         <file>2806xRevB_FastSpinROMSymbols_fpu32.lib</file>
         <name>TMS320x2806x_REVB_boot_rom_out__EST_isOnLine_tmp.obj</name>
      </input_file>
      <input_file id="fl-4d">
         <path>C:\ti\motorware\motorware_1_01_00_18\sw\modules\fast\lib\32b\f28x\f2806x\</path>
         <kind>archive</kind>
         <file>2806xRevB_FastSpinROMSymbols_fpu32.lib</file>
         <name>TMS320x2806x_REVB_boot_rom_out__EST_run_tmp.obj</name>
      </input_file>
      <input_file id="fl-4e">
         <path>C:\ti\motorware\motorware_1_01_00_18\sw\modules\fast\lib\32b\f28x\f2806x\</path>
         <kind>archive</kind>
         <file>2806xRevB_FastSpinROMSymbols_fpu32.lib</file>
         <name>TMS320x2806x_REVB_boot_rom_out__EST_setFlag_enableForceAngle_tmp.obj</name>
      </input_file>
      <input_file id="fl-4f">
         <path>C:\ti\motorware\motorware_1_01_00_18\sw\modules\fast\lib\32b\f28x\f2806x\</path>
         <kind>archive</kind>
         <file>2806xRevB_FastSpinROMSymbols_fpu32.lib</file>
         <name>TMS320x2806x_REVB_boot_rom_out__EST_setFlag_enableRsRecalc_tmp.obj</name>
      </input_file>
      <input_file id="fl-50">
         <path>C:\ti\motorware\motorware_1_01_00_18\sw\modules\fast\lib\32b\f28x\f2806x\</path>
         <kind>archive</kind>
         <file>2806xRevB_FastSpinROMSymbols_fpu32.lib</file>
         <name>TMS320x2806x_REVB_boot_rom_out__EST_setId_ref_pu_tmp.obj</name>
      </input_file>
      <input_file id="fl-51">
         <path>C:\ti\motorware\motorware_1_01_00_18\sw\modules\fast\lib\32b\f28x\f2806x\</path>
         <kind>archive</kind>
         <file>2806xRevB_FastSpinROMSymbols_fpu32.lib</file>
         <name>TMS320x2806x_REVB_boot_rom_out__EST_setIdle_tmp.obj</name>
      </input_file>
      <input_file id="fl-52">
         <path>C:\ti\motorware\motorware_1_01_00_18\sw\modules\fast\lib\32b\f28x\f2806x\</path>
         <kind>archive</kind>
         <file>2806xRevB_FastSpinROMSymbols_fpu32.lib</file>
         <name>TMS320x2806x_REVB_boot_rom_out__EST_setIdle_all_tmp.obj</name>
      </input_file>
      <input_file id="fl-53">
         <path>C:\ti\motorware\motorware_1_01_00_18\sw\modules\fast\lib\32b\f28x\f2806x\</path>
         <kind>archive</kind>
         <file>2806xRevB_FastSpinROMSymbols_fpu32.lib</file>
         <name>TMS320x2806x_REVB_boot_rom_out__EST_setIq_ref_pu_tmp.obj</name>
      </input_file>
      <input_file id="fl-54">
         <path>C:\ti\motorware\motorware_1_01_00_18\sw\modules\fast\lib\32b\f28x\f2806x\</path>
         <kind>archive</kind>
         <file>2806xRevB_FastSpinROMSymbols_fpu32.lib</file>
         <name>TMS320x2806x_REVB_boot_rom_out__EST_setLs_d_pu_tmp.obj</name>
      </input_file>
      <input_file id="fl-55">
         <path>C:\ti\motorware\motorware_1_01_00_18\sw\modules\fast\lib\32b\f28x\f2806x\</path>
         <kind>archive</kind>
         <file>2806xRevB_FastSpinROMSymbols_fpu32.lib</file>
         <name>TMS320x2806x_REVB_boot_rom_out__EST_setLs_qFmt_tmp.obj</name>
      </input_file>
      <input_file id="fl-56">
         <path>C:\ti\motorware\motorware_1_01_00_18\sw\modules\fast\lib\32b\f28x\f2806x\</path>
         <kind>archive</kind>
         <file>2806xRevB_FastSpinROMSymbols_fpu32.lib</file>
         <name>TMS320x2806x_REVB_boot_rom_out__EST_setLs_q_pu_tmp.obj</name>
      </input_file>
      <input_file id="fl-57">
         <path>C:\ti\motorware\motorware_1_01_00_18\sw\modules\fast\lib\32b\f28x\f2806x\</path>
         <kind>archive</kind>
         <file>2806xRevB_FastSpinROMSymbols_fpu32.lib</file>
         <name>TMS320x2806x_REVB_boot_rom_out__EST_setMaxCurrentSlope_pu_tmp.obj</name>
      </input_file>
      <input_file id="fl-58">
         <path>C:\ti\motorware\motorware_1_01_00_18\sw\modules\fast\lib\32b\f28x\f2806x\</path>
         <kind>archive</kind>
         <file>2806xRevB_FastSpinROMSymbols_fpu32.lib</file>
         <name>TMS320x2806x_REVB_boot_rom_out__EST_setRs_pu_tmp.obj</name>
      </input_file>
      <input_file id="fl-59">
         <path>C:\ti\motorware\motorware_1_01_00_18\sw\modules\fast\lib\32b\f28x\f2806x\</path>
         <kind>archive</kind>
         <file>2806xRevB_FastSpinROMSymbols_fpu32.lib</file>
         <name>TMS320x2806x_REVB_boot_rom_out__EST_updateId_ref_pu_tmp.obj</name>
      </input_file>
      <input_file id="fl-5a">
         <path>C:\ti\motorware\motorware_1_01_00_18\sw\modules\fast\lib\32b\f28x\f2806x\</path>
         <kind>archive</kind>
         <file>2806xRevB_FastSpinROMSymbols_fpu32.lib</file>
         <name>TMS320x2806x_REVB_boot_rom_out__EST_updateState_tmp.obj</name>
      </input_file>
      <input_file id="fl-5b">
         <path>C:\ti\motorware\motorware_1_01_00_18\sw\modules\fast\lib\32b\f28x\f2806x\</path>
         <kind>archive</kind>
         <file>2806xRevB_FastSpinROMSymbols_fpu32.lib</file>
         <name>TMS320x2806x_REVB_boot_rom_out__EST_useZeroIq_ref_tmp.obj</name>
      </input_file>
      <input_file id="fl-5c">
         <path>C:\ti\motorware\motorware_1_01_00_18\sw\modules\iqmath\lib\f28x\float\</path>
         <kind>archive</kind>
         <file>IQmath_fpu32.lib</file>
         <name>IQ24cosPU.obj</name>
      </input_file>
      <input_file id="fl-5d">
         <path>C:\ti\motorware\motorware_1_01_00_18\sw\modules\iqmath\lib\f28x\float\</path>
         <kind>archive</kind>
         <file>IQmath_fpu32.lib</file>
         <name>IQmathTables.obj</name>
      </input_file>
      <input_file id="fl-5e">
         <path>C:\ti\motorware\motorware_1_01_00_18\sw\modules\iqmath\lib\f28x\float\</path>
         <kind>archive</kind>
         <file>IQmath_fpu32.lib</file>
         <name>IQ24sinPU.obj</name>
      </input_file>
      <input_file id="fl-5f">
         <path>C:\ti\motorware\motorware_1_01_00_18\sw\modules\iqmath\lib\f28x\float\</path>
         <kind>archive</kind>
         <file>IQmath_fpu32.lib</file>
         <name>IQ24sqrt.obj</name>
      </input_file>
      <input_file id="fl-60">
         <path>C:\ti\motorware\motorware_1_01_00_18\sw\modules\iqmath\lib\f28x\float\</path>
         <kind>archive</kind>
         <file>IQmath_fpu32.lib</file>
         <name>IQ30toF.obj</name>
      </input_file>
      <input_file id="fl-61">
         <path>D:\ti\ccsv6\tools\compiler\ti-cgt-c2000_17.3.0.STS\lib\</path>
         <kind>archive</kind>
         <file>rts2800_fpu32.lib</file>
         <name>boot28.obj</name>
      </input_file>
      <input_file id="fl-62">
         <path>D:\ti\ccsv6\tools\compiler\ti-cgt-c2000_17.3.0.STS\lib\</path>
         <kind>archive</kind>
         <file>rts2800_fpu32.lib</file>
         <name>args_main.obj</name>
      </input_file>
      <input_file id="fl-63">
         <path>D:\ti\ccsv6\tools\compiler\ti-cgt-c2000_17.3.0.STS\lib\</path>
         <kind>archive</kind>
         <file>rts2800_fpu32.lib</file>
         <name>startup.obj</name>
      </input_file>
      <input_file id="fl-64">
         <path>D:\ti\ccsv6\tools\compiler\ti-cgt-c2000_17.3.0.STS\lib\</path>
         <kind>archive</kind>
         <file>rts2800_fpu32.lib</file>
         <name>pre_init.obj</name>
      </input_file>
      <input_file id="fl-65">
         <path>D:\ti\ccsv6\tools\compiler\ti-cgt-c2000_17.3.0.STS\lib\</path>
         <kind>archive</kind>
         <file>rts2800_fpu32.lib</file>
         <name>memory.obj</name>
      </input_file>
      <input_file id="fl-66">
         <path>D:\ti\ccsv6\tools\compiler\ti-cgt-c2000_17.3.0.STS\lib\</path>
         <kind>archive</kind>
         <file>rts2800_fpu32.lib</file>
         <name>_lock.obj</name>
      </input_file>
      <input_file id="fl-67">
         <path>D:\ti\ccsv6\tools\compiler\ti-cgt-c2000_17.3.0.STS\lib\</path>
         <kind>archive</kind>
         <file>rts2800_fpu32.lib</file>
         <name>s_ceilf.obj</name>
      </input_file>
      <input_file id="fl-68">
         <path>D:\ti\ccsv6\tools\compiler\ti-cgt-c2000_17.3.0.STS\lib\</path>
         <kind>archive</kind>
         <file>rts2800_fpu32.lib</file>
         <name>cpy_tbl.obj</name>
      </input_file>
      <input_file id="fl-69">
         <path>D:\ti\ccsv6\tools\compiler\ti-cgt-c2000_17.3.0.STS\lib\</path>
         <kind>archive</kind>
         <file>rts2800_fpu32.lib</file>
         <name>exit.obj</name>
      </input_file>
      <input_file id="fl-6a">
         <path>D:\ti\ccsv6\tools\compiler\ti-cgt-c2000_17.3.0.STS\lib\</path>
         <kind>archive</kind>
         <file>rts2800_fpu32.lib</file>
         <name>e_logf.obj</name>
      </input_file>
      <input_file id="fl-6b">
         <path>D:\ti\ccsv6\tools\compiler\ti-cgt-c2000_17.3.0.STS\lib\</path>
         <kind>archive</kind>
         <file>rts2800_fpu32.lib</file>
         <name>errno.obj</name>
      </input_file>
      <input_file id="fl-6c">
         <path>D:\ti\ccsv6\tools\compiler\ti-cgt-c2000_17.3.0.STS\lib\</path>
         <kind>archive</kind>
         <file>rts2800_fpu32.lib</file>
         <name>memcpy.obj</name>
      </input_file>
      <input_file id="fl-6d">
         <path>D:\ti\ccsv6\tools\compiler\ti-cgt-c2000_17.3.0.STS\lib\</path>
         <kind>archive</kind>
         <file>rts2800_fpu32.lib</file>
         <name>e_powf.obj</name>
      </input_file>
      <input_file id="fl-6e">
         <path>D:\ti\ccsv6\tools\compiler\ti-cgt-c2000_17.3.0.STS\lib\</path>
         <kind>archive</kind>
         <file>rts2800_fpu32.lib</file>
         <name>s_scalbnf.obj</name>
      </input_file>
      <input_file id="fl-6f">
         <path>D:\ti\ccsv6\tools\compiler\ti-cgt-c2000_17.3.0.STS\lib\</path>
         <kind>archive</kind>
         <file>rts2800_fpu32.lib</file>
         <name>s_copysignf.obj</name>
      </input_file>
      <input_file id="fl-70">
         <path>D:\ti\ccsv6\tools\compiler\ti-cgt-c2000_17.3.0.STS\lib\</path>
         <kind>archive</kind>
         <file>rts2800_fpu32.lib</file>
         <name>e_sqrtf.obj</name>
      </input_file>
   </input_file_list>
   <object_component_list>
      <object_component id="oc-47">
         <name>codestart</name>
         <load_address>0x0</load_address>
         <run_address>0x0</run_address>
         <size>0x2</size>
         <input_file_ref idref="fl-5"/>
      </object_component>
      <object_component id="oc-18c">
         <name>ramfuncs</name>
         <load_address>0x142</load_address>
         <run_address>0x142</run_address>
         <size>0x32</size>
         <input_file_ref idref="fl-d"/>
      </object_component>
      <object_component id="oc-d1">
         <name>ramfuncs</name>
         <load_address>0x174</load_address>
         <run_address>0x174</run_address>
         <size>0x4</size>
         <input_file_ref idref="fl-1f"/>
      </object_component>
      <object_component id="oc-17e">
         <name>.text</name>
         <load_address>0x8000</load_address>
         <run_address>0x8000</run_address>
         <size>0xb47</size>
         <input_file_ref idref="fl-22"/>
      </object_component>
      <object_component id="oc-172">
         <name>.text</name>
         <load_address>0x8b47</load_address>
         <run_address>0x8b47</run_address>
         <size>0x9ff</size>
         <input_file_ref idref="fl-a"/>
      </object_component>
      <object_component id="oc-186">
         <name>.text</name>
         <load_address>0x9546</load_address>
         <run_address>0x9546</run_address>
         <size>0x77f</size>
         <input_file_ref idref="fl-b"/>
      </object_component>
      <object_component id="oc-174">
         <name>.text</name>
         <load_address>0x9cc5</load_address>
         <run_address>0x9cc5</run_address>
         <size>0x735</size>
         <input_file_ref idref="fl-17"/>
      </object_component>
      <object_component id="oc-17d">
         <name>.text</name>
         <load_address>0xa3fa</load_address>
         <run_address>0xa3fa</run_address>
         <size>0x569</size>
         <input_file_ref idref="fl-20"/>
      </object_component>
      <object_component id="oc-16d">
         <name>.text</name>
         <load_address>0xa963</load_address>
         <run_address>0xa963</run_address>
         <size>0x1</size>
         <input_file_ref idref="fl-63"/>
      </object_component>
      <object_component id="oc-180">
         <name>.text</name>
         <load_address>0xa964</load_address>
         <run_address>0xa964</run_address>
         <size>0x3f8</size>
         <input_file_ref idref="fl-23"/>
      </object_component>
      <object_component id="oc-185">
         <name>.text</name>
         <load_address>0xad5c</load_address>
         <run_address>0xad5c</run_address>
         <size>0x380</size>
         <input_file_ref idref="fl-6d"/>
      </object_component>
      <object_component id="oc-189">
         <name>.text</name>
         <load_address>0xb0dc</load_address>
         <run_address>0xb0dc</run_address>
         <size>0x2f7</size>
         <input_file_ref idref="fl-18"/>
      </object_component>
      <object_component id="oc-18d">
         <name>.text</name>
         <load_address>0xb3d3</load_address>
         <run_address>0xb3d3</run_address>
         <size>0x1f9</size>
         <input_file_ref idref="fl-6"/>
      </object_component>
      <object_component id="oc-194">
         <name>.text</name>
         <load_address>0xb5cc</load_address>
         <run_address>0xb5cc</run_address>
         <size>0x1d2</size>
         <input_file_ref idref="fl-65"/>
      </object_component>
      <object_component id="oc-188">
         <name>.text</name>
         <load_address>0xb79e</load_address>
         <run_address>0xb79e</run_address>
         <size>0x18a</size>
         <input_file_ref idref="fl-8"/>
      </object_component>
      <object_component id="oc-171">
         <name>.text</name>
         <load_address>0xb928</load_address>
         <run_address>0xb928</run_address>
         <size>0x171</size>
         <input_file_ref idref="fl-f"/>
      </object_component>
      <object_component id="oc-a9">
         <name>.text:retain</name>
         <load_address>0xba9a</load_address>
         <run_address>0xba9a</run_address>
         <size>0x15e</size>
         <input_file_ref idref="fl-17"/>
      </object_component>
      <object_component id="oc-183">
         <name>.text</name>
         <load_address>0xbbf8</load_address>
         <run_address>0xbbf8</run_address>
         <size>0x12b</size>
         <input_file_ref idref="fl-6a"/>
      </object_component>
      <object_component id="oc-18b">
         <name>.text</name>
         <load_address>0xbd23</load_address>
         <run_address>0xbd23</run_address>
         <size>0xfe</size>
         <input_file_ref idref="fl-15"/>
      </object_component>
      <object_component id="oc-187">
         <name>.text</name>
         <load_address>0xbe21</load_address>
         <run_address>0xbe21</run_address>
         <size>0xa9</size>
         <input_file_ref idref="fl-1a"/>
      </object_component>
      <object_component id="oc-f7">
         <name>.text</name>
         <load_address>0xbeca</load_address>
         <run_address>0xbeca</run_address>
         <size>0x88</size>
         <input_file_ref idref="fl-29"/>
      </object_component>
      <object_component id="oc-ed">
         <name>.text</name>
         <load_address>0xbf52</load_address>
         <run_address>0xbf52</run_address>
         <size>0x83</size>
         <input_file_ref idref="fl-27"/>
      </object_component>
      <object_component id="oc-19a">
         <name>.text</name>
         <load_address>0xbfd5</load_address>
         <run_address>0xbfd5</run_address>
         <size>0x62</size>
         <input_file_ref idref="fl-6e"/>
      </object_component>
      <object_component id="oc-18a">
         <name>.text</name>
         <load_address>0xc037</load_address>
         <run_address>0xc037</run_address>
         <size>0x5b</size>
         <input_file_ref idref="fl-16"/>
      </object_component>
      <object_component id="oc-14">
         <name>.text</name>
         <load_address>0xc092</load_address>
         <run_address>0xc092</run_address>
         <size>0x56</size>
         <input_file_ref idref="fl-61"/>
      </object_component>
      <object_component id="oc-184">
         <name>.text</name>
         <load_address>0xc0e8</load_address>
         <run_address>0xc0e8</run_address>
         <size>0x56</size>
         <input_file_ref idref="fl-67"/>
      </object_component>
      <object_component id="oc-18f">
         <name>.text</name>
         <load_address>0xc13e</load_address>
         <run_address>0xc13e</run_address>
         <size>0x47</size>
         <input_file_ref idref="fl-11"/>
      </object_component>
      <object_component id="oc-191">
         <name>.text</name>
         <load_address>0xc185</load_address>
         <run_address>0xc185</run_address>
         <size>0x46</size>
         <input_file_ref idref="fl-21"/>
      </object_component>
      <object_component id="oc-193">
         <name>.text</name>
         <load_address>0xc1cb</load_address>
         <run_address>0xc1cb</run_address>
         <size>0x44</size>
         <input_file_ref idref="fl-19"/>
      </object_component>
      <object_component id="oc-170">
         <name>.text</name>
         <load_address>0xc20f</load_address>
         <run_address>0xc20f</run_address>
         <size>0x32</size>
         <input_file_ref idref="fl-1d"/>
      </object_component>
      <object_component id="oc-18e">
         <name>.text</name>
         <load_address>0xc241</load_address>
         <run_address>0xc241</run_address>
         <size>0x2d</size>
         <input_file_ref idref="fl-12"/>
      </object_component>
      <object_component id="oc-16f">
         <name>.text</name>
         <load_address>0xc26e</load_address>
         <run_address>0xc26e</run_address>
         <size>0x29</size>
         <input_file_ref idref="fl-69"/>
      </object_component>
      <object_component id="oc-190">
         <name>.text</name>
         <load_address>0xc297</load_address>
         <run_address>0xc297</run_address>
         <size>0x25</size>
         <input_file_ref idref="fl-9"/>
      </object_component>
      <object_component id="oc-19b">
         <name>.text</name>
         <load_address>0xc2bc</load_address>
         <run_address>0xc2bc</run_address>
         <size>0x25</size>
         <input_file_ref idref="fl-c"/>
      </object_component>
      <object_component id="oc-196">
         <name>.text</name>
         <load_address>0xc2e2</load_address>
         <run_address>0xc2e2</run_address>
         <size>0x25</size>
         <input_file_ref idref="fl-70"/>
      </object_component>
      <object_component id="oc-16c">
         <name>.text</name>
         <load_address>0xc307</load_address>
         <run_address>0xc307</run_address>
         <size>0x24</size>
         <input_file_ref idref="fl-68"/>
      </object_component>
      <object_component id="oc-192">
         <name>.text</name>
         <load_address>0xc32b</load_address>
         <run_address>0xc32b</run_address>
         <size>0x20</size>
         <input_file_ref idref="fl-d"/>
      </object_component>
      <object_component id="oc-f2">
         <name>.text</name>
         <load_address>0xc34b</load_address>
         <run_address>0xc34b</run_address>
         <size>0x1f</size>
         <input_file_ref idref="fl-28"/>
      </object_component>
      <object_component id="oc-173">
         <name>.text</name>
         <load_address>0xc36a</load_address>
         <run_address>0xc36a</run_address>
         <size>0x1e</size>
         <input_file_ref idref="fl-6c"/>
      </object_component>
      <object_component id="oc-fc">
         <name>.text</name>
         <load_address>0xc388</load_address>
         <run_address>0xc388</run_address>
         <size>0x1c</size>
         <input_file_ref idref="fl-2a"/>
      </object_component>
      <object_component id="oc-16e">
         <name>.text</name>
         <load_address>0xc3a4</load_address>
         <run_address>0xc3a4</run_address>
         <size>0x19</size>
         <input_file_ref idref="fl-62"/>
      </object_component>
      <object_component id="oc-19c">
         <name>.text</name>
         <load_address>0xc3bd</load_address>
         <run_address>0xc3bd</run_address>
         <size>0x11</size>
         <input_file_ref idref="fl-6f"/>
      </object_component>
      <object_component id="oc-9c">
         <name>.text:retain</name>
         <load_address>0xc3ce</load_address>
         <run_address>0xc3ce</run_address>
         <size>0xa</size>
         <input_file_ref idref="fl-15"/>
      </object_component>
      <object_component id="oc-181">
         <name>.text</name>
         <load_address>0xc3d8</load_address>
         <run_address>0xc3d8</run_address>
         <size>0x9</size>
         <input_file_ref idref="fl-66"/>
      </object_component>
      <object_component id="oc-46">
         <name>.text</name>
         <load_address>0xc3e1</load_address>
         <run_address>0xc3e1</run_address>
         <size>0x8</size>
         <input_file_ref idref="fl-5"/>
      </object_component>
      <object_component id="oc-17f">
         <name>.text</name>
         <load_address>0xc3e9</load_address>
         <run_address>0xc3e9</run_address>
         <size>0x6</size>
         <input_file_ref idref="fl-e"/>
      </object_component>
      <object_component id="oc-16b">
         <name>.text</name>
         <load_address>0xc3ef</load_address>
         <run_address>0xc3ef</run_address>
         <size>0x2</size>
         <input_file_ref idref="fl-64"/>
      </object_component>
      <object_component id="oc-a7">
         <name>.cinit</name>
         <load_address>0x50</load_address>
         <run_address>0x50</run_address>
         <size>0xcc</size>
         <input_file_ref idref="fl-17"/>
      </object_component>
      <object_component id="oc-140">
         <name>.cinit</name>
         <load_address>0x11c</load_address>
         <run_address>0x11c</run_address>
         <size>0xe</size>
         <input_file_ref idref="fl-69"/>
      </object_component>
      <object_component id="oc-176">
         <name>.cinit:__lock</name>
         <load_address>0x12a</load_address>
         <run_address>0x12a</run_address>
         <size>0x5</size>
         <input_file_ref idref="fl-66"/>
      </object_component>
      <object_component id="oc-182">
         <name>.cinit:__unlock</name>
         <load_address>0x12f</load_address>
         <run_address>0x12f</run_address>
         <size>0x5</size>
         <input_file_ref idref="fl-66"/>
      </object_component>
      <object_component id="oc-68">
         <name>.cinit</name>
         <load_address>0x134</load_address>
         <run_address>0x134</run_address>
         <size>0x4</size>
         <input_file_ref idref="fl-b"/>
      </object_component>
      <object_component id="oc-14d">
         <name>.cinit</name>
         <load_address>0x138</load_address>
         <run_address>0x138</run_address>
         <size>0x4</size>
         <input_file_ref idref="fl-6b"/>
      </object_component>
      <object_component id="oc-128">
         <name>.cinit</name>
         <load_address>0x13c</load_address>
         <run_address>0x13c</run_address>
         <size>0x4</size>
         <input_file_ref idref="fl-65"/>
      </object_component>
      <object_component id="oc-113">
         <name>.reset</name>
         <load_address>0x3fffc0</load_address>
         <run_address>0x3fffc0</run_address>
         <size>0x2</size>
         <input_file_ref idref="fl-61"/>
      </object_component>
      <object_component id="oc-112">
         <name>.stack</name>
         <uninitialized>true</uninitialized>
         <run_address>0x400</run_address>
         <size>0x0</size>
         <input_file_ref idref="fl-61"/>
      </object_component>
      <object_component id="oc-1ba">
         <name>.stack</name>
         <uninitialized>true</uninitialized>
         <run_address>0x400</run_address>
         <size>0x0</size>
      </object_component>
      <object_component id="oc-5c">
         <name>.ebss</name>
         <uninitialized>true</uninitialized>
         <run_address>0xcab2</run_address>
         <size>0x1</size>
         <input_file_ref idref="fl-9"/>
      </object_component>
      <object_component id="oc-69">
         <name>.ebss</name>
         <uninitialized>true</uninitialized>
         <run_address>0xcab0</run_address>
         <size>0x2</size>
         <input_file_ref idref="fl-b"/>
      </object_component>
      <object_component id="oc-a8">
         <name>.ebss</name>
         <uninitialized>true</uninitialized>
         <run_address>0xc800</run_address>
         <size>0x2ac</size>
         <input_file_ref idref="fl-17"/>
      </object_component>
      <object_component id="oc-e2">
         <name>.ebss</name>
         <uninitialized>true</uninitialized>
         <run_address>0xcac0</run_address>
         <size>0xaa</size>
         <input_file_ref idref="fl-22"/>
      </object_component>
      <object_component id="oc-12a">
         <name>.ebss</name>
         <uninitialized>true</uninitialized>
         <run_address>0xc7f2</run_address>
         <size>0x8</size>
         <input_file_ref idref="fl-65"/>
      </object_component>
      <object_component id="oc-195">
         <name>.ebss:__unlock</name>
         <uninitialized>true</uninitialized>
         <run_address>0xcaae</run_address>
         <size>0x2</size>
         <input_file_ref idref="fl-66"/>
      </object_component>
      <object_component id="oc-175">
         <name>.ebss:__lock</name>
         <uninitialized>true</uninitialized>
         <run_address>0xcaac</run_address>
         <size>0x2</size>
         <input_file_ref idref="fl-66"/>
      </object_component>
      <object_component id="oc-141">
         <name>.ebss</name>
         <uninitialized>true</uninitialized>
         <run_address>0xc7fa</run_address>
         <size>0x6</size>
         <input_file_ref idref="fl-69"/>
      </object_component>
      <object_component id="oc-14e">
         <name>.ebss</name>
         <uninitialized>true</uninitialized>
         <run_address>0xcab3</run_address>
         <size>0x1</size>
         <input_file_ref idref="fl-6b"/>
      </object_component>
      <object_component id="oc-156">
         <name>.econst</name>
         <load_address>0xcc12</load_address>
         <run_address>0xcc12</run_address>
         <size>0x32</size>
         <input_file_ref idref="fl-6d"/>
      </object_component>
      <object_component id="oc-147">
         <name>.econst</name>
         <load_address>0xcc44</load_address>
         <run_address>0xcc44</run_address>
         <size>0x10</size>
         <input_file_ref idref="fl-6a"/>
      </object_component>
      <object_component id="oc-d7">
         <name>.econst</name>
         <load_address>0xcc54</load_address>
         <run_address>0xcc54</run_address>
         <size>0x8</size>
         <input_file_ref idref="fl-20"/>
      </object_component>
      <object_component id="oc-15c">
         <name>.econst</name>
         <load_address>0xcc5c</load_address>
         <run_address>0xcc5c</run_address>
         <size>0x6</size>
         <input_file_ref idref="fl-6e"/>
      </object_component>
      <object_component id="oc-177">
         <name>.econst:_$P$T0$1</name>
         <load_address>0xcc62</load_address>
         <run_address>0xcc62</run_address>
         <size>0x4</size>
         <input_file_ref idref="fl-a"/>
      </object_component>
      <object_component id="oc-178">
         <name>.econst:_$P$T1$2</name>
         <load_address>0xcc66</load_address>
         <run_address>0xcc66</run_address>
         <size>0x4</size>
         <input_file_ref idref="fl-a"/>
      </object_component>
      <object_component id="oc-17a">
         <name>.econst:_$P$T2$3</name>
         <load_address>0xcc6a</load_address>
         <run_address>0xcc6a</run_address>
         <size>0x4</size>
         <input_file_ref idref="fl-a"/>
      </object_component>
      <object_component id="oc-179">
         <name>.econst:_$P$T3$4</name>
         <load_address>0xcc6e</load_address>
         <run_address>0xcc6e</run_address>
         <size>0x4</size>
         <input_file_ref idref="fl-a"/>
      </object_component>
      <object_component id="oc-17b">
         <name>.econst:_$P$T4$5</name>
         <load_address>0xcc72</load_address>
         <run_address>0xcc72</run_address>
         <size>0x4</size>
         <input_file_ref idref="fl-a"/>
      </object_component>
      <object_component id="oc-17c">
         <name>.econst:_$P$T5$6</name>
         <load_address>0xcc76</load_address>
         <run_address>0xcc76</run_address>
         <size>0x4</size>
         <input_file_ref idref="fl-a"/>
      </object_component>
      <object_component id="oc-197">
         <name>.econst:_bp</name>
         <load_address>0xcc7a</load_address>
         <run_address>0xcc7a</run_address>
         <size>0x4</size>
         <input_file_ref idref="fl-6d"/>
      </object_component>
      <object_component id="oc-198">
         <name>.econst:_dp_h</name>
         <load_address>0xcc7e</load_address>
         <run_address>0xcc7e</run_address>
         <size>0x4</size>
         <input_file_ref idref="fl-6d"/>
      </object_component>
      <object_component id="oc-199">
         <name>.econst:_dp_l</name>
         <load_address>0xcc82</load_address>
         <run_address>0xcc82</run_address>
         <size>0x4</size>
         <input_file_ref idref="fl-6d"/>
      </object_component>
      <object_component id="oc-62">
         <name>.econst</name>
         <load_address>0xcc86</load_address>
         <run_address>0xcc86</run_address>
         <size>0x4</size>
         <input_file_ref idref="fl-a"/>
      </object_component>
      <object_component id="oc-e3">
         <name>.econst</name>
         <load_address>0xcc8a</load_address>
         <run_address>0xcc8a</run_address>
         <size>0x4</size>
         <input_file_ref idref="fl-22"/>
      </object_component>
      <object_component id="oc-135">
         <name>.econst</name>
         <load_address>0xcc8e</load_address>
         <run_address>0xcc8e</run_address>
         <size>0x2</size>
         <input_file_ref idref="fl-67"/>
      </object_component>
      <object_component id="oc-129">
         <name>.esysmem</name>
         <uninitialized>true</uninitialized>
         <run_address>0xc3f2</run_address>
         <size>0x1</size>
         <input_file_ref idref="fl-65"/>
      </object_component>
      <object_component id="oc-1bb">
         <name>.esysmem</name>
         <uninitialized>true</uninitialized>
         <run_address>0xc3f2</run_address>
         <size>0x0</size>
      </object_component>
      <object_component id="oc-10a">
         <name>IQmath</name>
         <load_address>0xcb6a</load_address>
         <run_address>0xcb6a</run_address>
         <size>0x42</size>
         <input_file_ref idref="fl-5f"/>
      </object_component>
      <object_component id="oc-106">
         <name>IQmath</name>
         <load_address>0xcbac</load_address>
         <run_address>0xcbac</run_address>
         <size>0x29</size>
         <input_file_ref idref="fl-5e"/>
      </object_component>
      <object_component id="oc-101">
         <name>IQmath</name>
         <load_address>0xcbd5</load_address>
         <run_address>0xcbd5</run_address>
         <size>0x27</size>
         <input_file_ref idref="fl-5c"/>
      </object_component>
      <object_component id="oc-10e">
         <name>IQmath</name>
         <load_address>0xcbfc</load_address>
         <run_address>0xcbfc</run_address>
         <size>0x16</size>
         <input_file_ref idref="fl-60"/>
      </object_component>
      <object_component id="oc-105">
         <name>IQmathTables</name>
         <load_address>0x3fdc30</load_address>
         <run_address>0x3fdc30</run_address>
         <size>0xb50</size>
         <input_file_ref idref="fl-5d"/>
      </object_component>
      <object_component id="oc-48">
         <name>.debug_info</name>
         <load_address>0x0</load_address>
         <run_address>0x0</run_address>
         <size>0x1fa</size>
         <input_file_ref idref="fl-5"/>
      </object_component>
      <object_component id="oc-4c">
         <name>.debug_info</name>
         <load_address>0x1fa</load_address>
         <run_address>0x1fa</run_address>
         <size>0x440f</size>
         <input_file_ref idref="fl-6"/>
      </object_component>
      <object_component id="oc-51">
         <name>.debug_info</name>
         <load_address>0x4609</load_address>
         <run_address>0x4609</run_address>
         <size>0x47f</size>
         <input_file_ref idref="fl-7"/>
      </object_component>
      <object_component id="oc-56">
         <name>.debug_info</name>
         <load_address>0x4a88</load_address>
         <run_address>0x4a88</run_address>
         <size>0x4abe</size>
         <input_file_ref idref="fl-8"/>
      </object_component>
      <object_component id="oc-5b">
         <name>.debug_info</name>
         <load_address>0x9546</load_address>
         <run_address>0x9546</run_address>
         <size>0x10d5</size>
         <input_file_ref idref="fl-9"/>
      </object_component>
      <object_component id="oc-61">
         <name>.debug_info</name>
         <load_address>0xa61b</load_address>
         <run_address>0xa61b</run_address>
         <size>0xe6a3</size>
         <input_file_ref idref="fl-a"/>
      </object_component>
      <object_component id="oc-67">
         <name>.debug_info</name>
         <load_address>0x18cbe</load_address>
         <run_address>0x18cbe</run_address>
         <size>0x8413</size>
         <input_file_ref idref="fl-b"/>
      </object_component>
      <object_component id="oc-6e">
         <name>.debug_info</name>
         <load_address>0x210d1</load_address>
         <run_address>0x210d1</run_address>
         <size>0xd56</size>
         <input_file_ref idref="fl-c"/>
      </object_component>
      <object_component id="oc-73">
         <name>.debug_info</name>
         <load_address>0x21e27</load_address>
         <run_address>0x21e27</run_address>
         <size>0x20c4</size>
         <input_file_ref idref="fl-d"/>
      </object_component>
      <object_component id="oc-78">
         <name>.debug_info</name>
         <load_address>0x23eeb</load_address>
         <run_address>0x23eeb</run_address>
         <size>0x64b</size>
         <input_file_ref idref="fl-e"/>
      </object_component>
      <object_component id="oc-7d">
         <name>.debug_info</name>
         <load_address>0x24536</load_address>
         <run_address>0x24536</run_address>
         <size>0x3758</size>
         <input_file_ref idref="fl-f"/>
      </object_component>
      <object_component id="oc-82">
         <name>.debug_info</name>
         <load_address>0x27c8e</load_address>
         <run_address>0x27c8e</run_address>
         <size>0x42e</size>
         <input_file_ref idref="fl-10"/>
      </object_component>
      <object_component id="oc-87">
         <name>.debug_info</name>
         <load_address>0x280bc</load_address>
         <run_address>0x280bc</run_address>
         <size>0xcf1</size>
         <input_file_ref idref="fl-11"/>
      </object_component>
      <object_component id="oc-8c">
         <name>.debug_info</name>
         <load_address>0x28dad</load_address>
         <run_address>0x28dad</run_address>
         <size>0xa85</size>
         <input_file_ref idref="fl-12"/>
      </object_component>
      <object_component id="oc-91">
         <name>.debug_info</name>
         <load_address>0x29832</load_address>
         <run_address>0x29832</run_address>
         <size>0x42a</size>
         <input_file_ref idref="fl-13"/>
      </object_component>
      <object_component id="oc-96">
         <name>.debug_info</name>
         <load_address>0x29c5c</load_address>
         <run_address>0x29c5c</run_address>
         <size>0x4be</size>
         <input_file_ref idref="fl-14"/>
      </object_component>
      <object_component id="oc-9b">
         <name>.debug_info</name>
         <load_address>0x2a11a</load_address>
         <run_address>0x2a11a</run_address>
         <size>0x45e8</size>
         <input_file_ref idref="fl-15"/>
      </object_component>
      <object_component id="oc-a1">
         <name>.debug_info</name>
         <load_address>0x2e702</load_address>
         <run_address>0x2e702</run_address>
         <size>0x1ac4</size>
         <input_file_ref idref="fl-16"/>
      </object_component>
      <object_component id="oc-a6">
         <name>.debug_info</name>
         <load_address>0x301c6</load_address>
         <run_address>0x301c6</run_address>
         <size>0xfd6a</size>
         <input_file_ref idref="fl-17"/>
      </object_component>
      <object_component id="oc-ae">
         <name>.debug_info</name>
         <load_address>0x3ff30</load_address>
         <run_address>0x3ff30</run_address>
         <size>0xaf21</size>
         <input_file_ref idref="fl-18"/>
      </object_component>
      <object_component id="oc-b3">
         <name>.debug_info</name>
         <load_address>0x4ae51</load_address>
         <run_address>0x4ae51</run_address>
         <size>0x13f2</size>
         <input_file_ref idref="fl-19"/>
      </object_component>
      <object_component id="oc-b8">
         <name>.debug_info</name>
         <load_address>0x4c243</load_address>
         <run_address>0x4c243</run_address>
         <size>0x3ac7</size>
         <input_file_ref idref="fl-1a"/>
      </object_component>
      <object_component id="oc-bd">
         <name>.debug_info</name>
         <load_address>0x4fd0a</load_address>
         <run_address>0x4fd0a</run_address>
         <size>0x428</size>
         <input_file_ref idref="fl-1b"/>
      </object_component>
      <object_component id="oc-c2">
         <name>.debug_info</name>
         <load_address>0x50132</load_address>
         <run_address>0x50132</run_address>
         <size>0x5e2</size>
         <input_file_ref idref="fl-1c"/>
      </object_component>
      <object_component id="oc-c7">
         <name>.debug_info</name>
         <load_address>0x50714</load_address>
         <run_address>0x50714</run_address>
         <size>0xf80</size>
         <input_file_ref idref="fl-1d"/>
      </object_component>
      <object_component id="oc-cc">
         <name>.debug_info</name>
         <load_address>0x51694</load_address>
         <run_address>0x51694</run_address>
         <size>0x490</size>
         <input_file_ref idref="fl-1e"/>
      </object_component>
      <object_component id="oc-d2">
         <name>.debug_info</name>
         <load_address>0x51b24</load_address>
         <run_address>0x51b24</run_address>
         <size>0x180</size>
         <input_file_ref idref="fl-1f"/>
      </object_component>
      <object_component id="oc-d6">
         <name>.debug_info</name>
         <load_address>0x51ca4</load_address>
         <run_address>0x51ca4</run_address>
         <size>0x486a</size>
         <input_file_ref idref="fl-20"/>
      </object_component>
      <object_component id="oc-dc">
         <name>.debug_info</name>
         <load_address>0x5650e</load_address>
         <run_address>0x5650e</run_address>
         <size>0x1332</size>
         <input_file_ref idref="fl-21"/>
      </object_component>
      <object_component id="oc-e1">
         <name>.debug_info</name>
         <load_address>0x57840</load_address>
         <run_address>0x57840</run_address>
         <size>0x16e3e</size>
         <input_file_ref idref="fl-22"/>
      </object_component>
      <object_component id="oc-e8">
         <name>.debug_info</name>
         <load_address>0x6e67e</load_address>
         <run_address>0x6e67e</run_address>
         <size>0x7a18</size>
         <input_file_ref idref="fl-23"/>
      </object_component>
      <object_component id="oc-ee">
         <name>.debug_info</name>
         <load_address>0x76096</load_address>
         <run_address>0x76096</run_address>
         <size>0x10c</size>
         <input_file_ref idref="fl-27"/>
      </object_component>
      <object_component id="oc-f3">
         <name>.debug_info</name>
         <load_address>0x761a2</load_address>
         <run_address>0x761a2</run_address>
         <size>0x10c</size>
         <input_file_ref idref="fl-28"/>
      </object_component>
      <object_component id="oc-f8">
         <name>.debug_info</name>
         <load_address>0x762ae</load_address>
         <run_address>0x762ae</run_address>
         <size>0x10c</size>
         <input_file_ref idref="fl-29"/>
      </object_component>
      <object_component id="oc-fd">
         <name>.debug_info</name>
         <load_address>0x763ba</load_address>
         <run_address>0x763ba</run_address>
         <size>0x112</size>
         <input_file_ref idref="fl-2a"/>
      </object_component>
      <object_component id="oc-102">
         <name>.debug_info</name>
         <load_address>0x764cc</load_address>
         <run_address>0x764cc</run_address>
         <size>0xae</size>
         <input_file_ref idref="fl-5c"/>
      </object_component>
      <object_component id="oc-107">
         <name>.debug_info</name>
         <load_address>0x7657a</load_address>
         <run_address>0x7657a</run_address>
         <size>0xae</size>
         <input_file_ref idref="fl-5e"/>
      </object_component>
      <object_component id="oc-10b">
         <name>.debug_info</name>
         <load_address>0x76628</load_address>
         <run_address>0x76628</run_address>
         <size>0xac</size>
         <input_file_ref idref="fl-5f"/>
      </object_component>
      <object_component id="oc-10f">
         <name>.debug_info</name>
         <load_address>0x766d4</load_address>
         <run_address>0x766d4</run_address>
         <size>0xb5</size>
         <input_file_ref idref="fl-60"/>
      </object_component>
      <object_component id="oc-114">
         <name>.debug_info</name>
         <load_address>0x76789</load_address>
         <run_address>0x76789</run_address>
         <size>0x16b</size>
         <input_file_ref idref="fl-61"/>
      </object_component>
      <object_component id="oc-118">
         <name>.debug_info</name>
         <load_address>0x768f4</load_address>
         <run_address>0x768f4</run_address>
         <size>0x4ce</size>
         <input_file_ref idref="fl-62"/>
      </object_component>
      <object_component id="oc-11d">
         <name>.debug_info</name>
         <load_address>0x76dc2</load_address>
         <run_address>0x76dc2</run_address>
         <size>0x3df</size>
         <input_file_ref idref="fl-63"/>
      </object_component>
      <object_component id="oc-122">
         <name>.debug_info</name>
         <load_address>0x771a1</load_address>
         <run_address>0x771a1</run_address>
         <size>0x3e2</size>
         <input_file_ref idref="fl-64"/>
      </object_component>
      <object_component id="oc-127">
         <name>.debug_info</name>
         <load_address>0x77583</load_address>
         <run_address>0x77583</run_address>
         <size>0xb1f</size>
         <input_file_ref idref="fl-65"/>
      </object_component>
      <object_component id="oc-12f">
         <name>.debug_info</name>
         <load_address>0x780a2</load_address>
         <run_address>0x780a2</run_address>
         <size>0x501</size>
         <input_file_ref idref="fl-66"/>
      </object_component>
      <object_component id="oc-134">
         <name>.debug_info</name>
         <load_address>0x785a3</load_address>
         <run_address>0x785a3</run_address>
         <size>0x4b4</size>
         <input_file_ref idref="fl-67"/>
      </object_component>
      <object_component id="oc-13a">
         <name>.debug_info</name>
         <load_address>0x78a57</load_address>
         <run_address>0x78a57</run_address>
         <size>0x5c1</size>
         <input_file_ref idref="fl-68"/>
      </object_component>
      <object_component id="oc-13f">
         <name>.debug_info</name>
         <load_address>0x79018</load_address>
         <run_address>0x79018</run_address>
         <size>0x5ab</size>
         <input_file_ref idref="fl-69"/>
      </object_component>
      <object_component id="oc-146">
         <name>.debug_info</name>
         <load_address>0x795c3</load_address>
         <run_address>0x795c3</run_address>
         <size>0x5bf</size>
         <input_file_ref idref="fl-6a"/>
      </object_component>
      <object_component id="oc-14c">
         <name>.debug_info</name>
         <load_address>0x79b82</load_address>
         <run_address>0x79b82</run_address>
         <size>0x1bb</size>
         <input_file_ref idref="fl-6b"/>
      </object_component>
      <object_component id="oc-150">
         <name>.debug_info</name>
         <load_address>0x79d3d</load_address>
         <run_address>0x79d3d</run_address>
         <size>0x46f</size>
         <input_file_ref idref="fl-6c"/>
      </object_component>
      <object_component id="oc-155">
         <name>.debug_info</name>
         <load_address>0x7a1ac</load_address>
         <run_address>0x7a1ac</run_address>
         <size>0x926</size>
         <input_file_ref idref="fl-6d"/>
      </object_component>
      <object_component id="oc-15b">
         <name>.debug_info</name>
         <load_address>0x7aad2</load_address>
         <run_address>0x7aad2</run_address>
         <size>0x560</size>
         <input_file_ref idref="fl-6e"/>
      </object_component>
      <object_component id="oc-161">
         <name>.debug_info</name>
         <load_address>0x7b032</load_address>
         <run_address>0x7b032</run_address>
         <size>0x472</size>
         <input_file_ref idref="fl-6f"/>
      </object_component>
      <object_component id="oc-166">
         <name>.debug_info</name>
         <load_address>0x7b4a4</load_address>
         <run_address>0x7b4a4</run_address>
         <size>0x43a</size>
         <input_file_ref idref="fl-70"/>
      </object_component>
      <object_component id="oc-1bc">
         <name>.debug_info</name>
         <load_address>0x7b8de</load_address>
         <run_address>0x7b8de</run_address>
         <size>0xc7</size>
      </object_component>
      <object_component id="oc-49">
         <name>.debug_line</name>
         <load_address>0x0</load_address>
         <run_address>0x0</run_address>
         <size>0xa0</size>
         <input_file_ref idref="fl-5"/>
      </object_component>
      <object_component id="oc-4e">
         <name>.debug_line</name>
         <load_address>0xa0</load_address>
         <run_address>0xa0</run_address>
         <size>0x370</size>
         <input_file_ref idref="fl-6"/>
      </object_component>
      <object_component id="oc-53">
         <name>.debug_line</name>
         <load_address>0x410</load_address>
         <run_address>0x410</run_address>
         <size>0x68</size>
         <input_file_ref idref="fl-7"/>
      </object_component>
      <object_component id="oc-58">
         <name>.debug_line</name>
         <load_address>0x478</load_address>
         <run_address>0x478</run_address>
         <size>0x586</size>
         <input_file_ref idref="fl-8"/>
      </object_component>
      <object_component id="oc-5e">
         <name>.debug_line</name>
         <load_address>0x9fe</load_address>
         <run_address>0x9fe</run_address>
         <size>0x14d</size>
         <input_file_ref idref="fl-9"/>
      </object_component>
      <object_component id="oc-64">
         <name>.debug_line</name>
         <load_address>0xb4b</load_address>
         <run_address>0xb4b</run_address>
         <size>0x1744</size>
         <input_file_ref idref="fl-a"/>
      </object_component>
      <object_component id="oc-6b">
         <name>.debug_line</name>
         <load_address>0x228f</load_address>
         <run_address>0x228f</run_address>
         <size>0x9c1</size>
         <input_file_ref idref="fl-b"/>
      </object_component>
      <object_component id="oc-70">
         <name>.debug_line</name>
         <load_address>0x2c50</load_address>
         <run_address>0x2c50</run_address>
         <size>0x110</size>
         <input_file_ref idref="fl-c"/>
      </object_component>
      <object_component id="oc-75">
         <name>.debug_line</name>
         <load_address>0x2d60</load_address>
         <run_address>0x2d60</run_address>
         <size>0x1d5</size>
         <input_file_ref idref="fl-d"/>
      </object_component>
      <object_component id="oc-7a">
         <name>.debug_line</name>
         <load_address>0x2f35</load_address>
         <run_address>0x2f35</run_address>
         <size>0x75</size>
         <input_file_ref idref="fl-e"/>
      </object_component>
      <object_component id="oc-7f">
         <name>.debug_line</name>
         <load_address>0x2faa</load_address>
         <run_address>0x2faa</run_address>
         <size>0x2ad</size>
         <input_file_ref idref="fl-f"/>
      </object_component>
      <object_component id="oc-84">
         <name>.debug_line</name>
         <load_address>0x3257</load_address>
         <run_address>0x3257</run_address>
         <size>0x66</size>
         <input_file_ref idref="fl-10"/>
      </object_component>
      <object_component id="oc-89">
         <name>.debug_line</name>
         <load_address>0x32bd</load_address>
         <run_address>0x32bd</run_address>
         <size>0xf1</size>
         <input_file_ref idref="fl-11"/>
      </object_component>
      <object_component id="oc-8e">
         <name>.debug_line</name>
         <load_address>0x33ae</load_address>
         <run_address>0x33ae</run_address>
         <size>0xd7</size>
         <input_file_ref idref="fl-12"/>
      </object_component>
      <object_component id="oc-93">
         <name>.debug_line</name>
         <load_address>0x3485</load_address>
         <run_address>0x3485</run_address>
         <size>0x64</size>
         <input_file_ref idref="fl-13"/>
      </object_component>
      <object_component id="oc-98">
         <name>.debug_line</name>
         <load_address>0x34e9</load_address>
         <run_address>0x34e9</run_address>
         <size>0xa7</size>
         <input_file_ref idref="fl-14"/>
      </object_component>
      <object_component id="oc-9e">
         <name>.debug_line</name>
         <load_address>0x3590</load_address>
         <run_address>0x3590</run_address>
         <size>0x30f</size>
         <input_file_ref idref="fl-15"/>
      </object_component>
      <object_component id="oc-a3">
         <name>.debug_line</name>
         <load_address>0x389f</load_address>
         <run_address>0x389f</run_address>
         <size>0x1e4</size>
         <input_file_ref idref="fl-16"/>
      </object_component>
      <object_component id="oc-ab">
         <name>.debug_line</name>
         <load_address>0x3a83</load_address>
         <run_address>0x3a83</run_address>
         <size>0xb01</size>
         <input_file_ref idref="fl-17"/>
      </object_component>
      <object_component id="oc-b0">
         <name>.debug_line</name>
         <load_address>0x4584</load_address>
         <run_address>0x4584</run_address>
         <size>0xa4b</size>
         <input_file_ref idref="fl-18"/>
      </object_component>
      <object_component id="oc-b5">
         <name>.debug_line</name>
         <load_address>0x4fcf</load_address>
         <run_address>0x4fcf</run_address>
         <size>0x10d</size>
         <input_file_ref idref="fl-19"/>
      </object_component>
      <object_component id="oc-ba">
         <name>.debug_line</name>
         <load_address>0x50dc</load_address>
         <run_address>0x50dc</run_address>
         <size>0x41d</size>
         <input_file_ref idref="fl-1a"/>
      </object_component>
      <object_component id="oc-bf">
         <name>.debug_line</name>
         <load_address>0x54f9</load_address>
         <run_address>0x54f9</run_address>
         <size>0x66</size>
         <input_file_ref idref="fl-1b"/>
      </object_component>
      <object_component id="oc-c4">
         <name>.debug_line</name>
         <load_address>0x555f</load_address>
         <run_address>0x555f</run_address>
         <size>0x6e</size>
         <input_file_ref idref="fl-1c"/>
      </object_component>
      <object_component id="oc-c9">
         <name>.debug_line</name>
         <load_address>0x55cd</load_address>
         <run_address>0x55cd</run_address>
         <size>0x12e</size>
         <input_file_ref idref="fl-1d"/>
      </object_component>
      <object_component id="oc-ce">
         <name>.debug_line</name>
         <load_address>0x56fb</load_address>
         <run_address>0x56fb</run_address>
         <size>0x64</size>
         <input_file_ref idref="fl-1e"/>
      </object_component>
      <object_component id="oc-d3">
         <name>.debug_line</name>
         <load_address>0x575f</load_address>
         <run_address>0x575f</run_address>
         <size>0x81</size>
         <input_file_ref idref="fl-1f"/>
      </object_component>
      <object_component id="oc-d9">
         <name>.debug_line</name>
         <load_address>0x57e0</load_address>
         <run_address>0x57e0</run_address>
         <size>0x74c</size>
         <input_file_ref idref="fl-20"/>
      </object_component>
      <object_component id="oc-de">
         <name>.debug_line</name>
         <load_address>0x5f2c</load_address>
         <run_address>0x5f2c</run_address>
         <size>0x16c</size>
         <input_file_ref idref="fl-21"/>
      </object_component>
      <object_component id="oc-e5">
         <name>.debug_line</name>
         <load_address>0x6098</load_address>
         <run_address>0x6098</run_address>
         <size>0xd46</size>
         <input_file_ref idref="fl-22"/>
      </object_component>
      <object_component id="oc-ea">
         <name>.debug_line</name>
         <load_address>0x6dde</load_address>
         <run_address>0x6dde</run_address>
         <size>0x690</size>
         <input_file_ref idref="fl-23"/>
      </object_component>
      <object_component id="oc-ef">
         <name>.debug_line</name>
         <load_address>0x746e</load_address>
         <run_address>0x746e</run_address>
         <size>0xa2</size>
         <input_file_ref idref="fl-27"/>
      </object_component>
      <object_component id="oc-f4">
         <name>.debug_line</name>
         <load_address>0x7510</load_address>
         <run_address>0x7510</run_address>
         <size>0x58</size>
         <input_file_ref idref="fl-28"/>
      </object_component>
      <object_component id="oc-f9">
         <name>.debug_line</name>
         <load_address>0x7568</load_address>
         <run_address>0x7568</run_address>
         <size>0xad</size>
         <input_file_ref idref="fl-29"/>
      </object_component>
      <object_component id="oc-fe">
         <name>.debug_line</name>
         <load_address>0x7615</load_address>
         <run_address>0x7615</run_address>
         <size>0x58</size>
         <input_file_ref idref="fl-2a"/>
      </object_component>
      <object_component id="oc-103">
         <name>.debug_line</name>
         <load_address>0x766d</load_address>
         <run_address>0x766d</run_address>
         <size>0x5e</size>
         <input_file_ref idref="fl-5c"/>
      </object_component>
      <object_component id="oc-108">
         <name>.debug_line</name>
         <load_address>0x76cb</load_address>
         <run_address>0x76cb</run_address>
         <size>0x60</size>
         <input_file_ref idref="fl-5e"/>
      </object_component>
      <object_component id="oc-10c">
         <name>.debug_line</name>
         <load_address>0x772b</load_address>
         <run_address>0x772b</run_address>
         <size>0x6f</size>
         <input_file_ref idref="fl-5f"/>
      </object_component>
      <object_component id="oc-110">
         <name>.debug_line</name>
         <load_address>0x779a</load_address>
         <run_address>0x779a</run_address>
         <size>0x52</size>
         <input_file_ref idref="fl-60"/>
      </object_component>
      <object_component id="oc-115">
         <name>.debug_line</name>
         <load_address>0x77ec</load_address>
         <run_address>0x77ec</run_address>
         <size>0x7e</size>
         <input_file_ref idref="fl-61"/>
      </object_component>
      <object_component id="oc-11a">
         <name>.debug_line</name>
         <load_address>0x786a</load_address>
         <run_address>0x786a</run_address>
         <size>0x55</size>
         <input_file_ref idref="fl-62"/>
      </object_component>
      <object_component id="oc-11f">
         <name>.debug_line</name>
         <load_address>0x78bf</load_address>
         <run_address>0x78bf</run_address>
         <size>0x3a</size>
         <input_file_ref idref="fl-63"/>
      </object_component>
      <object_component id="oc-124">
         <name>.debug_line</name>
         <load_address>0x78f9</load_address>
         <run_address>0x78f9</run_address>
         <size>0x3e</size>
         <input_file_ref idref="fl-64"/>
      </object_component>
      <object_component id="oc-12c">
         <name>.debug_line</name>
         <load_address>0x7937</load_address>
         <run_address>0x7937</run_address>
         <size>0x2d6</size>
         <input_file_ref idref="fl-65"/>
      </object_component>
      <object_component id="oc-131">
         <name>.debug_line</name>
         <load_address>0x7c0d</load_address>
         <run_address>0x7c0d</run_address>
         <size>0x5e</size>
         <input_file_ref idref="fl-66"/>
      </object_component>
      <object_component id="oc-137">
         <name>.debug_line</name>
         <load_address>0x7c6b</load_address>
         <run_address>0x7c6b</run_address>
         <size>0x7b</size>
         <input_file_ref idref="fl-67"/>
      </object_component>
      <object_component id="oc-13c">
         <name>.debug_line</name>
         <load_address>0x7ce6</load_address>
         <run_address>0x7ce6</run_address>
         <size>0x50</size>
         <input_file_ref idref="fl-68"/>
      </object_component>
      <object_component id="oc-143">
         <name>.debug_line</name>
         <load_address>0x7d36</load_address>
         <run_address>0x7d36</run_address>
         <size>0x65</size>
         <input_file_ref idref="fl-69"/>
      </object_component>
      <object_component id="oc-149">
         <name>.debug_line</name>
         <load_address>0x7d9b</load_address>
         <run_address>0x7d9b</run_address>
         <size>0xc7</size>
         <input_file_ref idref="fl-6a"/>
      </object_component>
      <object_component id="oc-152">
         <name>.debug_line</name>
         <load_address>0x7e62</load_address>
         <run_address>0x7e62</run_address>
         <size>0x62</size>
         <input_file_ref idref="fl-6c"/>
      </object_component>
      <object_component id="oc-158">
         <name>.debug_line</name>
         <load_address>0x7ec4</load_address>
         <run_address>0x7ec4</run_address>
         <size>0x21b</size>
         <input_file_ref idref="fl-6d"/>
      </object_component>
      <object_component id="oc-15e">
         <name>.debug_line</name>
         <load_address>0x80df</load_address>
         <run_address>0x80df</run_address>
         <size>0x6e</size>
         <input_file_ref idref="fl-6e"/>
      </object_component>
      <object_component id="oc-163">
         <name>.debug_line</name>
         <load_address>0x814d</load_address>
         <run_address>0x814d</run_address>
         <size>0x41</size>
         <input_file_ref idref="fl-6f"/>
      </object_component>
      <object_component id="oc-168">
         <name>.debug_line</name>
         <load_address>0x818e</load_address>
         <run_address>0x818e</run_address>
         <size>0x57</size>
         <input_file_ref idref="fl-70"/>
      </object_component>
      <object_component id="oc-4a">
         <name>.debug_abbrev</name>
         <load_address>0x0</load_address>
         <run_address>0x0</run_address>
         <size>0x21</size>
         <input_file_ref idref="fl-5"/>
      </object_component>
      <object_component id="oc-4f">
         <name>.debug_abbrev</name>
         <load_address>0x21</load_address>
         <run_address>0x21</run_address>
         <size>0x18a</size>
         <input_file_ref idref="fl-6"/>
      </object_component>
      <object_component id="oc-54">
         <name>.debug_abbrev</name>
         <load_address>0x1ab</load_address>
         <run_address>0x1ab</run_address>
         <size>0xc0</size>
         <input_file_ref idref="fl-7"/>
      </object_component>
      <object_component id="oc-59">
         <name>.debug_abbrev</name>
[...]
      </symbol>
      <symbol id="sm-58e">
         <name>_EST_getFlux_VpHz</name>
         <value>0x3f96be</value>
      </symbol>
      <symbol id="sm-590">
         <name>_EST_getFlux_pu</name>
         <value>0x3f96ab</value>
      </symbol>
      <symbol id="sm-592">
         <name>_EST_getFm_pu</name>
         <value>0x3f968e</value>
      </symbol>
      <symbol id="sm-594">
         <name>_EST_getIdRated</name>
         <value>0x3f9632</value>
      </symbol>
      <symbol id="sm-596">
         <name>_EST_getLs_coarse_max_pu</name>
         <value>0x3f95ff</value>
      </symbol>
      <symbol id="sm-598">
         <name>_EST_getLs_d_H</name>
         <value>0x3f95f5</value>
      </symbol>
      <symbol id="sm-59a">
         <name>_EST_getLs_d_pu</name>
         <value>0x3f95f0</value>
      </symbol>
      <symbol id="sm-59c">
         <name>_EST_getLs_q_H</name>
         <value>0x3f95ce</value>
      </symbol>
      <symbol id="sm-59e">
         <name>_EST_getLs_q_pu</name>
         <value>0x3f95c9</value>
      </symbol>
      <symbol id="sm-5a0">
         <name>_EST_getMaxCurrentSlope_pu</name>
         <value>0x3f95bd</value>
      </symbol>
      <symbol id="sm-5a2">
         <name>_EST_getOneOverDcBus_pu</name>
         <value>0x3f95b3</value>
      </symbol>
      <symbol id="sm-5a4">
         <name>_EST_getRr_Ohm</name>
         <value>0x3f95ad</value>
      </symbol>
      <symbol id="sm-5a6">
         <name>_EST_getRs_Ohm</name>
         <value>0x3f9513</value>
      </symbol>
      <symbol id="sm-5a8">
         <name>_EST_getSpeed_krpm</name>
         <value>0x3f94c6</value>
      </symbol>
      <symbol id="sm-5aa">
         <name>_EST_getState</name>
         <value>0x3f861b</value>
      </symbol>
      <symbol id="sm-5ac">
         <name>_EST_get_krpm_to_pu_sf</name>
         <value>0x3f9458</value>
      </symbol>
      <symbol id="sm-5ae">
         <name>_EST_get_pu_to_krpm_sf</name>
         <value>0x3f9453</value>
      </symbol>
      <symbol id="sm-5b0">
         <name>_EST_isError</name>
         <value>0x3f938d</value>
      </symbol>
      <symbol id="sm-5b2">
         <name>_EST_isIdle</name>
         <value>0x3f9386</value>
      </symbol>
      <symbol id="sm-5b4">
         <name>_EST_isLockRotor</name>
         <value>0x3f937f</value>
      </symbol>
      <symbol id="sm-5b6">
         <name>_EST_isMotorIdentified</name>
         <value>0x3f8679</value>
      </symbol>
      <symbol id="sm-5b8">
         <name>_EST_isOnLine</name>
         <value>0x3f9378</value>
      </symbol>
      <symbol id="sm-5ba">
         <name>_EST_run</name>
         <value>0x3f927b</value>
      </symbol>
      <symbol id="sm-5bc">
         <name>_EST_setFlag_enableForceAngle</name>
         <value>0x3f8bdb</value>
      </symbol>
      <symbol id="sm-5be">
         <name>_EST_setFlag_enableRsRecalc</name>
         <value>0x3f8bd3</value>
      </symbol>
      <symbol id="sm-5c0">
         <name>_EST_setId_ref_pu</name>
         <value>0x3f8b80</value>
      </symbol>
      <symbol id="sm-5c2">
         <name>_EST_setIdle</name>
         <value>0x3f8b7a</value>
      </symbol>
      <symbol id="sm-5c4">
         <name>_EST_setIdle_all</name>
         <value>0x3f8b67</value>
      </symbol>
      <symbol id="sm-5c6">
         <name>_EST_setIq_ref_pu</name>
         <value>0x3f8b63</value>
      </symbol>
      <symbol id="sm-5c8">
         <name>_EST_setLs_d_pu</name>
         <value>0x3f8b45</value>
      </symbol>
      <symbol id="sm-5ca">
         <name>_EST_setLs_qFmt</name>
         <value>0x3f8af1</value>
      </symbol>
      <symbol id="sm-5cc">
         <name>_EST_setLs_q_pu</name>
         <value>0x3f8ae7</value>
      </symbol>
      <symbol id="sm-5ce">
         <name>_EST_setMaxCurrentSlope_pu</name>
         <value>0x3f8adb</value>
      </symbol>
      <symbol id="sm-5d0">
         <name>_EST_setRs_pu</name>
         <value>0x3f8a18</value>
      </symbol>
      <symbol id="sm-5d2">
         <name>_EST_updateId_ref_pu</name>
         <value>0x3f89f5</value>
      </symbol>
      <symbol id="sm-5d4">
         <name>_EST_updateState</name>
         <value>0x3f8713</value>
      </symbol>
      <symbol id="sm-5d6">
         <name>_EST_useZeroIq_ref</name>
         <value>0x3f861d</value>
      </symbol>
      <symbol id="sm-5df">
         <name>__IQ24cosPU</name>
         <value>0xcbd5</value>
         <object_component_ref idref="oc-101"/>
      </symbol>
      <symbol id="sm-5e3">
         <name>_IQ4mpyRndSatTable</name>
         <value>0x3fe750</value>
         <object_component_ref idref="oc-105"/>
      </symbol>
      <symbol id="sm-5e4">
         <name>_IQ5mpyRndSatTable</name>
         <value>0x3fe744</value>
         <object_component_ref idref="oc-105"/>
      </symbol>
      <symbol id="sm-5e5">
         <name>_IQatan2Table</name>
         <value>0x3fe492</value>
         <object_component_ref idref="oc-105"/>
      </symbol>
      <symbol id="sm-5e6">
         <name>_IQisqrtTableEnd</name>
         <value>0x3fe454</value>
         <object_component_ref idref="oc-105"/>
      </symbol>
      <symbol id="sm-5e7">
         <name>_IQ8mpyRndSatTable</name>
         <value>0x3fe720</value>
         <object_component_ref idref="oc-105"/>
      </symbol>
      <symbol id="sm-5e8">
         <name>_IQ9mpyRndSatTable</name>
         <value>0x3fe714</value>
         <object_component_ref idref="oc-105"/>
      </symbol>
      <symbol id="sm-5e9">
         <name>_IQsqrtTable</name>
         <value>0x3fe352</value>
         <object_component_ref idref="oc-105"/>
      </symbol>
      <symbol id="sm-5ea">
         <name>_IQcosTableEnd</name>
         <value>0x3fe132</value>
         <object_component_ref idref="oc-105"/>
      </symbol>
      <symbol id="sm-5eb">
         <name>_IQatan2HalfPITable</name>
         <value>0x3fe454</value>
         <object_component_ref idref="oc-105"/>
      </symbol>
      <symbol id="sm-5ec">
         <name>_IQisqrtTable</name>
         <value>0x3fe352</value>
         <object_component_ref idref="oc-105"/>
      </symbol>
      <symbol id="sm-5ed">
         <name>_IQsqrtRoundSatTable</name>
         <value>0x3fe342</value>
         <object_component_ref idref="oc-105"/>
      </symbol>
      <symbol id="sm-5ee">
         <name>_IQsqrtTableEnd</name>
         <value>0x3fe454</value>
         <object_component_ref idref="oc-105"/>
      </symbol>
      <symbol id="sm-5ef">
         <name>_IQ30mpyRndSatTable</name>
         <value>0x3fe618</value>
         <object_component_ref idref="oc-105"/>
      </symbol>
      <symbol id="sm-5f0">
         <name>_IQ17mpyRndSatTable</name>
         <value>0x3fe6b4</value>
         <object_component_ref idref="oc-105"/>
      </symbol>
      <symbol id="sm-5f1">
         <name>_IQ16mpyRndSatTable</name>
         <value>0x3fe6c0</value>
         <object_component_ref idref="oc-105"/>
      </symbol>
      <symbol id="sm-5f2">
         <name>_IQ15mpyRndSatTable</name>
         <value>0x3fe6cc</value>
         <object_component_ref idref="oc-105"/>
      </symbol>
      <symbol id="sm-5f3">
         <name>_IQ14mpyRndSatTable</name>
         <value>0x3fe6d8</value>
         <object_component_ref idref="oc-105"/>
      </symbol>
      <symbol id="sm-5f4">
         <name>_IQ13mpyRndSatTable</name>
         <value>0x3fe6e4</value>
         <object_component_ref idref="oc-105"/>
      </symbol>
      <symbol id="sm-5f5">
         <name>_IQmpyRndSatTable</name>
         <value>0x3fe618</value>
         <object_component_ref idref="oc-105"/>
      </symbol>
      <symbol id="sm-5f6">
         <name>_IQ12mpyRndSatTable</name>
         <value>0x3fe6f0</value>
         <object_component_ref idref="oc-105"/>
      </symbol>
      <symbol id="sm-5f7">
         <name>_IQdivRoundSatTable</name>
         <value>0x3fe132</value>
         <object_component_ref idref="oc-105"/>
      </symbol>
      <symbol id="sm-5f8">
         <name>_IQisqrtRoundSatTable</name>
         <value>0x3fe342</value>
         <object_component_ref idref="oc-105"/>
      </symbol>
      <symbol id="sm-5f9">
         <name>_IQ11mpyRndSatTable</name>
         <value>0x3fe6fc</value>
         <object_component_ref idref="oc-105"/>
      </symbol>
      <symbol id="sm-5fa">
         <name>_IQcosTable</name>
         <value>0x3fdd30</value>
         <object_component_ref idref="oc-105"/>
      </symbol>
      <symbol id="sm-5fb">
         <name>_IQ10mpyRndSatTable</name>
         <value>0x3fe708</value>
         <object_component_ref idref="oc-105"/>
      </symbol>
      <symbol id="sm-5fc">
         <name>_IQmpyRndSatTableEnd</name>
         <value>0x3fe780</value>
         <object_component_ref idref="oc-105"/>
      </symbol>
      <symbol id="sm-5fd">
         <name>_IQ19mpyRndSatTable</name>
         <value>0x3fe69c</value>
         <object_component_ref idref="oc-105"/>
      </symbol>
      <symbol id="sm-5fe">
         <name>_IQ27mpyRndSatTable</name>
         <value>0x3fe63c</value>
         <object_component_ref idref="oc-105"/>
      </symbol>
      <symbol id="sm-5ff">
         <name>_IQ18mpyRndSatTable</name>
         <value>0x3fe6a8</value>
         <object_component_ref idref="oc-105"/>
      </symbol>
      <symbol id="sm-600">
         <name>_IQ26mpyRndSatTable</name>
         <value>0x3fe648</value>
         <object_component_ref idref="oc-105"/>
      </symbol>
      <symbol id="sm-601">
         <name>_IQ25mpyRndSatTable</name>
         <value>0x3fe654</value>
         <object_component_ref idref="oc-105"/>
      </symbol>
      <symbol id="sm-602">
         <name>_IQsinTable</name>
         <value>0x3fdc30</value>
         <object_component_ref idref="oc-105"/>
      </symbol>
      <symbol id="sm-603">
         <name>_IQ24mpyRndSatTable</name>
         <value>0x3fe660</value>
         <object_component_ref idref="oc-105"/>
      </symbol>
      <symbol id="sm-604">
         <name>_IQdivTableEnd</name>
         <value>0x3fe342</value>
         <object_component_ref idref="oc-105"/>
      </symbol>
      <symbol id="sm-605">
         <name>_IQ23mpyRndSatTable</name>
         <value>0x3fe66c</value>
         <object_component_ref idref="oc-105"/>
      </symbol>
      <symbol id="sm-606">
         <name>_IQ22mpyRndSatTable</name>
         <value>0x3fe678</value>
         <object_component_ref idref="oc-105"/>
      </symbol>
      <symbol id="sm-607">
         <name>_IQ21mpyRndSatTable</name>
         <value>0x3fe684</value>
         <object_component_ref idref="oc-105"/>
      </symbol>
      <symbol id="sm-608">
         <name>_IQ20mpyRndSatTable</name>
         <value>0x3fe690</value>
         <object_component_ref idref="oc-105"/>
      </symbol>
      <symbol id="sm-609">
         <name>_IQsinTableEnd</name>
         <value>0x3fe030</value>
         <object_component_ref idref="oc-105"/>
      </symbol>
      <symbol id="sm-60a">
         <name>_IQdivTable</name>
         <value>0x3fe140</value>
         <object_component_ref idref="oc-105"/>
      </symbol>
      <symbol id="sm-60b">
         <name>_IQ2mpyRndSatTable</name>
         <value>0x3fe768</value>
         <object_component_ref idref="oc-105"/>
      </symbol>
      <symbol id="sm-60c">
         <name>_IQ3mpyRndSatTable</name>
         <value>0x3fe75c</value>
         <object_component_ref idref="oc-105"/>
      </symbol>
      <symbol id="sm-60d">
         <name>_IQ1mpyRndSatTable</name>
         <value>0x3fe774</value>
         <object_component_ref idref="oc-105"/>
      </symbol>
      <symbol id="sm-60e">
         <name>_IQ29mpyRndSatTable</name>
         <value>0x3fe624</value>
         <object_component_ref idref="oc-105"/>
      </symbol>
      <symbol id="sm-60f">
         <name>_IQ6mpyRndSatTable</name>
         <value>0x3fe738</value>
         <object_component_ref idref="oc-105"/>
      </symbol>
      <symbol id="sm-610">
         <name>_IQatan2TableEnd</name>
         <value>0x3fe618</value>
         <object_component_ref idref="oc-105"/>
      </symbol>
      <symbol id="sm-611">
         <name>_IQ28mpyRndSatTable</name>
         <value>0x3fe630</value>
         <object_component_ref idref="oc-105"/>
      </symbol>
      <symbol id="sm-612">
         <name>_IQ7mpyRndSatTable</name>
         <value>0x3fe72c</value>
         <object_component_ref idref="oc-105"/>
      </symbol>
      <symbol id="sm-61b">
         <name>__IQ24sinPU</name>
         <value>0xcbac</value>
         <object_component_ref idref="oc-106"/>
      </symbol>
      <symbol id="sm-623">
         <name>__IQ24sqrt</name>
         <value>0xcb6a</value>
         <object_component_ref idref="oc-10a"/>
      </symbol>
      <symbol id="sm-62b">
         <name>__IQ30toF</name>
         <value>0xcbfc</value>
         <object_component_ref idref="oc-10e"/>
      </symbol>
      <symbol id="sm-646">
         <name>_c_int00</name>
         <value>0xc092</value>
         <object_component_ref idref="oc-14"/>
      </symbol>
      <symbol id="sm-647">
         <name>__stack</name>
         <value>0x400</value>
         <object_component_ref idref="oc-112"/>
      </symbol>
      <symbol id="sm-656">
         <name>__args_main</name>
         <value>0xc3a4</value>
         <object_component_ref idref="oc-16e"/>
      </symbol>
      <symbol id="sm-662">
         <name>__system_post_cinit</name>
         <value>0xa963</value>
         <object_component_ref idref="oc-16d"/>
      </symbol>
      <symbol id="sm-66e">
         <name>__system_pre_init</name>
         <value>0xc3ef</value>
         <object_component_ref idref="oc-16b"/>
      </symbol>
      <symbol id="sm-6b5">
         <name>__sys_memory</name>
         <value>0xc3f2</value>
         <object_component_ref idref="oc-129"/>
      </symbol>
      <symbol id="sm-6b6">
         <name>_chkheap</name>
         <value>0xb785</value>
         <object_component_ref idref="oc-194"/>
      </symbol>
      <symbol id="sm-6b7">
         <name>_realloc</name>
         <value>0xb693</value>
         <object_component_ref idref="oc-194"/>
      </symbol>
      <symbol id="sm-6b8">
         <name>_free_memory</name>
         <value>0xb767</value>
         <object_component_ref idref="oc-194"/>
      </symbol>
      <symbol id="sm-6b9">
         <name>_max_free</name>
         <value>0xb745</value>
         <object_component_ref idref="oc-194"/>
      </symbol>
      <symbol id="sm-6ba">
         <name>_free</name>
         <value>0xb5cc</value>
         <object_component_ref idref="oc-194"/>
      </symbol>
      <symbol id="sm-6bb">
         <name>_calloc</name>
         <value>0xb787</value>
         <object_component_ref idref="oc-194"/>
      </symbol>
      <symbol id="sm-6bc">
         <name>_malloc</name>
         <value>0xb635</value>
         <object_component_ref idref="oc-194"/>
      </symbol>
      <symbol id="sm-6bd">
         <name>_minit</name>
         <value>0xb610</value>
         <object_component_ref idref="oc-194"/>
      </symbol>
      <symbol id="sm-6d1">
         <name>__unlock</name>
         <value>0xcaae</value>
         <object_component_ref idref="oc-195"/>
      </symbol>
      <symbol id="sm-6d2">
         <name>__lock</name>
         <value>0xcaac</value>
         <object_component_ref idref="oc-175"/>
      </symbol>
      <symbol id="sm-6d3">
         <name>__register_lock</name>
         <value>0xc3dc</value>
         <object_component_ref idref="oc-181"/>
      </symbol>
      <symbol id="sm-6d4">
         <name>__nop</name>
         <value>0xc3e0</value>
         <object_component_ref idref="oc-181"/>
      </symbol>
      <symbol id="sm-6d5">
         <name>__register_unlock</name>
         <value>0xc3d8</value>
         <object_component_ref idref="oc-181"/>
      </symbol>
      <symbol id="sm-6eb">
         <name>_ceilf</name>
         <value>0xc0e8</value>
         <object_component_ref idref="oc-184"/>
      </symbol>
      <symbol id="sm-6ec">
         <name>_ceil</name>
         <value>0xc0e8</value>
         <object_component_ref idref="oc-184"/>
      </symbol>
      <symbol id="sm-6fb">
         <name>_copy_in</name>
         <value>0xc307</value>
         <object_component_ref idref="oc-16c"/>
      </symbol>
      <symbol id="sm-70f">
         <name>C$$EXIT</name>
         <value>0xc26e</value>
         <object_component_ref idref="oc-16f"/>
      </symbol>
      <symbol id="sm-710">
         <name>_exit</name>
         <value>0xc270</value>
         <object_component_ref idref="oc-16f"/>
      </symbol>
      <symbol id="sm-711">
         <name>___TI_cleanup_ptr</name>
         <value>0xc7fc</value>
         <object_component_ref idref="oc-141"/>
      </symbol>
      <symbol id="sm-712">
         <name>___TI_enable_exit_profile_output</name>
         <value>0xc7fa</value>
         <object_component_ref idref="oc-141"/>
      </symbol>
      <symbol id="sm-713">
         <name>_abort</name>
         <value>0xc26e</value>
         <object_component_ref idref="oc-16f"/>
      </symbol>
      <symbol id="sm-714">
         <name>___TI_dtors_ptr</name>
         <value>0xc7fe</value>
         <object_component_ref idref="oc-141"/>
      </symbol>
      <symbol id="sm-73a">
         <name>_logf</name>
         <value>0xbbf8</value>
         <object_component_ref idref="oc-183"/>
      </symbol>
      <symbol id="sm-73b">
         <name>_log</name>
         <value>0xbbf8</value>
         <object_component_ref idref="oc-183"/>
      </symbol>
      <symbol id="sm-745">
         <name>_errno</name>
         <value>0xcab3</value>
         <object_component_ref idref="oc-14e"/>
      </symbol>
      <symbol id="sm-756">
         <name>_memcpy</name>
         <value>0xc36a</value>
         <object_component_ref idref="oc-173"/>
      </symbol>
      <symbol id="sm-7ad">
         <name>_powf</name>
         <value>0xad5c</value>
         <object_component_ref idref="oc-185"/>
      </symbol>
      <symbol id="sm-7ae">
         <name>_pow</name>
         <value>0xad5c</value>
         <object_component_ref idref="oc-185"/>
      </symbol>
      <symbol id="sm-7c5">
         <name>_scalbn</name>
         <value>0xbfd5</value>
         <object_component_ref idref="oc-19a"/>
      </symbol>
      <symbol id="sm-7c6">
         <name>_ldexp</name>
         <value>0xbfd5</value>
         <object_component_ref idref="oc-19a"/>
      </symbol>
      <symbol id="sm-7c7">
         <name>_scalbnf</name>
         <value>0xbfd5</value>
         <object_component_ref idref="oc-19a"/>
      </symbol>
      <symbol id="sm-7c8">
         <name>_ldexpf</name>
         <value>0xbfd5</value>
         <object_component_ref idref="oc-19a"/>
      </symbol>
      <symbol id="sm-7d4">
         <name>_copysignf</name>
         <value>0xc3bd</value>
         <object_component_ref idref="oc-19c"/>
      </symbol>
      <symbol id="sm-7d5">
         <name>_copysign</name>
         <value>0xc3bd</value>
         <object_component_ref idref="oc-19c"/>
      </symbol>
      <symbol id="sm-7e5">
         <name>_sqrtf</name>
         <value>0xc2e2</value>
         <object_component_ref idref="oc-196"/>
      </symbol>
      <symbol id="sm-7e6">
         <name>_sqrt</name>
         <value>0xc2e2</value>
         <object_component_ref idref="oc-196"/>
      </symbol>
   </symbol_table>
   <title>Link successful</title>
</link_info>
